Archive member included because of file (symbol)

C:/ProgramData/MATLAB/SupportPackages/R2017b/3P.instrset/arduinoide.instrset/idepkgs/packages/arduino/hardware/sam/1.6.11/variants/arduino_due_x/libsam_sam3x8e_gcc_rel.a(startup_sam3xa.o)
                              (Reset_Handler)
C:/ProgramData/MATLAB/SupportPackages/R2017b/3P.instrset/arduinoide.instrset/idepkgs/packages/arduino/hardware/sam/1.6.11/variants/arduino_due_x/libsam_sam3x8e_gcc_rel.a(uotghs.o)
                              C:/ProgramData/MATLAB/SupportPackages/R2017b/3P.instrset/arduinoide.instrset/idepkgs/packages/arduino/hardware/sam/1.6.11/variants/arduino_due_x/libsam_sam3x8e_gcc_rel.a(startup_sam3xa.o) (UOTGHS_Handler)
C:/ProgramData/MATLAB/SupportPackages/R2017b/3P.instrset/arduinoide.instrset/idepkgs/packages/arduino/hardware/sam/1.6.11/variants/arduino_due_x/libsam_sam3x8e_gcc_rel.a(pio.o)
                              wiring_digital.o (PIO_PullUp)
C:/ProgramData/MATLAB/SupportPackages/R2017b/3P.instrset/arduinoide.instrset/idepkgs/packages/arduino/hardware/sam/1.6.11/variants/arduino_due_x/libsam_sam3x8e_gcc_rel.a(pmc.o)
                              WInterrupts.o (pmc_enable_periph_clk)
C:/ProgramData/MATLAB/SupportPackages/R2017b/3P.instrset/arduinoide.instrset/idepkgs/packages/arduino/hardware/sam/1.6.11/variants/arduino_due_x/libsam_sam3x8e_gcc_rel.a(pwmc.o)
                              wiring_analog.o (PWMC_ConfigureChannel)
C:/ProgramData/MATLAB/SupportPackages/R2017b/3P.instrset/arduinoide.instrset/idepkgs/packages/arduino/hardware/sam/1.6.11/variants/arduino_due_x/libsam_sam3x8e_gcc_rel.a(spi.o)
                              SPI.o (SPI_Enable)
C:/ProgramData/MATLAB/SupportPackages/R2017b/3P.instrset/arduinoide.instrset/idepkgs/packages/arduino/hardware/sam/1.6.11/variants/arduino_due_x/libsam_sam3x8e_gcc_rel.a(tc.o)
                              wiring_analog.o (TC_Configure)
C:/ProgramData/MATLAB/SupportPackages/R2017b/3P.instrset/arduinoide.instrset/idepkgs/packages/arduino/hardware/sam/1.6.11/variants/arduino_due_x/libsam_sam3x8e_gcc_rel.a(timetick.o)
                              cortex_handlers.o (TimeTick_Increment)
C:/ProgramData/MATLAB/SupportPackages/R2017b/3P.instrset/arduinoide.instrset/idepkgs/packages/arduino/hardware/sam/1.6.11/variants/arduino_due_x/libsam_sam3x8e_gcc_rel.a(wdt.o)
                              watchdog.o (WDT_Enable)
C:/ProgramData/MATLAB/SupportPackages/R2017b/3P.instrset/arduinoide.instrset/idepkgs/packages/arduino/hardware/sam/1.6.11/variants/arduino_due_x/libsam_sam3x8e_gcc_rel.a(system_sam3xa.o)
                              variant.o (SystemInit)
C:/ProgramData/MATLAB/SupportPackages/R2017b/3P.instrset/arduinoide.instrset/idepkgs/packages/arduino/hardware/sam/1.6.11/variants/arduino_due_x/libsam_sam3x8e_gcc_rel.a(adc.o)
                              variant.o (adc_init)
C:/ProgramData/MATLAB/SupportPackages/R2017b/3P.instrset/arduinoide.instrset/idepkgs/packages/arduino/hardware/sam/1.6.11/variants/arduino_due_x/libsam_sam3x8e_gcc_rel.a(interrupt_sam_nvic.o)
                              USBCore.o (g_interrupt_enabled)
C:/ProgramData/MATLAB/SupportPackages/R2017b/3P.instrset/arduinoide.instrset/idepkgs/packages/arduino/hardware/sam/1.6.11/variants/arduino_due_x/libsam_sam3x8e_gcc_rel.a(uotghs_device.o)
                              USBCore.o (UDD_SetStack)
C:/ProgramData/MATLAB/SupportPackages/R2017b/3P.instrset/arduinoide.instrset/idepkgs/packages/arduino/hardware/sam/1.6.11/variants/arduino_due_x/libsam_sam3x8e_gcc_rel.a(dacc.o)
                              wiring_analog.o (dacc_reset)
c:/programdata/matlab/supportpackages/r2017b/3p.instrset/arduinoide.instrset/idepkgs/packages/arduino/tools/arm-none-eabi-gcc/4.8.3-2014q1/bin/../lib/gcc/arm-none-eabi/4.8.3/../../../../arm-none-eabi/lib/armv7-m\libm.a(lib_a-s_floor.o)
                              arduinomega2560_wifiudpsend.o (floor)
c:/programdata/matlab/supportpackages/r2017b/3p.instrset/arduinoide.instrset/idepkgs/packages/arduino/tools/arm-none-eabi-gcc/4.8.3-2014q1/bin/../lib/gcc/arm-none-eabi/4.8.3/../../../../arm-none-eabi/lib/armv7-m\libm.a(lib_a-s_fpclassify.o)
                              Print.o (__fpclassifyd)
c:/programdata/matlab/supportpackages/r2017b/3p.instrset/arduinoide.instrset/idepkgs/packages/arduino/tools/arm-none-eabi-gcc/4.8.3-2014q1/bin/../lib/gcc/arm-none-eabi/4.8.3/../../../../arm-none-eabi/lib/armv7-m\libm.a(lib_a-sf_fpclassify.o)
                              ESP8266.o (__fpclassifyf)
c:/programdata/matlab/supportpackages/r2017b/3p.instrset/arduinoide.instrset/idepkgs/packages/arduino/tools/arm-none-eabi-gcc/4.8.3-2014q1/bin/../lib/gcc/arm-none-eabi/4.8.3/../../../../arm-none-eabi/lib/armv7-m\libm.a(lib_a-w_fmod.o)
                              arduinomega2560_wifiudpsend.o (fmod)
[...]
Memory Configuration

Name             Origin             Length             Attributes
rom              0x00080000         0x00080000         xr
sram0            0x20000000         0x00010000         xrw
sram1            0x20080000         0x00008000         xrw
ram              0x20070000         0x00018000         xrw
*default*        0x00000000         0xffffffff

Linker script and memory map

LOAD c:/programdata/matlab/supportpackages/r2017b/3p.instrset/arduinoide.instrset/idepkgs/packages/arduino/tools/arm-none-eabi-gcc/4.8.3-2014q1/bin/../lib/gcc/arm-none-eabi/4.8.3/armv7-m/crti.o
LOAD c:/programdata/matlab/supportpackages/r2017b/3p.instrset/arduinoide.instrset/idepkgs/packages/arduino/tools/arm-none-eabi-gcc/4.8.3-2014q1/bin/../lib/gcc/arm-none-eabi/4.8.3/armv7-m/crtbegin.o
LOAD c:/programdata/matlab/supportpackages/r2017b/3p.instrset/arduinoide.instrset/idepkgs/packages/arduino/tools/arm-none-eabi-gcc/4.8.3-2014q1/bin/../lib/gcc/arm-none-eabi/4.8.3/../../../../arm-none-eabi/lib/armv7-m/crt0.o
START GROUP
LOAD C:/ProgramData/MATLAB/SupportPackages/R2017b/3P.instrset/arduinoide.instrset/idepkgs/packages/arduino/hardware/sam/1.6.11/variants/arduino_due_x/libsam_sam3x8e_gcc_rel.a
LOAD MW_WiFiUDP.o
LOAD arduinomega2560_wifiudpsend.o
LOAD arduinomega2560_wifiudpsend_data.o
LOAD rtGetInf.o
LOAD rtGetNaN.o
LOAD rt_nonfinite.o
LOAD wiring_pulse_asm.S.o
LOAD dtostrf.o
LOAD cortex_handlers.o
LOAD hooks.o
LOAD iar_calls_sam3.o
LOAD itoa.o
LOAD syscalls_sam3.o
LOAD WInterrupts.o
LOAD wiring.o
LOAD wiring_analog.o
LOAD wiring_digital.o
LOAD wiring_shift.o
LOAD abi.o
LOAD IPAddress.o
LOAD new.o
LOAD Print.o
LOAD Reset.o
LOAD RingBuffer.o
LOAD Stream.o
LOAD UARTClass.o
LOAD USARTClass.o
LOAD CDC.o
LOAD PluggableUSB.o
LOAD USBCore.o
LOAD wiring_pulse.o
LOAD WMath.o
LOAD WString.o
LOAD watchdog.o
LOAD variant.o
LOAD MW_ArduinoHWInit.o
LOAD io_wrappers.o
LOAD arduinoARMScheduler.o
LOAD arm_cortex_m_multitasking.o
LOAD ESP8266.o
LOAD SPI.o
LOAD WiFi.o
LOAD WiFiClient.o
LOAD WiFiServer.o
LOAD WiFiUdp.o
LOAD server_drv.o
LOAD spi_drv.o
LOAD wifi_drv.o
LOAD ert_main.o
END GROUP
LOAD c:/programdata/matlab/supportpackages/r2017b/3p.instrset/arduinoide.instrset/idepkgs/packages/arduino/tools/arm-none-eabi-gcc/4.8.3-2014q1/bin/../lib/gcc/arm-none-eabi/4.8.3/../../../../arm-none-eabi/lib/armv7-m\libm.a
START GROUP
LOAD c:/programdata/matlab/supportpackages/r2017b/3p.instrset/arduinoide.instrset/idepkgs/packages/arduino/tools/arm-none-eabi-gcc/4.8.3-2014q1/bin/../lib/gcc/arm-none-eabi/4.8.3/armv7-m\libgcc.a
LOAD c:/programdata/matlab/supportpackages/r2017b/3p.instrset/arduinoide.instrset/idepkgs/packages/arduino/tools/arm-none-eabi-gcc/4.8.3-2014q1/bin/../lib/gcc/arm-none-eabi/4.8.3/../../../../arm-none-eabi/lib/armv7-m\libg.a
LOAD c:/programdata/matlab/supportpackages/r2017b/3p.instrset/arduinoide.instrset/idepkgs/packages/arduino/tools/arm-none-eabi-gcc/4.8.3-2014q1/bin/../lib/gcc/arm-none-eabi/4.8.3/../../../../arm-none-eabi/lib/armv7-m\libc.a
END GROUP
LOAD c:/programdata/matlab/supportpackages/r2017b/3p.instrset/arduinoide.instrset/idepkgs/packages/arduino/tools/arm-none-eabi-gcc/4.8.3-2014q1/bin/../lib/gcc/arm-none-eabi/4.8.3/armv7-m/crtend.o
LOAD c:/programdata/matlab/supportpackages/r2017b/3p.instrset/arduinoide.instrset/idepkgs/packages/arduino/tools/arm-none-eabi-gcc/4.8.3-2014q1/bin/../lib/gcc/arm-none-eabi/4.8.3/armv7-m/crtn.o

.text           0x00080000     0x8028
                0x00080000                . = ALIGN (0x4)
                0x00080000                _sfixed = .
 *(.vectors .vectors.*)
 .vectors       0x00080000       0xf4 C:/ProgramData/MATLAB/SupportPackages/R2017b/3P.instrset/arduinoide.instrset/idepkgs/packages/arduino/hardware/sam/1.6.11/variants/arduino_due_x/libsam_sam3x8e_gcc_rel.a(startup_sam3xa.o)
                0x00080000                exception_table
 *(.text .text.* .gnu.linkonce.t.*)
 .text          0x000800f4       0x54 c:/programdata/matlab/supportpackages/r2017b/3p.instrset/arduinoide.instrset/idepkgs/packages/arduino/tools/arm-none-eabi-gcc/4.8.3-2014q1/bin/../lib/gcc/arm-none-eabi/4.8.3/armv7-m/crtbegin.o
 .text.Reset_Handler
                0x00080148       0x78 C:/ProgramData/MATLAB/SupportPackages/R2017b/3P.instrset/arduinoide.instrset/idepkgs/packages/arduino/hardware/sam/1.6.11/variants/arduino_due_x/libsam_sam3x8e_gcc_rel.a(startup_sam3xa.o)
                0x00080148                Reset_Handler
 .text.UOTGHS_Handler
                0x000801c0       0x10 C:/ProgramData/MATLAB/SupportPackages/R2017b/3P.instrset/arduinoide.instrset/idepkgs/packages/arduino/hardware/sam/1.6.11/variants/arduino_due_x/libsam_sam3x8e_gcc_rel.a(uotghs.o)
                0x000801c0                UOTGHS_Handler
 .text._ZN7ESP8266D2Ev
                0x000801d0       0x20 MW_WiFiUDP.o
                0x000801d0                ESP8266::~ESP8266()
                0x000801d0                ESP8266::~ESP8266()
 .text.MW_WifiAndUDPBegin
                0x000801f0      0x120 MW_WiFiUDP.o
                0x000801f0                MW_WifiAndUDPBegin
 .text.MW_WifiUDPFinalWrite
                0x00080310       0x14 MW_WiFiUDP.o
                0x00080310                MW_WifiUDPFinalWrite
 .text.startup._GLOBAL__sub_I_esp8266obj
                0x00080324       0x6c MW_WiFiUDP.o
 .text.arduinomega2560_wifiudpsend_step
                0x00080390      0x110 arduinomega2560_wifiudpsend.o
                0x00080390                arduinomega2560_wifiudpsend_step
 .text.arduinomega2560_wifiudpsend_initialize
                0x000804a0       0x58 arduinomega2560_wifiudpsend.o
                0x000804a0                arduinomega2560_wifiudpsend_initialize
 .text.arduinomega2560_wifiudpsend_terminate
                0x000804f8       0x14 arduinomega2560_wifiudpsend.o
                0x000804f8                arduinomega2560_wifiudpsend_terminate
 .text.rtGetInf
                0x0008050c        0xc rtGetInf.o
                0x0008050c                rtGetInf
 .text.rtGetInfF
                0x00080518        0x6 rtGetInf.o
                0x00080518                rtGetInfF
 *fill*         0x0008051e        0x2 
 .text.rtGetMinusInf
                0x00080520        0xc rtGetInf.o
                0x00080520                rtGetMinusInf
 .text.rtGetMinusInfF
                0x0008052c        0x8 rtGetInf.o
                0x0008052c                rtGetMinusInfF
 .text.rtGetNaN
                0x00080534        0xc rtGetNaN.o
                0x00080534                rtGetNaN
 .text.rtGetNaNF
                0x00080540        0x8 rtGetNaN.o
                0x00080540                rtGetNaNF
 .text.rt_InitInfAndNaN
                0x00080548       0x54 rt_nonfinite.o
                0x00080548                rt_InitInfAndNaN
 .text.rtIsInf  0x0008059c       0x38 rt_nonfinite.o
                0x0008059c                rtIsInf
 .text.rtIsNaN  0x000805d4       0x1a rt_nonfinite.o
                0x000805d4                rtIsNaN
 .text.__halt   0x000805ee        0x2 cortex_handlers.o
                0x000805ee                DACC_Handler
                0x000805ee                DebugMon_Handler
                0x000805ee                DMAC_Handler
                0x000805ee                TRNG_Handler
                0x000805ee                HardFault_Handler
                0x000805ee                TC2_Handler
                0x000805ee                TWI1_Handler
                0x000805ee                NMI_Handler
                0x000805ee                TC7_Handler
                0x000805ee                ADC_Handler
                0x000805ee                SMC_Handler
                0x000805ee                RTT_Handler
                0x000805ee                EFC1_Handler
                0x000805ee                RTC_Handler
                0x000805ee                UsageFault_Handler
                0x000805ee                TC6_Handler
                0x000805ee                WDT_Handler
                0x000805ee                CAN0_Handler
                0x000805ee                TC4_Handler
                0x000805ee                TC1_Handler
                0x000805ee                HSMCI_Handler
                0x000805ee                TC3_Handler
                0x000805ee                TWI0_Handler
                0x000805ee                SSC_Handler
                0x000805ee                EFC0_Handler
                0x000805ee                PMC_Handler
                0x000805ee                PWM_Handler
                0x000805ee                CAN1_Handler
                0x000805ee                MemManage_Handler
                0x000805ee                SUPC_Handler
                0x000805ee                USART2_Handler
                0x000805ee                EMAC_Handler
                0x000805ee                BusFault_Handler
                0x000805ee                RSTC_Handler
                0x000805ee                TC0_Handler
                0x000805ee                TC5_Handler
                0x000805ee                SPI0_Handler
 .text.SVC_Handler
                0x000805f0        0x4 cortex_handlers.o
                0x000805f0                SVC_Handler
 .text.PendSV_Handler
                0x000805f4        0x4 cortex_handlers.o
                0x000805f4                PendSV_Handler
 .text.SysTick_Handler
                0x000805f8       0x16 cortex_handlers.o
                0x000805f8                SysTick_Handler
 .text.__false  0x0008060e        0x4 hooks.o
                0x0008060e                sysTickHook
 .text.__halt   0x00080612        0x2 hooks.o
                0x00080612                pendSVHook
 .text.ltoa     0x00080614       0x6e itoa.o
                0x00080614                ltoa
 .text.itoa     0x00080682        0x4 itoa.o
                0x00080682                itoa
 *fill*         0x00080686        0x2 
 .text._sbrk    0x00080688       0x1c syscalls_sam3.o
                0x00080688                _sbrk
 .text._close   0x000806a4        0x6 syscalls_sam3.o
                0x000806a4                _close
 .text._fstat   0x000806aa        0xa syscalls_sam3.o
                0x000806aa                _fstat
 .text._isatty  0x000806b4        0x4 syscalls_sam3.o
                0x000806b4                _isatty
 .text._lseek   0x000806b8        0x4 syscalls_sam3.o
                0x000806b8                _lseek
 .text._read    0x000806bc        0x4 syscalls_sam3.o
                0x000806bc                _read
 .text._write   0x000806c0       0x24 syscalls_sam3.o
                0x000806c0                _write
 .text._exit    0x000806e4       0x10 syscalls_sam3.o
                0x000806e4                _exit
 .text._kill    0x000806f4        0x2 syscalls_sam3.o
                0x000806f4                _kill
 .text._getpid  0x000806f6        0x6 syscalls_sam3.o
                0x000806f6                _getpid
 .text.PIOA_Handler
                0x000806fc       0x38 WInterrupts.o
                0x000806fc                PIOA_Handler
 .text.PIOB_Handler
                0x00080734       0x38 WInterrupts.o
                0x00080734                PIOB_Handler
 .text.PIOC_Handler
                0x0008076c       0x38 WInterrupts.o
                0x0008076c                PIOC_Handler
 .text.PIOD_Handler
                0x000807a4       0x38 WInterrupts.o
                0x000807a4                PIOD_Handler
 .text.millis   0x000807dc        0x4 wiring.o
                0x000807dc                millis
 .text.analogOutputInit
                0x000807e0        0x2 wiring_analog.o
                0x000807e0                analogOutputInit
 *fill*         0x000807e2        0x2 
 .text.pinMode  0x000807e4      0x108 wiring_digital.o
                0x000807e4                pinMode
 .text.digitalWrite
                0x000808ec       0x70 wiring_digital.o
                0x000808ec                digitalWrite
 .text._ZNK9IPAddress7printToER5Print
                0x0008095c       0x3c IPAddress.o
                0x0008095c                IPAddress::printTo(Print&) const
 .text._ZN9IPAddressC2Ev
                0x00080998       0x10 IPAddress.o
                0x00080998                IPAddress::IPAddress()
                0x00080998                IPAddress::IPAddress()
 .text._ZN9IPAddressC2Ehhhh
                0x000809a8       0x18 IPAddress.o
                0x000809a8                IPAddress::IPAddress(unsigned char, unsigned char, unsigned char, unsigned char)
                0x000809a8                IPAddress::IPAddress(unsigned char, unsigned char, unsigned char, unsigned char)
 .text.startup._GLOBAL__sub_I__ZN9IPAddressC2Ev
                0x000809c0       0x1c IPAddress.o
 .text._ZN5Print5writeEPKhj
                0x000809dc       0x22 Print.o
                0x000809dc                Print::write(unsigned char const*, unsigned int)
 .text._ZN5Print5printEmi.part.3
                0x000809fe        0xc Print.o
 .text._ZN5Print5writeEPKc
                0x00080a0a       0x1e Print.o
                0x00080a0a                Print::write(char const*)
 .text._ZN5Print5printEPKc
                0x00080a28        0x8 Print.o
                0x00080a28                Print::print(char const*)
 .text._ZN5Print5printEc
                0x00080a30        0xa Print.o
                0x00080a30                Print::print(char)
 .text._ZN5Print5printERK9Printable
                0x00080a3a       0x10 Print.o
                0x00080a3a                Print::print(Printable const&)
 *fill*         0x00080a4a        0x2 
 .text._ZN5Print7printlnEv
                0x00080a4c       0x10 Print.o
                0x00080a4c                Print::println()
 .text._ZN5Print7printlnEPKc
                0x00080a5c       0x14 Print.o
                0x00080a5c                Print::println(char const*)
 .text._ZN5Print11printNumberEmh
                0x00080a70       0x3e Print.o
                0x00080a70                Print::printNumber(unsigned long, unsigned char)
 .text._ZN5Print5printEli
                0x00080aae       0x3c Print.o
                0x00080aae                Print::print(long, int)
 .text._ZN5Print5printEii
                0x00080aea        0x4 Print.o
                0x00080aea                Print::print(int, int)
 .text._ZN5Print5printEmi
                0x00080aee        0xc Print.o
                0x00080aee                Print::print(unsigned long, int)
 .text._ZN5Print5printEhi
                0x00080afa        0x4 Print.o
                0x00080afa                Print::print(unsigned char, int)
 *fill*         0x00080afe        0x2 
 .text.initiateReset
                0x00080b00        0xc Reset.o
                0x00080b00                initiateReset
 .text.cancelReset
                0x00080b0c       0x10 Reset.o
                0x00080b0c                cancelReset
 .text.tickReset
                0x00080b1c       0x20 Reset.o
                0x00080b1c                tickReset
 .text._ZN10RingBufferC2Ev
                0x00080b3c       0x1a RingBuffer.o
                0x00080b3c                RingBuffer::RingBuffer()
                0x00080b3c                RingBuffer::RingBuffer()
 .text._ZN10RingBuffer10store_charEh
                0x00080b56       0x1e RingBuffer.o
                0x00080b56                RingBuffer::store_char(unsigned char)
 .text._ZN9UARTClasscvbEv
                0x00080b74        0x4 UARTClass.o
                0x00080b74                UARTClass::operator bool()
 .text._ZN9UARTClass9availableEv
                0x00080b78       0x12 UARTClass.o
                0x00080b78                UARTClass::available()
 .text._ZN9UARTClass4peekEv
                0x00080b8a       0x1c UARTClass.o
                0x00080b8a                UARTClass::peek()
 .text._ZN9UARTClass4readEv
                0x00080ba6       0x2a UARTClass.o
                0x00080ba6                UARTClass::read()
 .text._ZN9UARTClass5flushEv
                0x00080bd0       0x18 UARTClass.o
                0x00080bd0                UARTClass::flush()
 .text._ZN9UARTClass5writeEh
                0x00080be8       0x54 UARTClass.o
                0x00080be8                UARTClass::write(unsigned char)
 .text._ZN9UARTClass3endEv
                0x00080c3c       0x3c UARTClass.o
                0x00080c3c                UARTClass::end()
 .text._ZN9UARTClassC2EP4Uart4IRQnmP10RingBufferS4_
                0x00080c78       0x24 UARTClass.o
                0x00080c78                UARTClass::UARTClass(Uart*, IRQn, unsigned long, RingBuffer*, RingBuffer*)
                0x00080c78                UARTClass::UARTClass(Uart*, IRQn, unsigned long, RingBuffer*, RingBuffer*)
 .text._ZN9UARTClass4initEmm
                0x00080c9c       0x70 UARTClass.o
                0x00080c9c                UARTClass::init(unsigned long, unsigned long)
 .text._ZN9UARTClass5beginEm
                0x00080d0c        0x8 UARTClass.o
                0x00080d0c                UARTClass::begin(unsigned long)
 .text._ZN9UARTClass10IrqHandlerEv
                0x00080d14       0x5a UARTClass.o
                0x00080d14                UARTClass::IrqHandler()
 .text._ZN10USARTClass5beginEm
                0x00080d6e        0x8 USARTClass.o
                0x00080d6e                USARTClass::begin(unsigned long)
 *fill*         0x00080d76        0x2 
 .text._ZN10USARTClassC2EP5Usart4IRQnmP10RingBufferS4_
                0x00080d78       0x24 USARTClass.o
                0x00080d78                USARTClass::USARTClass(Usart*, IRQn, unsigned long, RingBuffer*, RingBuffer*)
                0x00080d78                USARTClass::USARTClass(Usart*, IRQn, unsigned long, RingBuffer*, RingBuffer*)
 .text._ZN7Serial_9availableEv
                0x00080d9c       0x18 CDC.o
                0x00080d9c                Serial_::available()
 .text._ZN7Serial_17availableForWriteEv
                0x00080db4        0x6 CDC.o
                0x00080db4                Serial_::availableForWrite()
 *fill*         0x00080dba        0x2 
 .text._ZN7Serial_4peekEv
                0x00080dbc       0x20 CDC.o
                0x00080dbc                Serial_::peek()
 .text._ZN7Serial_5writeEh
                0x00080ddc       0x16 CDC.o
                0x00080ddc                Serial_::write(unsigned char)
 *fill*         0x00080df2        0x2 
 .text._ZN7Serial_4readEv
                0x00080df4       0x44 CDC.o
                0x00080df4                Serial_::read()
 .text._ZN7Serial_5flushEv
                0x00080e38        0x6 CDC.o
                0x00080e38                Serial_::flush()
 *fill*         0x00080e3e        0x2 
 .text._ZN7Serial_6acceptEv
                0x00080e40       0x70 CDC.o
                0x00080e40                Serial_::accept()
 .text._ZN7Serial_5writeEPKhj
                0x00080eb0       0x2c CDC.o
                0x00080eb0                Serial_::write(unsigned char const*, unsigned int)
 .text._Z16CDC_GetInterfacePh
                0x00080edc       0x14 CDC.o
                0x00080edc                CDC_GetInterface(unsigned char*)
 .text._Z21CDC_GetOtherInterfacePh
                0x00080ef0       0x14 CDC.o
                0x00080ef0                CDC_GetOtherInterface(unsigned char*)
 .text._Z9CDC_SetupR8USBSetup
                0x00080f04       0x78 CDC.o
                0x00080f04                CDC_Setup(USBSetup&)
 .text.startup._GLOBAL__sub_I_cdc_rx_buffer
                0x00080f7c       0x1c CDC.o
 .text._ZN13PluggableUSB_12getInterfaceEPh
                0x00080f98       0x28 PluggableUSB.o
                0x00080f98                PluggableUSB_::getInterface(unsigned char*)
 .text._ZN13PluggableUSB_13getDescriptorER8USBSetup
                0x00080fc0       0x1c PluggableUSB.o
                0x00080fc0                PluggableUSB_::getDescriptor(USBSetup&)
 .text._ZN13PluggableUSB_12getShortNameEPc
                0x00080fdc       0x1c PluggableUSB.o
                0x00080fdc                PluggableUSB_::getShortName(char*)
 .text._ZN13PluggableUSB_5setupER8USBSetup
                0x00080ff8       0x20 PluggableUSB.o
                0x00080ff8                PluggableUSB_::setup(USBSetup&)
 .text._Z12PluggableUSBv
                0x00081018       0x28 PluggableUSB.o
                0x00081018                PluggableUSB()
 .text.unlikely._ZL11USB_SendZlpv
                0x00081040       0x20 USBCore.o
 .text._Z14USBD_Availablem
                0x00081060       0x2c USBCore.o
                0x00081060                USBD_Available(unsigned long)
 .text._Z9USBD_RecvmPvm
                0x0008108c       0x7c USBCore.o
                0x0008108c                USBD_Recv(unsigned long, void*, unsigned long)
 .text._Z9USBD_Recvm
                0x00081108       0x22 USBCore.o
                0x00081108                USBD_Recv(unsigned long)
 *fill*         0x0008112a        0x2 
 .text._Z9USBD_SendmPKvm
                0x0008112c       0x4c USBCore.o
                0x0008112c                USBD_Send(unsigned long, void const*, unsigned long)
 .text._Z16USBD_SendControlhPKvm
                0x00081178       0x40 USBCore.o
                0x00081178                USBD_SendControl(unsigned char, void const*, unsigned long)
 .text.unlikely._ZL24USB_SendStringDescriptorPKhi
                0x000811b8       0x64 USBCore.o
 .text._Z16USBD_RecvControlPvm
                0x0008121c       0x1c USBCore.o
                0x0008121c                USBD_RecvControl(void*, unsigned long)
 .text._Z26USBD_ClassInterfaceRequestR8USBSetup
                0x00081238       0x1e USBCore.o
                0x00081238                USBD_ClassInterfaceRequest(USBSetup&)
 .text._Z19USBD_SendInterfacesv
                0x00081256       0x22 USBCore.o
                0x00081256                USBD_SendInterfaces()
 .text._Z24USBD_SendOtherInterfacesv
                0x00081278       0x22 USBCore.o
                0x00081278                USBD_SendOtherInterfaces()
 .text._Z10USBD_Flushm
                0x0008129a       0x16 USBCore.o
                0x0008129a                USBD_Flush(unsigned long)
 .text._ZN10USBDevice_C2Ev
                0x000812b0       0x24 USBCore.o
                0x000812b0                USBDevice_::USBDevice_()
                0x000812b0                USBDevice_::USBDevice_()
 .text.startup._GLOBAL__sub_I_EndPoints
                0x000812d4        0xc USBCore.o
 .text._ZL7USB_ISRv
                0x000812e0      0x454 USBCore.o
 .text._ZN6StringD2Ev
                0x00081734        0xe WString.o
                0x00081734                String::~String()
                0x00081734                String::~String()
 .text._ZN6String10invalidateEv
                0x00081742       0x16 WString.o
                0x00081742                String::invalidate()
 .text._ZN6String12changeBufferEj
                0x00081758       0x18 WString.o
                0x00081758                String::changeBuffer(unsigned int)
 .text._ZN6String7reserveEj
                0x00081770       0x22 WString.o
                0x00081770                String::reserve(unsigned int)
 .text._ZN6String4copyEPKcj
                0x00081792       0x26 WString.o
                0x00081792                String::copy(char const*, unsigned int)
 .text._ZN6StringC2EPKc
                0x000817b8       0x24 WString.o
                0x000817b8                String::String(char const*)
                0x000817b8                String::String(char const*)
 .text._Z15watchdogDisablev
                0x000817dc        0xc watchdog.o
                0x000817dc                watchdogDisable()
 .text.UART_Handler
                0x000817e8        0xc variant.o
                0x000817e8                UART_Handler
 .text.USART0_Handler
                0x000817f4        0xc variant.o
                0x000817f4                USART0_Handler
 .text.USART1_Handler
                0x00081800        0xc variant.o
                0x00081800                USART1_Handler
 .text.USART3_Handler
                0x0008180c        0xc variant.o
                0x0008180c                USART3_Handler
 .text.init     0x00081818      0x128 variant.o
                0x00081818                init
 .text.startup._GLOBAL__sub_I_g_APinDescription
                0x00081940       0xd4 variant.o
 .text.MW_Arduino_Init
                0x00081a14       0x14 MW_ArduinoHWInit.o
                0x00081a14                MW_Arduino_Init
 .text.Serial_begin
                0x00081a28       0x34 io_wrappers.o
                0x00081a28                Serial_begin
 .text._ZL13Scheduler_Isrv
                0x00081a5c       0x14 arduinoARMScheduler.o
 .text.TC8_Handler
                0x00081a70       0x1c arduinoARMScheduler.o
                0x00081a70                TC8_Handler
 .text.Setup_SchedulerTimer
                0x00081a8c       0x84 arduinoARMScheduler.o
                0x00081a8c                Setup_SchedulerTimer
 .text.configureArduinoARMTimer
                0x00081b10       0x24 arduinoARMScheduler.o
                0x00081b10                configureArduinoARMTimer
 .text.MW_Arduino_Loop
                0x00081b34        0x4 arduinoARMScheduler.o
                0x00081b34                MW_Arduino_Loop
 .text.arm_cortex_m_call_thread_with_context_switch
                0x00081b38       0x34 arm_cortex_m_multitasking.o
                0x00081b38                arm_cortex_m_call_thread_with_context_switch
 .text.svcHook  0x00081b6c       0x2c arm_cortex_m_multitasking.o
                0x00081b6c                svcHook
 .text._ZN7ESP826621setHardwareSerialPortEh
                0x00081b98        0x8 ESP8266.o
                0x00081b98                ESP8266::setHardwareSerialPort(unsigned char)
 .text._ZN7ESP82668addDelayEm
                0x00081ba0       0x16 ESP8266.o
                0x00081ba0                ESP8266::addDelay(unsigned long)
 .text._ZN7ESP826615clearTempBufferEv
                0x00081bb6        0xa ESP8266.o
                0x00081bb6                ESP8266::clearTempBuffer()
 .text._ZN7ESP826615getChipResponseEm
                0x00081bc0       0x50 ESP8266.o
                0x00081bc0                ESP8266::getChipResponse(unsigned long)
 .text._ZN7ESP826616searchTempBufferEPKc
                0x00081c10       0x10 ESP8266.o
                0x00081c10                ESP8266::searchTempBuffer(char const*)
 .text._ZN7ESP826616readChipResponseEmPKc
                0x00081c20       0x58 ESP8266.o
                0x00081c20                ESP8266::readChipResponse(unsigned long, char const*)
 .text._ZN7ESP826613connectToWifiEPKcS1_
                0x00081c78       0x94 ESP8266.o
                0x00081c78                ESP8266::connectToWifi(char const*, char const*)
 .text._ZN7ESP826611setStaticIPE9IPAddress
                0x00081d0c       0xa0 ESP8266.o
                0x00081d0c                ESP8266::setStaticIP(IPAddress)
 .text._ZN7ESP82669tcpipSendEPht
                0x00081dac       0x80 ESP8266.o
                0x00081dac                ESP8266::tcpipSend(unsigned char*, unsigned short)
 .text._ZN7ESP826613sendATCommandEPKcN2AT11CommandTypeES1_
                0x00081e2c       0x54 ESP8266.o
                0x00081e2c                ESP8266::sendATCommand(char const*, AT::CommandType, char const*)
 .text._ZN7ESP826612getIpAddressEv
                0x00081e80       0x9c ESP8266.o
                0x00081e80                ESP8266::getIpAddress()
 .text._ZN7ESP82669resetChipEv
                0x00081f1c       0x34 ESP8266.o
                0x00081f1c                ESP8266::resetChip()
 .text._ZN7ESP82667setModeEN7EspWiFi8WifiModeE
                0x00081f50       0x3c ESP8266.o
                0x00081f50                ESP8266::setMode(EspWiFi::WifiMode)
 .text._ZN7ESP82666setMuxEb
                0x00081f8c       0x38 ESP8266.o
                0x00081f8c                ESP8266::setMux(bool)
 .text._ZN7ESP826620testSerialConnectionEv
                0x00081fc4       0x2c ESP8266.o
                0x00081fc4                ESP8266::testSerialConnection()
 .text._ZN7ESP826620startTcpIpConnectionEv
                0x00081ff0       0xec ESP8266.o
                0x00081ff0                ESP8266::startTcpIpConnection()
 .text._ZN7ESP826614startTcpServerEv
                0x000820dc       0x4c ESP8266.o
                0x000820dc                ESP8266::startTcpServer()
 .text._ZN7ESP826618setTcpIpConnectionEN7EspWiFi19TcpipConnectionTypeEb9IPAddressttb
                0x00082128       0x62 ESP8266.o
                0x00082128                ESP8266::setTcpIpConnection(EspWiFi::TcpipConnectionType, bool, IPAddress, unsigned short, unsigned short, bool)
 *fill*         0x0008218a        0x2 
 .text.startup._GLOBAL__sub_I__ZN7ESP826611beginSerialEv
                0x0008218c       0x1c ESP8266.o
 .text._ZN7ESP826611beginSerialEv
                0x000821a8       0x4c ESP8266.o
                0x000821a8                ESP8266::beginSerial()
 .text._ZL10SPI_0_Initv
                0x000821f4       0x48 SPI.o
 .text.startup._GLOBAL__sub_I__ZN8SPIClassC2EP3SpimPFvvE
                0x0008223c       0x24 SPI.o
 .text.startup._GLOBAL__sub_I__ZN9WiFiClass6_stateE
                0x00082260       0x1c WiFi.o
 .text.startup._GLOBAL__sub_I__ZN10WiFiClient8_srcportE
                0x0008227c       0x1c WiFiClient.o
 .text.startup._GLOBAL__sub_I__ZN10WiFiServerC2Et
                0x00082298       0x1c WiFiServer.o
 .text.startup._GLOBAL__sub_I__ZN7WiFiUDPC2Ev
                0x000822b4       0x1c WiFiUdp.o
 .text.startup._GLOBAL__sub_I__ZN7WiFiDrv12_networkSsidE
                0x000822d0       0x1c wifi_drv.o
 .text.rt_OneStep
                0x000822ec       0x30 ert_main.o
                0x000822ec                rt_OneStep
 .text.startup.main
                0x0008231c       0x84 ert_main.o
                0x0008231c                main
 .text.PIO_PullUp
                0x000823a0        0xa C:/ProgramData/MATLAB/SupportPackages/R2017b/3P.instrset/arduinoide.instrset/idepkgs/packages/arduino/hardware/sam/1.6.11/variants/arduino_due_x/libsam_sam3x8e_gcc_rel.a(pio.o)
                0x000823a0                PIO_PullUp
 .text.PIO_SetPeripheral
                0x000823aa       0x26 C:/ProgramData/MATLAB/SupportPackages/R2017b/3P.instrset/arduinoide.instrset/idepkgs/packages/arduino/hardware/sam/1.6.11/variants/arduino_due_x/libsam_sam3x8e_gcc_rel.a(pio.o)
                0x000823aa                PIO_SetPeripheral
 .text.PIO_SetInput
                0x000823d0       0x26 C:/ProgramData/MATLAB/SupportPackages/R2017b/3P.instrset/arduinoide.instrset/idepkgs/packages/arduino/hardware/sam/1.6.11/variants/arduino_due_x/libsam_sam3x8e_gcc_rel.a(pio.o)
                0x000823d0                PIO_SetInput
 .text.PIO_SetOutput
                0x000823f6       0x24 C:/ProgramData/MATLAB/SupportPackages/R2017b/3P.instrset/arduinoide.instrset/idepkgs/packages/arduino/hardware/sam/1.6.11/variants/arduino_due_x/libsam_sam3x8e_gcc_rel.a(pio.o)
                0x000823f6                PIO_SetOutput
 *fill*         0x0008241a        0x2 
 .text.PIO_Configure
                0x0008241c       0x64 C:/ProgramData/MATLAB/SupportPackages/R2017b/3P.instrset/arduinoide.instrset/idepkgs/packages/arduino/hardware/sam/1.6.11/variants/arduino_due_x/libsam_sam3x8e_gcc_rel.a(pio.o)
                0x0008241c                PIO_Configure
 .text.PIO_GetOutputDataStatus
                0x00082480       0x14 C:/ProgramData/MATLAB/SupportPackages/R2017b/3P.instrset/arduinoide.instrset/idepkgs/packages/arduino/hardware/sam/1.6.11/variants/arduino_due_x/libsam_sam3x8e_gcc_rel.a(pio.o)
                0x00082480                PIO_GetOutputDataStatus
 .text.pmc_enable_upll_clock
                0x00082494       0x14 C:/ProgramData/MATLAB/SupportPackages/R2017b/3P.instrset/arduinoide.instrset/idepkgs/packages/arduino/hardware/sam/1.6.11/variants/arduino_due_x/libsam_sam3x8e_gcc_rel.a(pmc.o)
                0x00082494                pmc_enable_upll_clock
 .text.pmc_enable_periph_clk
                0x000824a8       0x44 C:/ProgramData/MATLAB/SupportPackages/R2017b/3P.instrset/arduinoide.instrset/idepkgs/packages/arduino/hardware/sam/1.6.11/variants/arduino_due_x/libsam_sam3x8e_gcc_rel.a(pmc.o)
                0x000824a8                pmc_enable_periph_clk
 .text.pmc_disable_periph_clk
                0x000824ec       0x40 C:/ProgramData/MATLAB/SupportPackages/R2017b/3P.instrset/arduinoide.instrset/idepkgs/packages/arduino/hardware/sam/1.6.11/variants/arduino_due_x/libsam_sam3x8e_gcc_rel.a(pmc.o)
                0x000824ec                pmc_disable_periph_clk
 .text.pmc_switch_udpck_to_upllck
                0x0008252c       0x14 C:/ProgramData/MATLAB/SupportPackages/R2017b/3P.instrset/arduinoide.instrset/idepkgs/packages/arduino/hardware/sam/1.6.11/variants/arduino_due_x/libsam_sam3x8e_gcc_rel.a(pmc.o)
                0x0008252c                pmc_switch_udpck_to_upllck
 .text.pmc_enable_udpck
                0x00082540        0xc C:/ProgramData/MATLAB/SupportPackages/R2017b/3P.instrset/arduinoide.instrset/idepkgs/packages/arduino/hardware/sam/1.6.11/variants/arduino_due_x/libsam_sam3x8e_gcc_rel.a(pmc.o)
                0x00082540                pmc_enable_udpck
 .text.pmc_set_writeprotect
                0x0008254c       0x1c C:/ProgramData/MATLAB/SupportPackages/R2017b/3P.instrset/arduinoide.instrset/idepkgs/packages/arduino/hardware/sam/1.6.11/variants/arduino_due_x/libsam_sam3x8e_gcc_rel.a(pmc.o)
                0x0008254c                pmc_set_writeprotect
 .text.TC_Configure
                0x00082568       0x38 C:/ProgramData/MATLAB/SupportPackages/R2017b/3P.instrset/arduinoide.instrset/idepkgs/packages/arduino/hardware/sam/1.6.11/variants/arduino_due_x/libsam_sam3x8e_gcc_rel.a(tc.o)
                0x00082568                TC_Configure
 .text.TC_Start
                0x000825a0       0x2c C:/ProgramData/MATLAB/SupportPackages/R2017b/3P.instrset/arduinoide.instrset/idepkgs/packages/arduino/hardware/sam/1.6.11/variants/arduino_due_x/libsam_sam3x8e_gcc_rel.a(tc.o)
                0x000825a0                TC_Start
 .text.TC_GetStatus
                0x000825cc        0x8 C:/ProgramData/MATLAB/SupportPackages/R2017b/3P.instrset/arduinoide.instrset/idepkgs/packages/arduino/hardware/sam/1.6.11/variants/arduino_due_x/libsam_sam3x8e_gcc_rel.a(tc.o)
                0x000825cc                TC_GetStatus
 .text.TC_SetRC
                0x000825d4        0x8 C:/ProgramData/MATLAB/SupportPackages/R2017b/3P.instrset/arduinoide.instrset/idepkgs/packages/arduino/hardware/sam/1.6.11/variants/arduino_due_x/libsam_sam3x8e_gcc_rel.a(tc.o)
                0x000825d4                TC_SetRC
 .text.TimeTick_Increment
                0x000825dc       0x10 C:/ProgramData/MATLAB/SupportPackages/R2017b/3P.instrset/arduinoide.instrset/idepkgs/packages/arduino/hardware/sam/1.6.11/variants/arduino_due_x/libsam_sam3x8e_gcc_rel.a(timetick.o)
                0x000825dc                TimeTick_Increment
 .text.GetTickCount
                0x000825ec        0xc C:/ProgramData/MATLAB/SupportPackages/R2017b/3P.instrset/arduinoide.instrset/idepkgs/packages/arduino/hardware/sam/1.6.11/variants/arduino_due_x/libsam_sam3x8e_gcc_rel.a(timetick.o)
                0x000825ec                GetTickCount
 .text.WDT_Disable
                0x000825f8        0x8 C:/ProgramData/MATLAB/SupportPackages/R2017b/3P.instrset/arduinoide.instrset/idepkgs/packages/arduino/hardware/sam/1.6.11/variants/arduino_due_x/libsam_sam3x8e_gcc_rel.a(wdt.o)
                0x000825f8                WDT_Disable
 .text.SystemInit
                0x00082600       0x88 C:/ProgramData/MATLAB/SupportPackages/R2017b/3P.instrset/arduinoide.instrset/idepkgs/packages/arduino/hardware/sam/1.6.11/variants/arduino_due_x/libsam_sam3x8e_gcc_rel.a(system_sam3xa.o)
                0x00082600                SystemInit
 .text.adc_init
                0x00082688       0x98 C:/ProgramData/MATLAB/SupportPackages/R2017b/3P.instrset/arduinoide.instrset/idepkgs/packages/arduino/hardware/sam/1.6.11/variants/arduino_due_x/libsam_sam3x8e_gcc_rel.a(adc.o)
                0x00082688                adc_init
 .text.adc_configure_trigger
                0x00082720        0xe C:/ProgramData/MATLAB/SupportPackages/R2017b/3P.instrset/arduinoide.instrset/idepkgs/packages/arduino/hardware/sam/1.6.11/variants/arduino_due_x/libsam_sam3x8e_gcc_rel.a(adc.o)
                0x00082720                adc_configure_trigger
 .text.adc_configure_timing
                0x0008272e       0x1a C:/ProgramData/MATLAB/SupportPackages/R2017b/3P.instrset/arduinoide.instrset/idepkgs/packages/arduino/hardware/sam/1.6.11/variants/arduino_due_x/libsam_sam3x8e_gcc_rel.a(adc.o)
                0x0008272e                adc_configure_timing
 .text.adc_disable_channel
                0x00082748        0xa C:/ProgramData/MATLAB/SupportPackages/R2017b/3P.instrset/arduinoide.instrset/idepkgs/packages/arduino/hardware/sam/1.6.11/variants/arduino_due_x/libsam_sam3x8e_gcc_rel.a(adc.o)
                0x00082748                adc_disable_channel
 .text.adc_disable_all_channel
                0x00082752        0x8 C:/ProgramData/MATLAB/SupportPackages/R2017b/3P.instrset/arduinoide.instrset/idepkgs/packages/arduino/hardware/sam/1.6.11/variants/arduino_due_x/libsam_sam3x8e_gcc_rel.a(adc.o)
                0x00082752                adc_disable_all_channel
 .text.adc_disable_interrupt
                0x0008275a        0x4 C:/ProgramData/MATLAB/SupportPackages/R2017b/3P.instrset/arduinoide.instrset/idepkgs/packages/arduino/hardware/sam/1.6.11/variants/arduino_due_x/libsam_sam3x8e_gcc_rel.a(adc.o)
                0x0008275a                adc_disable_interrupt
 *fill*         0x0008275e        0x2 
 .text.UDD_SetStack
                0x00082760        0xc C:/ProgramData/MATLAB/SupportPackages/R2017b/3P.instrset/arduinoide.instrset/idepkgs/packages/arduino/hardware/sam/1.6.11/variants/arduino_due_x/libsam_sam3x8e_gcc_rel.a(uotghs_device.o)
                0x00082760                UDD_SetStack
 .text.UDD_Init
                0x0008276c       0xd0 C:/ProgramData/MATLAB/SupportPackages/R2017b/3P.instrset/arduinoide.instrset/idepkgs/packages/arduino/hardware/sam/1.6.11/variants/arduino_due_x/libsam_sam3x8e_gcc_rel.a(uotghs_device.o)
                0x0008276c                UDD_Init
 .text.UDD_InitEP
                0x0008283c       0x2c C:/ProgramData/MATLAB/SupportPackages/R2017b/3P.instrset/arduinoide.instrset/idepkgs/packages/arduino/hardware/sam/1.6.11/variants/arduino_due_x/libsam_sam3x8e_gcc_rel.a(uotghs_device.o)
                0x0008283c                UDD_InitEP
 .text.UDD_InitEndpoints
                0x00082868       0x3c C:/ProgramData/MATLAB/SupportPackages/R2017b/3P.instrset/arduinoide.instrset/idepkgs/packages/arduino/hardware/sam/1.6.11/variants/arduino_due_x/libsam_sam3x8e_gcc_rel.a(uotghs_device.o)
                0x00082868                UDD_InitEndpoints
 .text.UDD_WaitIN
                0x000828a4       0x10 C:/ProgramData/MATLAB/SupportPackages/R2017b/3P.instrset/arduinoide.instrset/idepkgs/packages/arduino/hardware/sam/1.6.11/variants/arduino_due_x/libsam_sam3x8e_gcc_rel.a(uotghs_device.o)
                0x000828a4                UDD_WaitIN
 .text.UDD_WaitOUT
                0x000828b4       0x10 C:/ProgramData/MATLAB/SupportPackages/R2017b/3P.instrset/arduinoide.instrset/idepkgs/packages/arduino/hardware/sam/1.6.11/variants/arduino_due_x/libsam_sam3x8e_gcc_rel.a(uotghs_device.o)
                0x000828b4                UDD_WaitOUT
 .text.UDD_ClearIN
                0x000828c4       0x18 C:/ProgramData/MATLAB/SupportPackages/R2017b/3P.instrset/arduinoide.instrset/idepkgs/packages/arduino/hardware/sam/1.6.11/variants/arduino_due_x/libsam_sam3x8e_gcc_rel.a(uotghs_device.o)
                0x000828c4                UDD_ClearIN
 .text.UDD_ClearOUT
                0x000828dc       0x18 C:/ProgramData/MATLAB/SupportPackages/R2017b/3P.instrset/arduinoide.instrset/idepkgs/packages/arduino/hardware/sam/1.6.11/variants/arduino_due_x/libsam_sam3x8e_gcc_rel.a(uotghs_device.o)
                0x000828dc                UDD_ClearOUT
 .text.UDD_ReceivedSetupInt
                0x000828f4       0x10 C:/ProgramData/MATLAB/SupportPackages/R2017b/3P.instrset/arduinoide.instrset/idepkgs/packages/arduino/hardware/sam/1.6.11/variants/arduino_due_x/libsam_sam3x8e_gcc_rel.a(uotghs_device.o)
                0x000828f4                UDD_ReceivedSetupInt
 .text.UDD_ClearSetupInt
                0x00082904       0x10 C:/ProgramData/MATLAB/SupportPackages/R2017b/3P.instrset/arduinoide.instrset/idepkgs/packages/arduino/hardware/sam/1.6.11/variants/arduino_due_x/libsam_sam3x8e_gcc_rel.a(uotghs_device.o)
                0x00082904                UDD_ClearSetupInt
 .text.UDD_Send
                0x00082914       0x88 C:/ProgramData/MATLAB/SupportPackages/R2017b/3P.instrset/arduinoide.instrset/idepkgs/packages/arduino/hardware/sam/1.6.11/variants/arduino_due_x/libsam_sam3x8e_gcc_rel.a(uotghs_device.o)
                0x00082914                UDD_Send
 .text.UDD_Send8
                0x0008299c       0x24 C:/ProgramData/MATLAB/SupportPackages/R2017b/3P.instrset/arduinoide.instrset/idepkgs/packages/arduino/hardware/sam/1.6.11/variants/arduino_due_x/libsam_sam3x8e_gcc_rel.a(uotghs_device.o)
                0x0008299c                UDD_Send8
 .text.UDD_Recv8
                0x000829c0       0x28 C:/ProgramData/MATLAB/SupportPackages/R2017b/3P.instrset/arduinoide.instrset/idepkgs/packages/arduino/hardware/sam/1.6.11/variants/arduino_due_x/libsam_sam3x8e_gcc_rel.a(uotghs_device.o)
                0x000829c0                UDD_Recv8
 .text.UDD_Recv
                0x000829e8       0x34 C:/ProgramData/MATLAB/SupportPackages/R2017b/3P.instrset/arduinoide.instrset/idepkgs/packages/arduino/hardware/sam/1.6.11/variants/arduino_due_x/libsam_sam3x8e_gcc_rel.a(uotghs_device.o)
                0x000829e8                UDD_Recv
 .text.UDD_Stall
                0x00082a1c       0x14 C:/ProgramData/MATLAB/SupportPackages/R2017b/3P.instrset/arduinoide.instrset/idepkgs/packages/arduino/hardware/sam/1.6.11/variants/arduino_due_x/libsam_sam3x8e_gcc_rel.a(uotghs_device.o)
                0x00082a1c                UDD_Stall
 .text.UDD_FifoByteCount
                0x00082a30       0x14 C:/ProgramData/MATLAB/SupportPackages/R2017b/3P.instrset/arduinoide.instrset/idepkgs/packages/arduino/hardware/sam/1.6.11/variants/arduino_due_x/libsam_sam3x8e_gcc_rel.a(uotghs_device.o)
                0x00082a30                UDD_FifoByteCount
 .text.UDD_ReleaseRX
                0x00082a44       0x28 C:/ProgramData/MATLAB/SupportPackages/R2017b/3P.instrset/arduinoide.instrset/idepkgs/packages/arduino/hardware/sam/1.6.11/variants/arduino_due_x/libsam_sam3x8e_gcc_rel.a(uotghs_device.o)
                0x00082a44                UDD_ReleaseRX
 .text.UDD_ReleaseTX
                0x00082a6c       0x28 C:/ProgramData/MATLAB/SupportPackages/R2017b/3P.instrset/arduinoide.instrset/idepkgs/packages/arduino/hardware/sam/1.6.11/variants/arduino_due_x/libsam_sam3x8e_gcc_rel.a(uotghs_device.o)
                0x00082a6c                UDD_ReleaseTX
 .text.UDD_SetAddress
                0x00082a94       0x20 C:/ProgramData/MATLAB/SupportPackages/R2017b/3P.instrset/arduinoide.instrset/idepkgs/packages/arduino/hardware/sam/1.6.11/variants/arduino_due_x/libsam_sam3x8e_gcc_rel.a(uotghs_device.o)
                0x00082a94                UDD_SetAddress
 *fill*         0x00082ab4        0x4 
 .text.floor    0x00082ab8      0x120 c:/programdata/matlab/supportpackages/r2017b/3p.instrset/arduinoide.instrset/idepkgs/packages/arduino/tools/arm-none-eabi-gcc/4.8.3-2014q1/bin/../lib/gcc/arm-none-eabi/4.8.3/../../../../arm-none-eabi/lib/armv7-m\libm.a(lib_a-s_floor.o)
                0x00082ab8                floor
 .text.__fpclassifyd
                0x00082bd8       0x50 c:/programdata/matlab/supportpackages/r2017b/3p.instrset/arduinoide.instrset/idepkgs/packages/arduino/tools/arm-none-eabi-gcc/4.8.3-2014q1/bin/../lib/gcc/arm-none-eabi/4.8.3/../../../../arm-none-eabi/lib/armv7-m\libm.a(lib_a-s_fpclassify.o)
                0x00082bd8                __fpclassifyd
 .text.fmod     0x00082c28       0xb4 c:/programdata/matlab/supportpackages/r2017b/3p.instrset/arduinoide.instrset/idepkgs/packages/arduino/tools/arm-none-eabi-gcc/4.8.3-2014q1/bin/../lib/gcc/arm-none-eabi/4.8.3/../../../../arm-none-eabi/lib/armv7-m\libm.a(lib_a-w_fmod.o)
                0x00082c28                fmod
 .text.__ieee754_fmod
                0x00082cdc      0x278 c:/programdata/matlab/supportpackages/r2017b/3p.instrset/arduinoide.instrset/idepkgs/packages/arduino/tools/arm-none-eabi-gcc/4.8.3-2014q1/bin/../lib/gcc/arm-none-eabi/4.8.3/../../../../arm-none-eabi/lib/armv7-m\libm.a(lib_a-e_fmod.o)
                0x00082cdc                __ieee754_fmod
 .text.matherr  0x00082f54        0x4 c:/programdata/matlab/supportpackages/r2017b/3p.instrset/arduinoide.instrset/idepkgs/packages/arduino/tools/arm-none-eabi-gcc/4.8.3-2014q1/bin/../lib/gcc/arm-none-eabi/4.8.3/../../../../arm-none-eabi/lib/armv7-m\libm.a(lib_a-s_matherr.o)
                0x00082f54                matherr
 .text          0x00082f58      0x370 c:/programdata/matlab/supportpackages/r2017b/3p.instrset/arduinoide.instrset/idepkgs/packages/arduino/tools/arm-none-eabi-gcc/4.8.3-2014q1/bin/../lib/gcc/arm-none-eabi/4.8.3/armv7-m\libgcc.a(_arm_addsubdf3.o)
                0x00082f58                __aeabi_drsub
                0x00082f60                __aeabi_dsub
                0x00082f60                __subdf3
                0x00082f64                __aeabi_dadd
                0x00082f64                __adddf3
                0x000831dc                __floatunsidf
                0x000831dc                __aeabi_ui2d
                0x000831fc                __floatsidf
                0x000831fc                __aeabi_i2d
                0x00083220                __aeabi_f2d
                0x00083220                __extendsfdf2
                0x0008325c                __floatundidf
                0x0008325c                __aeabi_ul2d
                0x0008326c                __floatdidf
                0x0008326c                __aeabi_l2d
 .text          0x000832c8      0x424 c:/programdata/matlab/supportpackages/r2017b/3p.instrset/arduinoide.instrset/idepkgs/packages/arduino/tools/arm-none-eabi-gcc/4.8.3-2014q1/bin/../lib/gcc/arm-none-eabi/4.8.3/armv7-m\libgcc.a(_arm_muldivdf3.o)
                0x000832c8                __aeabi_dmul
                0x000832c8                __muldf3
                0x0008351c                __divdf3
                0x0008351c                __aeabi_ddiv
 .text          0x000836ec      0x110 c:/programdata/matlab/supportpackages/r2017b/3p.instrset/arduinoide.instrset/idepkgs/packages/arduino/tools/arm-none-eabi-gcc/4.8.3-2014q1/bin/../lib/gcc/arm-none-eabi/4.8.3/armv7-m\libgcc.a(_arm_cmpdf2.o)
                0x000836ec                __gtdf2
                0x000836ec                __gedf2
                0x000836f4                __ltdf2
                0x000836f4                __ledf2
                0x000836fc                __nedf2
                0x000836fc                __eqdf2
                0x000836fc                __cmpdf2
                0x00083778                __aeabi_cdrcmple
                0x00083788                __aeabi_cdcmpeq
                0x00083788                __aeabi_cdcmple
                0x00083798                __aeabi_dcmpeq
                0x000837ac                __aeabi_dcmplt
                0x000837c0                __aeabi_dcmple
                0x000837d4                __aeabi_dcmpge
                0x000837e8                __aeabi_dcmpgt
 .text          0x000837fc       0x40 c:/programdata/matlab/supportpackages/r2017b/3p.instrset/arduinoide.instrset/idepkgs/packages/arduino/tools/arm-none-eabi-gcc/4.8.3-2014q1/bin/../lib/gcc/arm-none-eabi/4.8.3/armv7-m\libgcc.a(_arm_fixunsdfsi.o)
                0x000837fc                __aeabi_d2uiz
                0x000837fc                __fixunsdfsi
 .text.__aeabi_atexit
                0x0008383c        0xc c:/programdata/matlab/supportpackages/r2017b/3p.instrset/arduinoide.instrset/idepkgs/packages/arduino/tools/arm-none-eabi-gcc/4.8.3-2014q1/bin/../lib/gcc/arm-none-eabi/4.8.3/../../../../arm-none-eabi/lib/armv7-m\libg.a(lib_a-aeabi_atexit.o)
                0x0008383c                __aeabi_atexit
 .text.__assert_func
                0x00083848       0x3c c:/programdata/matlab/supportpackages/r2017b/3p.instrset/arduinoide.instrset/idepkgs/packages/arduino/tools/arm-none-eabi-gcc/4.8.3-2014q1/bin/../lib/gcc/arm-none-eabi/4.8.3/../../../../arm-none-eabi/lib/armv7-m\libg.a(lib_a-assert.o)
                0x00083848                __assert_func
 .text.atoi     0x00083884        0x8 c:/programdata/matlab/supportpackages/r2017b/3p.instrset/arduinoide.instrset/idepkgs/packages/arduino/tools/arm-none-eabi-gcc/4.8.3-2014q1/bin/../lib/gcc/arm-none-eabi/4.8.3/../../../../arm-none-eabi/lib/armv7-m\libg.a(lib_a-atoi.o)
                0x00083884                atoi
 .text.__cxa_atexit
                0x0008388c       0x14 c:/programdata/matlab/supportpackages/r2017b/3p.instrset/arduinoide.instrset/idepkgs/packages/arduino/tools/arm-none-eabi-gcc/4.8.3-2014q1/bin/../lib/gcc/arm-none-eabi/4.8.3/../../../../arm-none-eabi/lib/armv7-m\libg.a(lib_a-cxa_atexit.o)
                0x0008388c                __cxa_atexit
 .text.__errno  0x000838a0        0xc c:/programdata/matlab/supportpackages/r2017b/3p.instrset/arduinoide.instrset/idepkgs/packages/arduino/tools/arm-none-eabi-gcc/4.8.3-2014q1/bin/../lib/gcc/arm-none-eabi/4.8.3/../../../../arm-none-eabi/lib/armv7-m\libg.a(lib_a-errno.o)
                0x000838a0                __errno
 .text.fiprintf
                0x000838ac       0x28 c:/programdata/matlab/supportpackages/r2017b/3p.instrset/arduinoide.instrset/idepkgs/packages/arduino/tools/arm-none-eabi-gcc/4.8.3-2014q1/bin/../lib/gcc/arm-none-eabi/4.8.3/../../../../arm-none-eabi/lib/armv7-m\libg.a(lib_a-fiprintf.o)
                0x000838ac                fiprintf
 .text.__libc_init_array
                0x000838d4       0x50 c:/programdata/matlab/supportpackages/r2017b/3p.instrset/arduinoide.instrset/idepkgs/packages/arduino/tools/arm-none-eabi-gcc/4.8.3-2014q1/bin/../lib/gcc/arm-none-eabi/4.8.3/../../../../arm-none-eabi/lib/armv7-m\libg.a(lib_a-init.o)
                0x000838d4                __libc_init_array
 .text.iprintf  0x00083924       0x28 c:/programdata/matlab/supportpackages/r2017b/3p.instrset/arduinoide.instrset/idepkgs/packages/arduino/tools/arm-none-eabi-gcc/4.8.3-2014q1/bin/../lib/gcc/arm-none-eabi/4.8.3/../../../../arm-none-eabi/lib/armv7-m\libg.a(lib_a-iprintf.o)
                0x00083924                iprintf
 .text.malloc   0x0008394c       0x10 c:/programdata/matlab/supportpackages/r2017b/3p.instrset/arduinoide.instrset/idepkgs/packages/arduino/tools/arm-none-eabi-gcc/4.8.3-2014q1/bin/../lib/gcc/arm-none-eabi/4.8.3/../../../../arm-none-eabi/lib/armv7-m\libg.a(lib_a-malloc.o)
                0x0008394c                malloc
 .text.free     0x0008395c       0x10 c:/programdata/matlab/supportpackages/r2017b/3p.instrset/arduinoide.instrset/idepkgs/packages/arduino/tools/arm-none-eabi-gcc/4.8.3-2014q1/bin/../lib/gcc/arm-none-eabi/4.8.3/../../../../arm-none-eabi/lib/armv7-m\libg.a(lib_a-malloc.o)
                0x0008395c                free
 .text._malloc_r
                0x0008396c      0x538 c:/programdata/matlab/supportpackages/r2017b/3p.instrset/arduinoide.instrset/idepkgs/packages/arduino/tools/arm-none-eabi-gcc/4.8.3-2014q1/bin/../lib/gcc/arm-none-eabi/4.8.3/../../../../arm-none-eabi/lib/armv7-m\libg.a(lib_a-mallocr.o)
                0x0008396c                _malloc_r
 .text.memcmp   0x00083ea4       0x68 c:/programdata/matlab/supportpackages/r2017b/3p.instrset/arduinoide.instrset/idepkgs/packages/arduino/tools/arm-none-eabi-gcc/4.8.3-2014q1/bin/../lib/gcc/arm-none-eabi/4.8.3/../../../../arm-none-eabi/lib/armv7-m\libg.a(lib_a-memcmp.o)
                0x00083ea4                memcmp
 .text          0x00083f0c       0xec c:/programdata/matlab/supportpackages/r2017b/3p.instrset/arduinoide.instrset/idepkgs/packages/arduino/tools/arm-none-eabi-gcc/4.8.3-2014q1/bin/../lib/gcc/arm-none-eabi/4.8.3/../../../../arm-none-eabi/lib/armv7-m\libg.a(lib_a-memcpy.o)
                0x00083f0c                memcpy
 .text.memmove  0x00083ff8       0xcc c:/programdata/matlab/supportpackages/r2017b/3p.instrset/arduinoide.instrset/idepkgs/packages/arduino/tools/arm-none-eabi-gcc/4.8.3-2014q1/bin/../lib/gcc/arm-none-eabi/4.8.3/../../../../arm-none-eabi/lib/armv7-m\libg.a(lib_a-memmove.o)
                0x00083ff8                memmove
 .text.memset   0x000840c4       0x94 c:/programdata/matlab/supportpackages/r2017b/3p.instrset/arduinoide.instrset/idepkgs/packages/arduino/tools/arm-none-eabi-gcc/4.8.3-2014q1/bin/../lib/gcc/arm-none-eabi/4.8.3/../../../../arm-none-eabi/lib/armv7-m\libg.a(lib_a-memset.o)
                0x000840c4                memset
 .text.__malloc_lock
                0x00084158        0x4 c:/programdata/matlab/supportpackages/r2017b/3p.instrset/arduinoide.instrset/idepkgs/packages/arduino/tools/arm-none-eabi-gcc/4.8.3-2014q1/bin/../lib/gcc/arm-none-eabi/4.8.3/../../../../arm-none-eabi/lib/armv7-m\libg.a(lib_a-mlock.o)
                0x00084158                __malloc_lock
 .text.__malloc_unlock
                0x0008415c        0x4 c:/programdata/matlab/supportpackages/r2017b/3p.instrset/arduinoide.instrset/idepkgs/packages/arduino/tools/arm-none-eabi-gcc/4.8.3-2014q1/bin/../lib/gcc/arm-none-eabi/4.8.3/../../../../arm-none-eabi/lib/armv7-m\libg.a(lib_a-mlock.o)
                0x0008415c                __malloc_unlock
 .text.realloc  0x00084160       0x10 c:/programdata/matlab/supportpackages/r2017b/3p.instrset/arduinoide.instrset/idepkgs/packages/arduino/tools/arm-none-eabi-gcc/4.8.3-2014q1/bin/../lib/gcc/arm-none-eabi/4.8.3/../../../../arm-none-eabi/lib/armv7-m\libg.a(lib_a-realloc.o)
                0x00084160                realloc
 .text._realloc_r
                0x00084170      0x3c0 c:/programdata/matlab/supportpackages/r2017b/3p.instrset/arduinoide.instrset/idepkgs/packages/arduino/tools/arm-none-eabi-gcc/4.8.3-2014q1/bin/../lib/gcc/arm-none-eabi/4.8.3/../../../../arm-none-eabi/lib/armv7-m\libg.a(lib_a-reallocr.o)
                0x00084170                _realloc_r
 .text._sbrk_r  0x00084530       0x24 c:/programdata/matlab/supportpackages/r2017b/3p.instrset/arduinoide.instrset/idepkgs/packages/arduino/tools/arm-none-eabi-gcc/4.8.3-2014q1/bin/../lib/gcc/arm-none-eabi/4.8.3/../../../../arm-none-eabi/lib/armv7-m\libg.a(lib_a-sbrkr.o)
                0x00084530                _sbrk_r
 .text.strchr   0x00084554       0xf4 c:/programdata/matlab/supportpackages/r2017b/3p.instrset/arduinoide.instrset/idepkgs/packages/arduino/tools/arm-none-eabi-gcc/4.8.3-2014q1/bin/../lib/gcc/arm-none-eabi/4.8.3/../../../../arm-none-eabi/lib/armv7-m\libg.a(lib_a-strchr.o)
                0x00084554                strchr
 .text.strcpy   0x00084648       0xbc c:/programdata/matlab/supportpackages/r2017b/3p.instrset/arduinoide.instrset/idepkgs/packages/arduino/tools/arm-none-eabi-gcc/4.8.3-2014q1/bin/../lib/gcc/arm-none-eabi/4.8.3/../../../../arm-none-eabi/lib/armv7-m\libg.a(lib_a-strcpy.o)
                0x00084648                strcpy
 .text.strlen   0x00084704       0x60 c:/programdata/matlab/supportpackages/r2017b/3p.instrset/arduinoide.instrset/idepkgs/packages/arduino/tools/arm-none-eabi-gcc/4.8.3-2014q1/bin/../lib/gcc/arm-none-eabi/4.8.3/../../../../arm-none-eabi/lib/armv7-m\libg.a(lib_a-strlen.o)
                0x00084704                strlen
 .text.critical_factorization
                0x00084764       0xbc c:/programdata/matlab/supportpackages/r2017b/3p.instrset/arduinoide.instrset/idepkgs/packages/arduino/tools/arm-none-eabi-gcc/4.8.3-2014q1/bin/../lib/gcc/arm-none-eabi/4.8.3/../../../../arm-none-eabi/lib/armv7-m\libg.a(lib_a-strstr.o)
 .text.two_way_long_needle
                0x00084820      0x1ec c:/programdata/matlab/supportpackages/r2017b/3p.instrset/arduinoide.instrset/idepkgs/packages/arduino/tools/arm-none-eabi-gcc/4.8.3-2014q1/bin/../lib/gcc/arm-none-eabi/4.8.3/../../../../arm-none-eabi/lib/armv7-m\libg.a(lib_a-strstr.o)
 .text.strstr   0x00084a0c      0x200 c:/programdata/matlab/supportpackages/r2017b/3p.instrset/arduinoide.instrset/idepkgs/packages/arduino/tools/arm-none-eabi-gcc/4.8.3-2014q1/bin/../lib/gcc/arm-none-eabi/4.8.3/../../../../arm-none-eabi/lib/armv7-m\libg.a(lib_a-strstr.o)
                0x00084a0c                strstr
 .text.strtok   0x00084c0c       0x10 c:/programdata/matlab/supportpackages/r2017b/3p.instrset/arduinoide.instrset/idepkgs/packages/arduino/tools/arm-none-eabi-gcc/4.8.3-2014q1/bin/../lib/gcc/arm-none-eabi/4.8.3/../../../../arm-none-eabi/lib/armv7-m\libg.a(lib_a-strtok.o)
                0x00084c0c                strtok
 .text.__strtok_r
                0x00084c1c       0x64 c:/programdata/matlab/supportpackages/r2017b/3p.instrset/arduinoide.instrset/idepkgs/packages/arduino/tools/arm-none-eabi-gcc/4.8.3-2014q1/bin/../lib/gcc/arm-none-eabi/4.8.3/../../../../arm-none-eabi/lib/armv7-m\libg.a(lib_a-strtok_r.o)
                0x00084c1c                __strtok_r
 .text._strtol_r
                0x00084c80      0x114 c:/programdata/matlab/supportpackages/r2017b/3p.instrset/arduinoide.instrset/idepkgs/packages/arduino/tools/arm-none-eabi-gcc/4.8.3-2014q1/bin/../lib/gcc/arm-none-eabi/4.8.3/../../../../arm-none-eabi/lib/armv7-m\libg.a(lib_a-strtol.o)
                0x00084c80                _strtol_r
 .text.strtol   0x00084d94       0x18 c:/programdata/matlab/supportpackages/r2017b/3p.instrset/arduinoide.instrset/idepkgs/packages/arduino/tools/arm-none-eabi-gcc/4.8.3-2014q1/bin/../lib/gcc/arm-none-eabi/4.8.3/../../../../arm-none-eabi/lib/armv7-m\libg.a(lib_a-strtol.o)
                0x00084d94                strtol
 .text.__sprint_r.part.0
                0x00084dac       0x78 c:/programdata/matlab/supportpackages/r2017b/3p.instrset/arduinoide.instrset/idepkgs/packages/arduino/tools/arm-none-eabi-gcc/4.8.3-2014q1/bin/../lib/gcc/arm-none-eabi/4.8.3/../../../../arm-none-eabi/lib/armv7-m\libg.a(lib_a-vfiprintf.o)
 .text._vfiprintf_r
                0x00084e24      0xc54 c:/programdata/matlab/supportpackages/r2017b/3p.instrset/arduinoide.instrset/idepkgs/packages/arduino/tools/arm-none-eabi-gcc/4.8.3-2014q1/bin/../lib/gcc/arm-none-eabi/4.8.3/../../../../arm-none-eabi/lib/armv7-m\libg.a(lib_a-vfiprintf.o)
                0x00084e24                _vfiprintf_r
 .text.__sbprintf
                0x00085a78       0x7c c:/programdata/matlab/supportpackages/r2017b/3p.instrset/arduinoide.instrset/idepkgs/packages/arduino/tools/arm-none-eabi-gcc/4.8.3-2014q1/bin/../lib/gcc/arm-none-eabi/4.8.3/../../../../arm-none-eabi/lib/armv7-m\libg.a(lib_a-vfiprintf.o)
 .text.__swsetup_r
                0x00085af4       0xc4 c:/programdata/matlab/supportpackages/r2017b/3p.instrset/arduinoide.instrset/idepkgs/packages/arduino/tools/arm-none-eabi-gcc/4.8.3-2014q1/bin/../lib/gcc/arm-none-eabi/4.8.3/../../../../arm-none-eabi/lib/armv7-m\libg.a(lib_a-wsetup.o)
                0x00085af4                __swsetup_r
 .text.__register_exitproc
                0x00085bb8       0xa8 c:/programdata/matlab/supportpackages/r2017b/3p.instrset/arduinoide.instrset/idepkgs/packages/arduino/tools/arm-none-eabi-gcc/4.8.3-2014q1/bin/../lib/gcc/arm-none-eabi/4.8.3/../../../../arm-none-eabi/lib/armv7-m\libg.a(lib_a-__atexit.o)
                0x00085bb8                __register_exitproc
 .text.startup.register_fini
                0x00085c60       0x14 c:/programdata/matlab/supportpackages/r2017b/3p.instrset/arduinoide.instrset/idepkgs/packages/arduino/tools/arm-none-eabi-gcc/4.8.3-2014q1/bin/../lib/gcc/arm-none-eabi/4.8.3/../../../../arm-none-eabi/lib/armv7-m\libg.a(lib_a-__call_atexit.o)
 .text.abort    0x00085c74       0x10 c:/programdata/matlab/supportpackages/r2017b/3p.instrset/arduinoide.instrset/idepkgs/packages/arduino/tools/arm-none-eabi-gcc/4.8.3-2014q1/bin/../lib/gcc/arm-none-eabi/4.8.3/../../../../arm-none-eabi/lib/armv7-m\libg.a(lib_a-abort.o)
                0x00085c74                abort
 .text.atexit   0x00085c84        0xc c:/programdata/matlab/supportpackages/r2017b/3p.instrset/arduinoide.instrset/idepkgs/packages/arduino/tools/arm-none-eabi-gcc/4.8.3-2014q1/bin/../lib/gcc/arm-none-eabi/4.8.3/../../../../arm-none-eabi/lib/armv7-m\libg.a(lib_a-atexit.o)
                0x00085c84                atexit
 .text.__sflush_r
                0x00085c90      0x148 c:/programdata/matlab/supportpackages/r2017b/3p.instrset/arduinoide.instrset/idepkgs/packages/arduino/tools/arm-none-eabi-gcc/4.8.3-2014q1/bin/../lib/gcc/arm-none-eabi/4.8.3/../../../../arm-none-eabi/lib/armv7-m\libg.a(lib_a-fflush.o)
                0x00085c90                __sflush_r
 .text._fflush_r
                0x00085dd8       0x2c c:/programdata/matlab/supportpackages/r2017b/3p.instrset/arduinoide.instrset/idepkgs/packages/arduino/tools/arm-none-eabi-gcc/4.8.3-2014q1/bin/../lib/gcc/arm-none-eabi/4.8.3/../../../../arm-none-eabi/lib/armv7-m\libg.a(lib_a-fflush.o)
                0x00085dd8                _fflush_r
 .text._cleanup_r
                0x00085e04        0xc c:/programdata/matlab/supportpackages/r2017b/3p.instrset/arduinoide.instrset/idepkgs/packages/arduino/tools/arm-none-eabi-gcc/4.8.3-2014q1/bin/../lib/gcc/arm-none-eabi/4.8.3/../../../../arm-none-eabi/lib/armv7-m\libg.a(lib_a-findfp.o)
                0x00085e04                _cleanup_r
 .text.__sinit  0x00085e10       0xf4 c:/programdata/matlab/supportpackages/r2017b/3p.instrset/arduinoide.instrset/idepkgs/packages/arduino/tools/arm-none-eabi-gcc/4.8.3-2014q1/bin/../lib/gcc/arm-none-eabi/4.8.3/../../../../arm-none-eabi/lib/armv7-m\libg.a(lib_a-findfp.o)
                0x00085e10                __sinit
 .text.__sfp_lock_acquire
                0x00085f04        0x4 c:/programdata/matlab/supportpackages/r2017b/3p.instrset/arduinoide.instrset/idepkgs/packages/arduino/tools/arm-none-eabi-gcc/4.8.3-2014q1/bin/../lib/gcc/arm-none-eabi/4.8.3/../../../../arm-none-eabi/lib/armv7-m\libg.a(lib_a-findfp.o)
                0x00085f04                __sfp_lock_acquire
 .text.__sfp_lock_release
                0x00085f08        0x4 c:/programdata/matlab/supportpackages/r2017b/3p.instrset/arduinoide.instrset/idepkgs/packages/arduino/tools/arm-none-eabi-gcc/4.8.3-2014q1/bin/../lib/gcc/arm-none-eabi/4.8.3/../../../../arm-none-eabi/lib/armv7-m\libg.a(lib_a-findfp.o)
                0x00085f08                __sfp_lock_release
 .text.__libc_fini_array
                0x00085f0c       0x30 c:/programdata/matlab/supportpackages/r2017b/3p.instrset/arduinoide.instrset/idepkgs/packages/arduino/tools/arm-none-eabi-gcc/4.8.3-2014q1/bin/../lib/gcc/arm-none-eabi/4.8.3/../../../../arm-none-eabi/lib/armv7-m\libg.a(lib_a-fini.o)
                0x00085f0c                __libc_fini_array
 .text._fputwc_r
                0x00085f3c       0xc0 c:/programdata/matlab/supportpackages/r2017b/3p.instrset/arduinoide.instrset/idepkgs/packages/arduino/tools/arm-none-eabi-gcc/4.8.3-2014q1/bin/../lib/gcc/arm-none-eabi/4.8.3/../../../../arm-none-eabi/lib/armv7-m\libg.a(lib_a-fputwc.o)
                0x00085f3c                _fputwc_r
 .text._malloc_trim_r
                0x00085ffc       0x9c c:/programdata/matlab/supportpackages/r2017b/3p.instrset/arduinoide.instrset/idepkgs/packages/arduino/tools/arm-none-eabi-gcc/4.8.3-2014q1/bin/../lib/gcc/arm-none-eabi/4.8.3/../../../../arm-none-eabi/lib/armv7-m\libg.a(lib_a-freer.o)
                0x00085ffc                _malloc_trim_r
 .text._free_r  0x00086098      0x198 c:/programdata/matlab/supportpackages/r2017b/3p.instrset/arduinoide.instrset/idepkgs/packages/arduino/tools/arm-none-eabi-gcc/4.8.3-2014q1/bin/../lib/gcc/arm-none-eabi/4.8.3/../../../../arm-none-eabi/lib/armv7-m\libg.a(lib_a-freer.o)
                0x00086098                _free_r
 .text.__sfvwrite_r
                0x00086230      0x314 c:/programdata/matlab/supportpackages/r2017b/3p.instrset/arduinoide.instrset/idepkgs/packages/arduino/tools/arm-none-eabi-gcc/4.8.3-2014q1/bin/../lib/gcc/arm-none-eabi/4.8.3/../../../../arm-none-eabi/lib/armv7-m\libg.a(lib_a-fvwrite.o)
                0x00086230                __sfvwrite_r
 .text._fwalk   0x00086544       0x48 c:/programdata/matlab/supportpackages/r2017b/3p.instrset/arduinoide.instrset/idepkgs/packages/arduino/tools/arm-none-eabi-gcc/4.8.3-2014q1/bin/../lib/gcc/arm-none-eabi/4.8.3/../../../../arm-none-eabi/lib/armv7-m\libg.a(lib_a-fwalk.o)
                0x00086544                _fwalk
 .text.__locale_charset
                0x0008658c        0x8 c:/programdata/matlab/supportpackages/r2017b/3p.instrset/arduinoide.instrset/idepkgs/packages/arduino/tools/arm-none-eabi-gcc/4.8.3-2014q1/bin/../lib/gcc/arm-none-eabi/4.8.3/../../../../arm-none-eabi/lib/armv7-m\libg.a(lib_a-locale.o)
                0x0008658c                __locale_charset
 .text.__locale_mb_cur_max
                0x00086594        0xc c:/programdata/matlab/supportpackages/r2017b/3p.instrset/arduinoide.instrset/idepkgs/packages/arduino/tools/arm-none-eabi-gcc/4.8.3-2014q1/bin/../lib/gcc/arm-none-eabi/4.8.3/../../../../arm-none-eabi/lib/armv7-m\libg.a(lib_a-locale.o)
                0x00086594                __locale_mb_cur_max
 .text.__smakebuf_r
                0x000865a0       0xe0 c:/programdata/matlab/supportpackages/r2017b/3p.instrset/arduinoide.instrset/idepkgs/packages/arduino/tools/arm-none-eabi-gcc/4.8.3-2014q1/bin/../lib/gcc/arm-none-eabi/4.8.3/../../../../arm-none-eabi/lib/armv7-m\libg.a(lib_a-makebuf.o)
                0x000865a0                __smakebuf_r
 .text.memchr   0x00086680       0x94 c:/programdata/matlab/supportpackages/r2017b/3p.instrset/arduinoide.instrset/idepkgs/packages/arduino/tools/arm-none-eabi-gcc/4.8.3-2014q1/bin/../lib/gcc/arm-none-eabi/4.8.3/../../../../arm-none-eabi/lib/armv7-m\libg.a(lib_a-memchr-stub.o)
                0x00086680                memchr
 .text._raise_r
                0x00086714       0x58 c:/programdata/matlab/supportpackages/r2017b/3p.instrset/arduinoide.instrset/idepkgs/packages/arduino/tools/arm-none-eabi-gcc/4.8.3-2014q1/bin/../lib/gcc/arm-none-eabi/4.8.3/../../../../arm-none-eabi/lib/armv7-m\libg.a(lib_a-signal.o)
                0x00086714                _raise_r
 .text.raise    0x0008676c       0x10 c:/programdata/matlab/supportpackages/r2017b/3p.instrset/arduinoide.instrset/idepkgs/packages/arduino/tools/arm-none-eabi-gcc/4.8.3-2014q1/bin/../lib/gcc/arm-none-eabi/4.8.3/../../../../arm-none-eabi/lib/armv7-m\libg.a(lib_a-signal.o)
                0x0008676c                raise
 .text._kill_r  0x0008677c       0x28 c:/programdata/matlab/supportpackages/r2017b/3p.instrset/arduinoide.instrset/idepkgs/packages/arduino/tools/arm-none-eabi-gcc/4.8.3-2014q1/bin/../lib/gcc/arm-none-eabi/4.8.3/../../../../arm-none-eabi/lib/armv7-m\libg.a(lib_a-signalr.o)
                0x0008677c                _kill_r
 .text._getpid_r
                0x000867a4        0x4 c:/programdata/matlab/supportpackages/r2017b/3p.instrset/arduinoide.instrset/idepkgs/packages/arduino/tools/arm-none-eabi-gcc/4.8.3-2014q1/bin/../lib/gcc/arm-none-eabi/4.8.3/../../../../arm-none-eabi/lib/armv7-m\libg.a(lib_a-signalr.o)
                0x000867a4                _getpid_r
 .text.__sread  0x000867a8       0x24 c:/programdata/matlab/supportpackages/r2017b/3p.instrset/arduinoide.instrset/idepkgs/packages/arduino/tools/arm-none-eabi-gcc/4.8.3-2014q1/bin/../lib/gcc/arm-none-eabi/4.8.3/../../../../arm-none-eabi/lib/armv7-m\libg.a(lib_a-stdio.o)
                0x000867a8                __sread
 .text.__swrite
                0x000867cc       0x38 c:/programdata/matlab/supportpackages/r2017b/3p.instrset/arduinoide.instrset/idepkgs/packages/arduino/tools/arm-none-eabi-gcc/4.8.3-2014q1/bin/../lib/gcc/arm-none-eabi/4.8.3/../../../../arm-none-eabi/lib/armv7-m\libg.a(lib_a-stdio.o)
                0x000867cc                __swrite
 .text.__sseek  0x00086804       0x20 c:/programdata/matlab/supportpackages/r2017b/3p.instrset/arduinoide.instrset/idepkgs/packages/arduino/tools/arm-none-eabi-gcc/4.8.3-2014q1/bin/../lib/gcc/arm-none-eabi/4.8.3/../../../../arm-none-eabi/lib/armv7-m\libg.a(lib_a-stdio.o)
                0x00086804                __sseek
 .text.__sclose
                0x00086824        0x8 c:/programdata/matlab/supportpackages/r2017b/3p.instrset/arduinoide.instrset/idepkgs/packages/arduino/tools/arm-none-eabi-gcc/4.8.3-2014q1/bin/../lib/gcc/arm-none-eabi/4.8.3/../../../../arm-none-eabi/lib/armv7-m\libg.a(lib_a-stdio.o)
                0x00086824                __sclose
 .text.__swbuf_r
                0x0008682c       0xa8 c:/programdata/matlab/supportpackages/r2017b/3p.instrset/arduinoide.instrset/idepkgs/packages/arduino/tools/arm-none-eabi-gcc/4.8.3-2014q1/bin/../lib/gcc/arm-none-eabi/4.8.3/../../../../arm-none-eabi/lib/armv7-m\libg.a(lib_a-wbuf.o)
                0x0008682c                __swbuf_r
 .text._wcrtomb_r
                0x000868d4       0x50 c:/programdata/matlab/supportpackages/r2017b/3p.instrset/arduinoide.instrset/idepkgs/packages/arduino/tools/arm-none-eabi-gcc/4.8.3-2014q1/bin/../lib/gcc/arm-none-eabi/4.8.3/../../../../arm-none-eabi/lib/armv7-m\libg.a(lib_a-wcrtomb.o)
                0x000868d4                _wcrtomb_r
 .text.__ascii_wctomb
                0x00086924       0x1c c:/programdata/matlab/supportpackages/r2017b/3p.instrset/arduinoide.instrset/idepkgs/packages/arduino/tools/arm-none-eabi-gcc/4.8.3-2014q1/bin/../lib/gcc/arm-none-eabi/4.8.3/../../../../arm-none-eabi/lib/armv7-m\libg.a(lib_a-wctomb_r.o)
                0x00086924                __ascii_wctomb
 .text._write_r
                0x00086940       0x28 c:/programdata/matlab/supportpackages/r2017b/3p.instrset/arduinoide.instrset/idepkgs/packages/arduino/tools/arm-none-eabi-gcc/4.8.3-2014q1/bin/../lib/gcc/arm-none-eabi/4.8.3/../../../../arm-none-eabi/lib/armv7-m\libg.a(lib_a-writer.o)
                0x00086940                _write_r
 .text._close_r
                0x00086968       0x24 c:/programdata/matlab/supportpackages/r2017b/3p.instrset/arduinoide.instrset/idepkgs/packages/arduino/tools/arm-none-eabi-gcc/4.8.3-2014q1/bin/../lib/gcc/arm-none-eabi/4.8.3/../../../../arm-none-eabi/lib/armv7-m\libg.a(lib_a-closer.o)
                0x00086968                _close_r
 .text._fclose_r
                0x0008698c       0x80 c:/programdata/matlab/supportpackages/r2017b/3p.instrset/arduinoide.instrset/idepkgs/packages/arduino/tools/arm-none-eabi-gcc/4.8.3-2014q1/bin/../lib/gcc/arm-none-eabi/4.8.3/../../../../arm-none-eabi/lib/armv7-m\libg.a(lib_a-fclose.o)
                0x0008698c                _fclose_r
 .text.fclose   0x00086a0c       0x10 c:/programdata/matlab/supportpackages/r2017b/3p.instrset/arduinoide.instrset/idepkgs/packages/arduino/tools/arm-none-eabi-gcc/4.8.3-2014q1/bin/../lib/gcc/arm-none-eabi/4.8.3/../../../../arm-none-eabi/lib/armv7-m\libg.a(lib_a-fclose.o)
                0x00086a0c                fclose
 .text._fstat_r
                0x00086a1c       0x28 c:/programdata/matlab/supportpackages/r2017b/3p.instrset/arduinoide.instrset/idepkgs/packages/arduino/tools/arm-none-eabi-gcc/4.8.3-2014q1/bin/../lib/gcc/arm-none-eabi/4.8.3/../../../../arm-none-eabi/lib/armv7-m\libg.a(lib_a-fstatr.o)
                0x00086a1c                _fstat_r
 .text._isatty_r
                0x00086a44       0x24 c:/programdata/matlab/supportpackages/r2017b/3p.instrset/arduinoide.instrset/idepkgs/packages/arduino/tools/arm-none-eabi-gcc/4.8.3-2014q1/bin/../lib/gcc/arm-none-eabi/4.8.3/../../../../arm-none-eabi/lib/armv7-m\libg.a(lib_a-isattyr.o)
                0x00086a44                _isatty_r
 .text._lseek_r
                0x00086a68       0x28 c:/programdata/matlab/supportpackages/r2017b/3p.instrset/arduinoide.instrset/idepkgs/packages/arduino/tools/arm-none-eabi-gcc/4.8.3-2014q1/bin/../lib/gcc/arm-none-eabi/4.8.3/../../../../arm-none-eabi/lib/armv7-m\libg.a(lib_a-lseekr.o)
                0x00086a68                _lseek_r
 .text._read_r  0x00086a90       0x28 c:/programdata/matlab/supportpackages/r2017b/3p.instrset/arduinoide.instrset/idepkgs/packages/arduino/tools/arm-none-eabi-gcc/4.8.3-2014q1/bin/../lib/gcc/arm-none-eabi/4.8.3/../../../../arm-none-eabi/lib/armv7-m\libg.a(lib_a-readr.o)
                0x00086a90                _read_r
 .text          0x00086ab8       0x2c c:/programdata/matlab/supportpackages/r2017b/3p.instrset/arduinoide.instrset/idepkgs/packages/arduino/tools/arm-none-eabi-gcc/4.8.3-2014q1/bin/../lib/gcc/arm-none-eabi/4.8.3/armv7-m\libgcc.a(_aeabi_uldivmod.o)
                0x00086ab8                __aeabi_uldivmod
 .text          0x00086ae4       0x60 c:/programdata/matlab/supportpackages/r2017b/3p.instrset/arduinoide.instrset/idepkgs/packages/arduino/tools/arm-none-eabi-gcc/4.8.3-2014q1/bin/../lib/gcc/arm-none-eabi/4.8.3/armv7-m\libgcc.a(bpabi.o)
                0x00086ae4                __gnu_ldivmod_helper
                0x00086b14                __gnu_uldivmod_helper
 .text          0x00086b44        0x4 c:/programdata/matlab/supportpackages/r2017b/3p.instrset/arduinoide.instrset/idepkgs/packages/arduino/tools/arm-none-eabi-gcc/4.8.3-2014q1/bin/../lib/gcc/arm-none-eabi/4.8.3/armv7-m\libgcc.a(_dvmd_tls.o)
                0x00086b44                __aeabi_idiv0
                0x00086b44                __aeabi_ldiv0
 .text          0x00086b48      0x2a0 c:/programdata/matlab/supportpackages/r2017b/3p.instrset/arduinoide.instrset/idepkgs/packages/arduino/tools/arm-none-eabi-gcc/4.8.3-2014q1/bin/../lib/gcc/arm-none-eabi/4.8.3/armv7-m\libgcc.a(_divdi3.o)
                0x00086b48                __divdi3
 .text          0x00086de8      0x290 c:/programdata/matlab/supportpackages/r2017b/3p.instrset/arduinoide.instrset/idepkgs/packages/arduino/tools/arm-none-eabi-gcc/4.8.3-2014q1/bin/../lib/gcc/arm-none-eabi/4.8.3/armv7-m\libgcc.a(_udivdi3.o)
                0x00086de8                __udivdi3
 *(.glue_7t)
 .glue_7t       0x00000000        0x0 linker stubs
 *(.glue_7)
 .glue_7        0x00000000        0x0 linker stubs
 *(.rodata .rodata* .gnu.linkonce.r.*)
 .rodata.str1.1
                0x00087078       0x34 MW_WiFiUDP.o
                                 0x39 (size before relaxing)
 .rodata.arduinomega2560_wifiudpsend_M
                0x000870ac        0x4 arduinomega2560_wifiudpsend.o
                0x000870ac                arduinomega2560_wifiudpsend_M
 .rodata.str1.1
                0x000870b0       0x19 syscalls_sam3.o
 *fill*         0x000870c9        0x7 
 .rodata._ZTV9IPAddress
                0x000870d0       0x10 IPAddress.o
                0x000870d0                vtable for IPAddress
 .rodata.str1.1
                0x000870e0        0xf Print.o
 *fill*         0x000870ef        0x1 
 .rodata._ZTV9UARTClass
                0x000870f0       0x30 UARTClass.o
                0x000870f0                vtable for UARTClass
 .rodata._ZTV10USARTClass
                0x00087120       0x30 USARTClass.o
                0x00087120                vtable for USARTClass
 .rodata._ZTV7Serial_
                0x00087150       0x28 CDC.o
                0x00087150                vtable for Serial_
 .rodata._ZL18_cdcOtherInterface
                0x00087178       0x42 CDC.o
 .rodata._ZL13_cdcInterface
                0x000871ba       0x42 CDC.o
 .rodata.STRING_PRODUCT
                0x000871fc        0xc USBCore.o
                0x000871fc                STRING_PRODUCT
 .rodata.USB_DeviceDescriptor
                0x00087208       0x12 USBCore.o
                0x00087208                USB_DeviceDescriptor
 .rodata.STRING_LANGUAGE
                0x0008721a        0x4 USBCore.o
                0x0008721a                STRING_LANGUAGE
 .rodata._ZL18test_packet_buffer
                0x0008721e       0x35 USBCore.o
 .rodata.STRING_MANUFACTURER
                0x00087253        0x8 USBCore.o
                0x00087253                STRING_MANUFACTURER
 .rodata.USB_DeviceDescriptorA
                0x0008725b       0x12 USBCore.o
                0x0008725b                USB_DeviceDescriptorA
 .rodata._ZL19USB_DeviceQualifier
                0x0008726d        0x9 USBCore.o
 *fill*         0x00087276        0x2 
 .rodata.g_APinDescription
                0x00087278      0xa2c variant.o
                0x00087278                g_APinDescription
 .rodata._ZN2ATL17ESP8266_WIFI_MODEE
                0x00087ca4        0x8 ESP8266.o
 .rodata._ZN2ATL12ESP8266_TESTE
                0x00087cac        0x1 ESP8266.o
 .rodata._ZN2ATL20ESP8266_GET_LOCAL_IPE
                0x00087cad        0x7 ESP8266.o
 .rodata._ZN2ATL19ESP8266_TCP_CONNECTE
                0x00087cb4        0xa ESP8266.o
 .rodata.str1.1
                0x00087cbe       0x85 ESP8266.o
                                 0x93 (size before relaxing)
 .rodata._ZN2ATL16ESP8266_TCP_SENDE
                0x00087d43        0x9 ESP8266.o
 .rodata._ZN2ATL18ESP8266_SET_STA_IPE
                0x00087d4c        0x8 ESP8266.o
 .rodata._ZN2ATL20ESP8266_TCP_MULTIPLEE
                0x00087d54        0x8 ESP8266.o
 .rodata._ZN2ATL21ESP8266_SERVER_CONFIGE
                0x00087d5c        0xb ESP8266.o
 .rodata._ZN2ATL13ESP8266_RESETE
                0x00087d67        0x5 ESP8266.o
 .rodata._ZN2ATL18ESP8266_CONNECT_APE
                0x00087d6c        0x7 ESP8266.o
 .rodata.__func__.6792
                0x00087d73        0xd C:/ProgramData/MATLAB/SupportPackages/R2017b/3P.instrset/arduinoide.instrset/idepkgs/packages/arduino/hardware/sam/1.6.11/variants/arduino_due_x/libsam_sam3x8e_gcc_rel.a(tc.o)
 .rodata.str1.1
                0x00087d80       0x54 C:/ProgramData/MATLAB/SupportPackages/R2017b/3P.instrset/arduinoide.instrset/idepkgs/packages/arduino/hardware/sam/1.6.11/variants/arduino_due_x/libsam_sam3x8e_gcc_rel.a(tc.o)
 .rodata.__func__.6798
                0x00087dd4        0x9 C:/ProgramData/MATLAB/SupportPackages/R2017b/3P.instrset/arduinoide.instrset/idepkgs/packages/arduino/hardware/sam/1.6.11/variants/arduino_due_x/libsam_sam3x8e_gcc_rel.a(tc.o)
 *fill*         0x00087ddd        0x3 
 .rodata        0x00087de0       0x40 C:/ProgramData/MATLAB/SupportPackages/R2017b/3P.instrset/arduinoide.instrset/idepkgs/packages/arduino/hardware/sam/1.6.11/variants/arduino_due_x/libsam_sam3x8e_gcc_rel.a(adc.o)
 .rodata.str1.4
                0x00087e20        0x5 c:/programdata/matlab/supportpackages/r2017b/3p.instrset/arduinoide.instrset/idepkgs/packages/arduino/tools/arm-none-eabi-gcc/4.8.3-2014q1/bin/../lib/gcc/arm-none-eabi/4.8.3/../../../../arm-none-eabi/lib/armv7-m\libm.a(lib_a-w_fmod.o)
                                  0x8 (size before relaxing)
 *fill*         0x00087e25        0x3 
 .rodata.Zero   0x00087e28       0x10 c:/programdata/matlab/supportpackages/r2017b/3p.instrset/arduinoide.instrset/idepkgs/packages/arduino/tools/arm-none-eabi-gcc/4.8.3-2014q1/bin/../lib/gcc/arm-none-eabi/4.8.3/../../../../arm-none-eabi/lib/armv7-m\libm.a(lib_a-e_fmod.o)
 .rodata.str1.4
                0x00087e38       0x3f c:/programdata/matlab/supportpackages/r2017b/3p.instrset/arduinoide.instrset/idepkgs/packages/arduino/tools/arm-none-eabi-gcc/4.8.3-2014q1/bin/../lib/gcc/arm-none-eabi/4.8.3/../../../../arm-none-eabi/lib/armv7-m\libg.a(lib_a-assert.o)
                                 0x44 (size before relaxing)
 *fill*         0x00087e77        0x1 
 .rodata.str1.4
                0x00087e78        0x2 c:/programdata/matlab/supportpackages/r2017b/3p.instrset/arduinoide.instrset/idepkgs/packages/arduino/tools/arm-none-eabi-gcc/4.8.3-2014q1/bin/../lib/gcc/arm-none-eabi/4.8.3/../../../../arm-none-eabi/lib/armv7-m\libg.a(lib_a-impure.o)
                                  0x4 (size before relaxing)
 *fill*         0x00087e7a        0x2 
 .rodata._global_impure_ptr
                0x00087e7c        0x4 c:/programdata/matlab/supportpackages/r2017b/3p.instrset/arduinoide.instrset/idepkgs/packages/arduino/tools/arm-none-eabi-gcc/4.8.3-2014q1/bin/../lib/gcc/arm-none-eabi/4.8.3/../../../../arm-none-eabi/lib/armv7-m\libg.a(lib_a-impure.o)
                0x00087e7c                _global_impure_ptr
 .rodata.blanks.6717
                0x00087e80       0x10 c:/programdata/matlab/supportpackages/r2017b/3p.instrset/arduinoide.instrset/idepkgs/packages/arduino/tools/arm-none-eabi-gcc/4.8.3-2014q1/bin/../lib/gcc/arm-none-eabi/4.8.3/../../../../arm-none-eabi/lib/armv7-m\libg.a(lib_a-vfiprintf.o)
 .rodata.str1.4
                0x00087e90       0x30 c:/programdata/matlab/supportpackages/r2017b/3p.instrset/arduinoide.instrset/idepkgs/packages/arduino/tools/arm-none-eabi-gcc/4.8.3-2014q1/bin/../lib/gcc/arm-none-eabi/4.8.3/../../../../arm-none-eabi/lib/armv7-m\libg.a(lib_a-vfiprintf.o)
 .rodata.zeroes.6718
                0x00087ec0       0x10 c:/programdata/matlab/supportpackages/r2017b/3p.instrset/arduinoide.instrset/idepkgs/packages/arduino/tools/arm-none-eabi-gcc/4.8.3-2014q1/bin/../lib/gcc/arm-none-eabi/4.8.3/../../../../arm-none-eabi/lib/armv7-m\libg.a(lib_a-vfiprintf.o)
 .rodata._ctype_
                0x00087ed0      0x104 c:/programdata/matlab/supportpackages/r2017b/3p.instrset/arduinoide.instrset/idepkgs/packages/arduino/tools/arm-none-eabi-gcc/4.8.3-2014q1/bin/../lib/gcc/arm-none-eabi/4.8.3/../../../../arm-none-eabi/lib/armv7-m\libg.a(lib_a-ctype_.o)
                0x00087ed0                _ctype_
 *(.ARM.extab* .gnu.linkonce.armextab.*)
                0x00087fd4                . = ALIGN (0x4)
 *(.init)
 .init          0x00087fd4        0x4 c:/programdata/matlab/supportpackages/r2017b/3p.instrset/arduinoide.instrset/idepkgs/packages/arduino/tools/arm-none-eabi-gcc/4.8.3-2014q1/bin/../lib/gcc/arm-none-eabi/4.8.3/armv7-m/crti.o
                0x00087fd4                _init
 .init          0x00087fd8        0x8 c:/programdata/matlab/supportpackages/r2017b/3p.instrset/arduinoide.instrset/idepkgs/packages/arduino/tools/arm-none-eabi-gcc/4.8.3-2014q1/bin/../lib/gcc/arm-none-eabi/4.8.3/armv7-m/crtn.o
                0x00087fe0                . = ALIGN (0x4)
                0x00087fe0                __preinit_array_start = .
 *(.preinit_array)
                0x00087fe0                __preinit_array_end = .
                0x00087fe0                . = ALIGN (0x4)
                0x00087fe0                __init_array_start = .
 *(SORT(.init_array.*))
 .init_array.00000
                0x00087fe0        0x4 c:/programdata/matlab/supportpackages/r2017b/3p.instrset/arduinoide.instrset/idepkgs/packages/arduino/tools/arm-none-eabi-gcc/4.8.3-2014q1/bin/../lib/gcc/arm-none-eabi/4.8.3/../../../../arm-none-eabi/lib/armv7-m\libg.a(lib_a-__call_atexit.o)
 *(.init_array)
 .init_array    0x00087fe4        0x4 c:/programdata/matlab/supportpackages/r2017b/3p.instrset/arduinoide.instrset/idepkgs/packages/arduino/tools/arm-none-eabi-gcc/4.8.3-2014q1/bin/../lib/gcc/arm-none-eabi/4.8.3/armv7-m/crtbegin.o
 .init_array    0x00087fe8        0x4 MW_WiFiUDP.o
 .init_array    0x00087fec        0x4 IPAddress.o
 .init_array    0x00087ff0        0x4 CDC.o
 .init_array    0x00087ff4        0x4 USBCore.o
 .init_array    0x00087ff8        0x4 variant.o
 .init_array    0x00087ffc        0x4 ESP8266.o
 .init_array    0x00088000        0x4 SPI.o
 .init_array    0x00088004        0x4 WiFi.o
 .init_array    0x00088008        0x4 WiFiClient.o
 .init_array    0x0008800c        0x4 WiFiServer.o
 .init_array    0x00088010        0x4 WiFiUdp.o
 .init_array    0x00088014        0x4 wifi_drv.o
                0x00088018                __init_array_end = .
                0x00088018                . = ALIGN (0x4)
 *crtbegin.o(.ctors)
 *(EXCLUDE_FILE(*crtend.o) .ctors)
 *(SORT(.ctors.*))
 *crtend.o(.ctors)
                0x00088018                . = ALIGN (0x4)
 *(.fini)
 .fini          0x00088018        0x4 c:/programdata/matlab/supportpackages/r2017b/3p.instrset/arduinoide.instrset/idepkgs/packages/arduino/tools/arm-none-eabi-gcc/4.8.3-2014q1/bin/../lib/gcc/arm-none-eabi/4.8.3/armv7-m/crti.o
                0x00088018                _fini
 .fini          0x0008801c        0x8 c:/programdata/matlab/supportpackages/r2017b/3p.instrset/arduinoide.instrset/idepkgs/packages/arduino/tools/arm-none-eabi-gcc/4.8.3-2014q1/bin/../lib/gcc/arm-none-eabi/4.8.3/armv7-m/crtn.o
                0x00088024                . = ALIGN (0x4)
                0x00088024                __fini_array_start = .
 *(.fini_array)
 .fini_array    0x00088024        0x4 c:/programdata/matlab/supportpackages/r2017b/3p.instrset/arduinoide.instrset/idepkgs/packages/arduino/tools/arm-none-eabi-gcc/4.8.3-2014q1/bin/../lib/gcc/arm-none-eabi/4.8.3/armv7-m/crtbegin.o
 *(SORT(.fini_array.*))
                0x00088028                __fini_array_end = .
 *crtbegin.o(.dtors)
 *(EXCLUDE_FILE(*crtend.o) .dtors)
 *(SORT(.dtors.*))
 *crtend.o(.dtors)
                0x00088028                . = ALIGN (0x4)
                0x00088028                _efixed = .
                0x00088028                PROVIDE (__exidx_start, .)

.vfp11_veneer   0x00088028        0x0
 .vfp11_veneer  0x00000000        0x0 linker stubs

.v4_bx          0x00088028        0x0
 .v4_bx         0x00000000        0x0 linker stubs

.iplt           0x00088028        0x0
 .iplt          0x00000000        0x0 c:/programdata/matlab/supportpackages/r2017b/3p.instrset/arduinoide.instrset/idepkgs/packages/arduino/tools/arm-none-eabi-gcc/4.8.3-2014q1/bin/../lib/gcc/arm-none-eabi/4.8.3/armv7-m/crtbegin.o

.ARM.exidx      0x00088028        0x8
 *(.ARM.exidx* .gnu.linkonce.armexidx.*)
 .ARM.exidx     0x00088028        0x8 c:/programdata/matlab/supportpackages/r2017b/3p.instrset/arduinoide.instrset/idepkgs/packages/arduino/tools/arm-none-eabi-gcc/4.8.3-2014q1/bin/../lib/gcc/arm-none-eabi/4.8.3/armv7-m\libgcc.a(_divdi3.o)
 .ARM.exidx     0x00088030        0x0 c:/programdata/matlab/supportpackages/r2017b/3p.instrset/arduinoide.instrset/idepkgs/packages/arduino/tools/arm-none-eabi-gcc/4.8.3-2014q1/bin/../lib/gcc/arm-none-eabi/4.8.3/armv7-m\libgcc.a(_udivdi3.o)
                                  0x8 (size before relaxing)
                0x00088030                PROVIDE (__exidx_end, .)

.eh_frame       0x00088030        0x0
 .eh_frame      0x00088030        0x0 c:/programdata/matlab/supportpackages/r2017b/3p.instrset/arduinoide.instrset/idepkgs/packages/arduino/tools/arm-none-eabi-gcc/4.8.3-2014q1/bin/../lib/gcc/arm-none-eabi/4.8.3/armv7-m/crtbegin.o

.rel.dyn        0x00088030        0x0
 .rel.iplt      0x00000000        0x0 c:/programdata/matlab/supportpackages/r2017b/3p.instrset/arduinoide.instrset/idepkgs/packages/arduino/tools/arm-none-eabi-gcc/4.8.3-2014q1/bin/../lib/gcc/arm-none-eabi/4.8.3/armv7-m/crtbegin.o

.jcr            0x00088030        0x0
 .jcr           0x00088030        0x0 c:/programdata/matlab/supportpackages/r2017b/3p.instrset/arduinoide.instrset/idepkgs/packages/arduino/tools/arm-none-eabi-gcc/4.8.3-2014q1/bin/../lib/gcc/arm-none-eabi/4.8.3/armv7-m/crtbegin.o

.igot.plt       0x00088030        0x0
 .igot.plt      0x00000000        0x0 c:/programdata/matlab/supportpackages/r2017b/3p.instrset/arduinoide.instrset/idepkgs/packages/arduino/tools/arm-none-eabi-gcc/4.8.3-2014q1/bin/../lib/gcc/arm-none-eabi/4.8.3/armv7-m/crtbegin.o
                0x00088030                . = ALIGN (0x4)
                0x00088030                _etext = .

.relocate       0x20070000      0x930 load address 0x00088030
                0x20070000                . = ALIGN (0x4)
                0x20070000                _srelocate = .
 *(.ramfunc .ramfunc.*)
 .ramfunc       0x20070000       0x2c Reset.o
                0x20070000                banzai
 *(.data .data.*)
 .data          0x2007002c        0x4 c:/programdata/matlab/supportpackages/r2017b/3p.instrset/arduinoide.instrset/idepkgs/packages/arduino/tools/arm-none-eabi-gcc/4.8.3-2014q1/bin/../lib/gcc/arm-none-eabi/4.8.3/armv7-m/crtbegin.o
                0x2007002c                __dso_handle
 .data.hardSerialPort
                0x20070030        0x1 MW_WiFiUDP.o
                0x20070030                hardSerialPort
 .data.wpapass  0x20070031        0xb MW_WiFiUDP.o
                0x20070031                wpapass
 .data.ssid     0x2007003c       0x11 MW_WiFiUDP.o
                0x2007003c                ssid
 *fill*         0x2007004d        0x3 
 .data.arduinomega2560_wifiudpsend_P
                0x20070050       0x30 arduinomega2560_wifiudpsend_data.o
                0x20070050                arduinomega2560_wifiudpsend_P
 .data._ZL5ticks
                0x20070080        0x4 Reset.o
 .data._ZL10breakValue
                0x20070084        0x4 CDC.o
 .data._ZL12_usbLineInfo
                0x20070088        0x8 CDC.o
 .data.EndPoints
                0x20070090       0x28 USBCore.o
                0x20070090                EndPoints
 .data.SystemCoreClock
                0x200700b8        0x4 C:/ProgramData/MATLAB/SupportPackages/R2017b/3P.instrset/arduinoide.instrset/idepkgs/packages/arduino/hardware/sam/1.6.11/variants/arduino_due_x/libsam_sam3x8e_gcc_rel.a(system_sam3xa.o)
                0x200700b8                SystemCoreClock
 .data.g_interrupt_enabled
                0x200700bc        0x4 C:/ProgramData/MATLAB/SupportPackages/R2017b/3P.instrset/arduinoide.instrset/idepkgs/packages/arduino/hardware/sam/1.6.11/variants/arduino_due_x/libsam_sam3x8e_gcc_rel.a(interrupt_sam_nvic.o)
                0x200700bc                g_interrupt_enabled
 .data.__fdlib_version
                0x200700c0        0x1 c:/programdata/matlab/supportpackages/r2017b/3p.instrset/arduinoide.instrset/idepkgs/packages/arduino/tools/arm-none-eabi-gcc/4.8.3-2014q1/bin/../lib/gcc/arm-none-eabi/4.8.3/../../../../arm-none-eabi/lib/armv7-m\libm.a(lib_a-s_lib_ver.o)
                0x200700c0                __fdlib_version
 *fill*         0x200700c1        0x7 
 .data.impure_data
                0x200700c8      0x428 c:/programdata/matlab/supportpackages/r2017b/3p.instrset/arduinoide.instrset/idepkgs/packages/arduino/tools/arm-none-eabi-gcc/4.8.3-2014q1/bin/../lib/gcc/arm-none-eabi/4.8.3/../../../../arm-none-eabi/lib/armv7-m\libg.a(lib_a-impure.o)
 .data._impure_ptr
                0x200704f0        0x4 c:/programdata/matlab/supportpackages/r2017b/3p.instrset/arduinoide.instrset/idepkgs/packages/arduino/tools/arm-none-eabi-gcc/4.8.3-2014q1/bin/../lib/gcc/arm-none-eabi/4.8.3/../../../../arm-none-eabi/lib/armv7-m\libg.a(lib_a-impure.o)
                0x200704f0                _impure_ptr
 .data.__malloc_av_
                0x200704f4      0x408 c:/programdata/matlab/supportpackages/r2017b/3p.instrset/arduinoide.instrset/idepkgs/packages/arduino/tools/arm-none-eabi-gcc/4.8.3-2014q1/bin/../lib/gcc/arm-none-eabi/4.8.3/../../../../arm-none-eabi/lib/armv7-m\libg.a(lib_a-mallocr.o)
                0x200704f4                __malloc_av_
 .data.__malloc_trim_threshold
                0x200708fc        0x4 c:/programdata/matlab/supportpackages/r2017b/3p.instrset/arduinoide.instrset/idepkgs/packages/arduino/tools/arm-none-eabi-gcc/4.8.3-2014q1/bin/../lib/gcc/arm-none-eabi/4.8.3/../../../../arm-none-eabi/lib/armv7-m\libg.a(lib_a-mallocr.o)
                0x200708fc                __malloc_trim_threshold
 .data.__malloc_sbrk_base
                0x20070900        0x4 c:/programdata/matlab/supportpackages/r2017b/3p.instrset/arduinoide.instrset/idepkgs/packages/arduino/tools/arm-none-eabi-gcc/4.8.3-2014q1/bin/../lib/gcc/arm-none-eabi/4.8.3/../../../../arm-none-eabi/lib/armv7-m\libg.a(lib_a-mallocr.o)
                0x20070900                __malloc_sbrk_base
 .data.__ctype_ptr__
                0x20070904        0x4 c:/programdata/matlab/supportpackages/r2017b/3p.instrset/arduinoide.instrset/idepkgs/packages/arduino/tools/arm-none-eabi-gcc/4.8.3-2014q1/bin/../lib/gcc/arm-none-eabi/4.8.3/../../../../arm-none-eabi/lib/armv7-m\libg.a(lib_a-ctype_.o)
                0x20070904                __ctype_ptr__
 .data.lc_ctype_charset
                0x20070908       0x20 c:/programdata/matlab/supportpackages/r2017b/3p.instrset/arduinoide.instrset/idepkgs/packages/arduino/tools/arm-none-eabi-gcc/4.8.3-2014q1/bin/../lib/gcc/arm-none-eabi/4.8.3/../../../../arm-none-eabi/lib/armv7-m\libg.a(lib_a-locale.o)
 .data.__mb_cur_max
                0x20070928        0x4 c:/programdata/matlab/supportpackages/r2017b/3p.instrset/arduinoide.instrset/idepkgs/packages/arduino/tools/arm-none-eabi-gcc/4.8.3-2014q1/bin/../lib/gcc/arm-none-eabi/4.8.3/../../../../arm-none-eabi/lib/armv7-m\libg.a(lib_a-locale.o)
                0x20070928                __mb_cur_max
 .data.__wctomb
                0x2007092c        0x4 c:/programdata/matlab/supportpackages/r2017b/3p.instrset/arduinoide.instrset/idepkgs/packages/arduino/tools/arm-none-eabi-gcc/4.8.3-2014q1/bin/../lib/gcc/arm-none-eabi/4.8.3/../../../../arm-none-eabi/lib/armv7-m\libg.a(lib_a-wctomb_r.o)
                0x2007092c                __wctomb
                0x20070930                . = ALIGN (0x4)
                0x20070930                _erelocate = .

.bss            0x20070930      0xbf8 load address 0x00088960
                0x20070930                . = ALIGN (0x4)
                0x20070930                _sbss = .
                0x20070930                _szero = .
 *(.bss .bss.*)
 .bss           0x20070930       0x1c c:/programdata/matlab/supportpackages/r2017b/3p.instrset/arduinoide.instrset/idepkgs/packages/arduino/tools/arm-none-eabi-gcc/4.8.3-2014q1/bin/../lib/gcc/arm-none-eabi/4.8.3/armv7-m/crtbegin.o
 .bss.gpf_isr   0x2007094c        0x4 C:/ProgramData/MATLAB/SupportPackages/R2017b/3P.instrset/arduinoide.instrset/idepkgs/packages/arduino/hardware/sam/1.6.11/variants/arduino_due_x/libsam_sam3x8e_gcc_rel.a(uotghs.o)
                0x2007094c                gpf_isr
 .bss._ZL11INADDR_NONE
                0x20070950        0x8 MW_WiFiUDP.o
 .bss.wifiLocalIpAddress
                0x20070958        0x8 MW_WiFiUDP.o
                0x20070958                wifiLocalIpAddress
 .bss.esp8266obj
                0x20070960      0x104 MW_WiFiUDP.o
                0x20070960                esp8266obj
 .bss.heap.6420
                0x20070a64        0x4 syscalls_sam3.o
 .bss.callbacksPioA
                0x20070a68       0x80 WInterrupts.o
 .bss.callbacksPioB
                0x20070ae8       0x80 WInterrupts.o
 .bss.callbacksPioC
                0x20070b68       0x80 WInterrupts.o
 .bss.callbacksPioD
                0x20070be8       0x80 WInterrupts.o
 .bss._ZL11INADDR_NONE
                0x20070c68        0x8 IPAddress.o
 .bss.cdc_rx_buffer
                0x20070c70      0x208 CDC.o
                0x20070c70                cdc_rx_buffer
 .bss._ZZN7Serial_6acceptEvE5guard
                0x20070e78        0x4 CDC.o
 .bss.SerialUSB
                0x20070e7c       0x14 CDC.o
                0x20070e7c                SerialUSB
 .bss._ZZ12PluggableUSBvE3obj
                0x20070e90        0x8 PluggableUSB.o
 .bss._ZGVZ12PluggableUSBvE3obj