Archive member included because of file (symbol)

C:/ProgramData/MATLAB/SupportPackages/R2017b/3P.instrset/arduinoide.instrset/idepkgs/packages/arduino/hardware/sam/1.6.11/variants/arduino_due_x/libsam_sam3x8e_gcc_rel.a(startup_sam3xa.o)
                              (Reset_Handler)
C:/ProgramData/MATLAB/SupportPackages/R2017b/3P.instrset/arduinoide.instrset/idepkgs/packages/arduino/hardware/sam/1.6.11/variants/arduino_due_x/libsam_sam3x8e_gcc_rel.a(uotghs.o)
                              C:/ProgramData/MATLAB/SupportPackages/R2017b/3P.instrset/arduinoide.instrset/idepkgs/packages/arduino/hardware/sam/1.6.11/variants/arduino_due_x/libsam_sam3x8e_gcc_rel.a(startup_sam3xa.o) (UOTGHS_Handler)
C:/ProgramData/MATLAB/SupportPackages/R2017b/3P.instrset/arduinoide.instrset/idepkgs/packages/arduino/hardware/sam/1.6.11/variants/arduino_due_x/libsam_sam3x8e_gcc_rel.a(pio.o)
                              wiring_digital.o (PIO_PullUp)
C:/ProgramData/MATLAB/SupportPackages/R2017b/3P.instrset/arduinoide.instrset/idepkgs/packages/arduino/hardware/sam/1.6.11/variants/arduino_due_x/libsam_sam3x8e_gcc_rel.a(pmc.o)
                              WInterrupts.o (pmc_enable_periph_clk)
C:/ProgramData/MATLAB/SupportPackages/R2017b/3P.instrset/arduinoide.instrset/idepkgs/packages/arduino/hardware/sam/1.6.11/variants/arduino_due_x/libsam_sam3x8e_gcc_rel.a(pwmc.o)
                              wiring_analog.o (PWMC_ConfigureChannel)
C:/ProgramData/MATLAB/SupportPackages/R2017b/3P.instrset/arduinoide.instrset/idepkgs/packages/arduino/hardware/sam/1.6.11/variants/arduino_due_x/libsam_sam3x8e_gcc_rel.a(spi.o)
                              SPI.o (SPI_Enable)
C:/ProgramData/MATLAB/SupportPackages/R2017b/3P.instrset/arduinoide.instrset/idepkgs/packages/arduino/hardware/sam/1.6.11/variants/arduino_due_x/libsam_sam3x8e_gcc_rel.a(tc.o)
                              wiring_analog.o (TC_Configure)
C:/ProgramData/MATLAB/SupportPackages/R2017b/3P.instrset/arduinoide.instrset/idepkgs/packages/arduino/hardware/sam/1.6.11/variants/arduino_due_x/libsam_sam3x8e_gcc_rel.a(timetick.o)
                              cortex_handlers.o (TimeTick_Increment)
C:/ProgramData/MATLAB/SupportPackages/R2017b/3P.instrset/arduinoide.instrset/idepkgs/packages/arduino/hardware/sam/1.6.11/variants/arduino_due_x/libsam_sam3x8e_gcc_rel.a(wdt.o)
                              watchdog.o (WDT_Enable)
C:/ProgramData/MATLAB/SupportPackages/R2017b/3P.instrset/arduinoide.instrset/idepkgs/packages/arduino/hardware/sam/1.6.11/variants/arduino_due_x/libsam_sam3x8e_gcc_rel.a(system_sam3xa.o)
                              variant.o (SystemInit)
C:/ProgramData/MATLAB/SupportPackages/R2017b/3P.instrset/arduinoide.instrset/idepkgs/packages/arduino/hardware/sam/1.6.11/variants/arduino_due_x/libsam_sam3x8e_gcc_rel.a(adc.o)
                              variant.o (adc_init)
C:/ProgramData/MATLAB/SupportPackages/R2017b/3P.instrset/arduinoide.instrset/idepkgs/packages/arduino/hardware/sam/1.6.11/variants/arduino_due_x/libsam_sam3x8e_gcc_rel.a(interrupt_sam_nvic.o)
                              USBCore.o (g_interrupt_enabled)
C:/ProgramData/MATLAB/SupportPackages/R2017b/3P.instrset/arduinoide.instrset/idepkgs/packages/arduino/hardware/sam/1.6.11/variants/arduino_due_x/libsam_sam3x8e_gcc_rel.a(uotghs_device.o)
                              USBCore.o (UDD_SetStack)
C:/ProgramData/MATLAB/SupportPackages/R2017b/3P.instrset/arduinoide.instrset/idepkgs/packages/arduino/hardware/sam/1.6.11/variants/arduino_due_x/libsam_sam3x8e_gcc_rel.a(dacc.o)
                              wiring_analog.o (dacc_reset)
c:/programdata/matlab/supportpackages/r2017b/3p.instrset/arduinoide.instrset/idepkgs/packages/arduino/tools/arm-none-eabi-gcc/4.8.3-2014q1/bin/../lib/gcc/arm-none-eabi/4.8.3/../../../../arm-none-eabi/lib/armv7-m\libm.a(lib_a-s_fpclassify.o)
                              Print.o (__fpclassifyd)
c:/programdata/matlab/supportpackages/r2017b/3p.instrset/arduinoide.instrset/idepkgs/packages/arduino/tools/arm-none-eabi-gcc/4.8.3-2014q1/bin/../lib/gcc/arm-none-eabi/4.8.3/../../../../arm-none-eabi/lib/armv7-m\libm.a(lib_a-sf_fpclassify.o)
                              ESP8266.o (__fpclassifyf)
c:/programdata/matlab/supportpackages/r2017b/3p.instrset/arduinoide.instrset/idepkgs/packages/arduino/tools/arm-none-eabi-gcc/4.8.3-2014q1/bin/../lib/gcc/arm-none-eabi/4.8.3/armv7-m\libgcc.a(_arm_addsubdf3.o)
                              arduinodue_wifiudpreceive.o (__aeabi_dsub)
c:/programdata/matlab/supportpackages/r2017b/3p.instrset/arduinoide.instrset/idepkgs/packages/arduino/tools/arm-none-eabi-gcc/4.8.3-2014q1/bin/../lib/gcc/arm-none-eabi/4.8.3/armv7-m\libgcc.a(_arm_muldivdf3.o)
                              arduinodue_wifiudpreceive.o (__aeabi_dmul)
c:/programdata/matlab/supportpackages/r2017b/3p.instrset/arduinoide.instrset/idepkgs/packages/arduino/tools/arm-none-eabi-gcc/4.8.3-2014q1/bin/../lib/gcc/arm-none-eabi/4.8.3/armv7-m\libgcc.a(_arm_cmpdf2.o)
[...]
Memory Configuration

Name             Origin             Length             Attributes
rom              0x00080000         0x00080000         xr
sram0            0x20000000         0x00010000         xrw
sram1            0x20080000         0x00008000         xrw
ram              0x20070000         0x00018000         xrw
*default*        0x00000000         0xffffffff

Linker script and memory map

LOAD c:/programdata/matlab/supportpackages/r2017b/3p.instrset/arduinoide.instrset/idepkgs/packages/arduino/tools/arm-none-eabi-gcc/4.8.3-2014q1/bin/../lib/gcc/arm-none-eabi/4.8.3/armv7-m/crti.o
LOAD c:/programdata/matlab/supportpackages/r2017b/3p.instrset/arduinoide.instrset/idepkgs/packages/arduino/tools/arm-none-eabi-gcc/4.8.3-2014q1/bin/../lib/gcc/arm-none-eabi/4.8.3/armv7-m/crtbegin.o
LOAD c:/programdata/matlab/supportpackages/r2017b/3p.instrset/arduinoide.instrset/idepkgs/packages/arduino/tools/arm-none-eabi-gcc/4.8.3-2014q1/bin/../lib/gcc/arm-none-eabi/4.8.3/../../../../arm-none-eabi/lib/armv7-m/crt0.o
START GROUP
LOAD C:/ProgramData/MATLAB/SupportPackages/R2017b/3P.instrset/arduinoide.instrset/idepkgs/packages/arduino/hardware/sam/1.6.11/variants/arduino_due_x/libsam_sam3x8e_gcc_rel.a
LOAD MW_WiFiUDP.o
LOAD arduinodue_wifiudpreceive.o
LOAD updown.o
LOAD ext_work.o
LOAD rtiostream_utils.o
LOAD wiring_pulse_asm.S.o
LOAD dtostrf.o
LOAD cortex_handlers.o
LOAD hooks.o
LOAD iar_calls_sam3.o
LOAD itoa.o
LOAD syscalls_sam3.o
LOAD WInterrupts.o
LOAD wiring.o
LOAD wiring_analog.o
LOAD wiring_digital.o
LOAD wiring_shift.o
LOAD abi.o
LOAD IPAddress.o
LOAD new.o
LOAD Print.o
LOAD Reset.o
LOAD RingBuffer.o
LOAD Stream.o
LOAD UARTClass.o
LOAD USARTClass.o
LOAD CDC.o
LOAD PluggableUSB.o
LOAD USBCore.o
LOAD wiring_pulse.o
LOAD WMath.o
LOAD WString.o
LOAD watchdog.o
LOAD variant.o
LOAD MW_ArduinoHWInit.o
LOAD io_wrappers.o
LOAD arduinoARMScheduler.o
LOAD arm_cortex_m_multitasking.o
LOAD rtiostream_interface.o
LOAD ext_svr_daemon.o
LOAD rtiostream_serial_daemon.o
LOAD daemon_checksum.o
LOAD ESP8266.o
LOAD SPI.o
LOAD WiFi.o
LOAD WiFiClient.o
LOAD WiFiServer.o
LOAD WiFiUdp.o
LOAD server_drv.o
LOAD spi_drv.o
LOAD wifi_drv.o
LOAD ert_main.o
END GROUP
LOAD c:/programdata/matlab/supportpackages/r2017b/3p.instrset/arduinoide.instrset/idepkgs/packages/arduino/tools/arm-none-eabi-gcc/4.8.3-2014q1/bin/../lib/gcc/arm-none-eabi/4.8.3/../../../../arm-none-eabi/lib/armv7-m\libm.a
START GROUP
LOAD c:/programdata/matlab/supportpackages/r2017b/3p.instrset/arduinoide.instrset/idepkgs/packages/arduino/tools/arm-none-eabi-gcc/4.8.3-2014q1/bin/../lib/gcc/arm-none-eabi/4.8.3/armv7-m\libgcc.a
LOAD c:/programdata/matlab/supportpackages/r2017b/3p.instrset/arduinoide.instrset/idepkgs/packages/arduino/tools/arm-none-eabi-gcc/4.8.3-2014q1/bin/../lib/gcc/arm-none-eabi/4.8.3/../../../../arm-none-eabi/lib/armv7-m\libg.a
LOAD c:/programdata/matlab/supportpackages/r2017b/3p.instrset/arduinoide.instrset/idepkgs/packages/arduino/tools/arm-none-eabi-gcc/4.8.3-2014q1/bin/../lib/gcc/arm-none-eabi/4.8.3/../../../../arm-none-eabi/lib/armv7-m\libc.a
END GROUP
LOAD c:/programdata/matlab/supportpackages/r2017b/3p.instrset/arduinoide.instrset/idepkgs/packages/arduino/tools/arm-none-eabi-gcc/4.8.3-2014q1/bin/../lib/gcc/arm-none-eabi/4.8.3/armv7-m/crtend.o
LOAD c:/programdata/matlab/supportpackages/r2017b/3p.instrset/arduinoide.instrset/idepkgs/packages/arduino/tools/arm-none-eabi-gcc/4.8.3-2014q1/bin/../lib/gcc/arm-none-eabi/4.8.3/armv7-m/crtn.o

.text           0x00080000     0x9808
                0x00080000                . = ALIGN (0x4)
                0x00080000                _sfixed = .
 *(.vectors .vectors.*)
 .vectors       0x00080000       0xf4 C:/ProgramData/MATLAB/SupportPackages/R2017b/3P.instrset/arduinoide.instrset/idepkgs/packages/arduino/hardware/sam/1.6.11/variants/arduino_due_x/libsam_sam3x8e_gcc_rel.a(startup_sam3xa.o)
                0x00080000                exception_table
 *(.text .text.* .gnu.linkonce.t.*)
 .text          0x000800f4       0x54 c:/programdata/matlab/supportpackages/r2017b/3p.instrset/arduinoide.instrset/idepkgs/packages/arduino/tools/arm-none-eabi-gcc/4.8.3-2014q1/bin/../lib/gcc/arm-none-eabi/4.8.3/armv7-m/crtbegin.o
 .text.Reset_Handler
                0x00080148       0x78 C:/ProgramData/MATLAB/SupportPackages/R2017b/3P.instrset/arduinoide.instrset/idepkgs/packages/arduino/hardware/sam/1.6.11/variants/arduino_due_x/libsam_sam3x8e_gcc_rel.a(startup_sam3xa.o)
                0x00080148                Reset_Handler
 .text.UOTGHS_Handler
                0x000801c0       0x10 C:/ProgramData/MATLAB/SupportPackages/R2017b/3P.instrset/arduinoide.instrset/idepkgs/packages/arduino/hardware/sam/1.6.11/variants/arduino_due_x/libsam_sam3x8e_gcc_rel.a(uotghs.o)
                0x000801c0                UOTGHS_Handler
 .text._ZN7ESP8266D2Ev
                0x000801d0       0x20 MW_WiFiUDP.o
                0x000801d0                ESP8266::~ESP8266()
                0x000801d0                ESP8266::~ESP8266()
 .text.MW_WifiAndUDPBegin
                0x000801f0      0x108 MW_WiFiUDP.o
                0x000801f0                MW_WifiAndUDPBegin
 .text.MW_WifiUDPFinalRead
                0x000802f8       0x50 MW_WiFiUDP.o
                0x000802f8                MW_WifiUDPFinalRead
 .text.startup._GLOBAL__sub_I_esp8266obj
                0x00080348       0x6c MW_WiFiUDP.o
 .text.arduinodue_wifiudpreceive_step
                0x000803b4       0xd8 arduinodue_wifiudpreceive.o
                0x000803b4                arduinodue_wifiudpreceive_step
 .text.arduinodue_wifiudpreceive_initialize
                0x0008048c       0xe4 arduinodue_wifiudpreceive.o
                0x0008048c                arduinodue_wifiudpreceive_initialize
 .text.arduinodue_wifiudpreceive_terminate
                0x00080570       0x14 arduinodue_wifiudpreceive.o
                0x00080570                arduinodue_wifiudpreceive_terminate
 .text.UploadBufAssignMem
                0x00080584       0x6a updown.o
 *fill*         0x000805ee        0x2 
 .text.UploadDestroyTrigger
                0x000805f0       0x54 updown.o
 .text.InitUploadSection.isra.0
                0x00080644       0x34 updown.o
 .text.SetParam
                0x00080678       0x72 updown.o
                0x00080678                SetParam
 *fill*         0x000806ea        0x2 
 .text.UploadLogInfoReset
                0x000806ec       0x3c updown.o
                0x000806ec                UploadLogInfoReset
 .text.UploadLogInfoTerm
                0x00080728       0xa4 updown.o
                0x00080728                UploadLogInfoTerm
 .text.UploadPrepareForFinalFlush
                0x000807cc       0x24 updown.o
                0x000807cc                UploadPrepareForFinalFlush
 .text.UploadLogInfoInit
                0x000807f0      0x1ac updown.o
                0x000807f0                UploadLogInfoInit
 .text.UploadInitTrigger
                0x0008099c       0xe4 updown.o
                0x0008099c                UploadInitTrigger
 .text.UploadArmTrigger
                0x00080a80       0x50 updown.o
                0x00080a80                UploadArmTrigger
 .text.UploadEndLoggingSession
                0x00080ad0       0x18 updown.o
                0x00080ad0                UploadEndLoggingSession
 .text.UploadCancelLogging
                0x00080ae8       0x34 updown.o
                0x00080ae8                UploadCancelLogging
 .text.UploadBufDataSent
                0x00080b1c       0x34 updown.o
                0x00080b1c                UploadBufDataSent
 .text.UploadBufAddTimePoint
                0x00080b50      0x340 updown.o
                0x00080b50                UploadBufAddTimePoint
 .text.UploadCheckTrigger
                0x00080e90       0x54 updown.o
                0x00080e90                UploadCheckTrigger
 .text.UploadCheckEndTrigger
                0x00080ee4       0x28 updown.o
                0x00080ee4                UploadCheckEndTrigger
 .text.UploadBufGetData
                0x00080f0c       0xf0 updown.o
                0x00080f0c                UploadBufGetData
 .text.rtExtModeWaitForStartPkt
                0x00080ffc       0x50 ext_work.o
                0x00080ffc                rtExtModeWaitForStartPkt
 .text.rtExtModeOneStep
                0x0008104c       0x20 ext_work.o
                0x0008104c                rtExtModeOneStep
 .text.rtExtModeUpload
                0x0008106c        0x4 ext_work.o
                0x0008106c                rtExtModeUpload
 .text.rtExtModeCheckEndTrigger
                0x00081070        0x4 ext_work.o
                0x00081070                rtExtModeCheckEndTrigger
 .text.rtExtModeUploadCheckTrigger
                0x00081074        0x4 ext_work.o
                0x00081074                rtExtModeUploadCheckTrigger
 .text.rtExtModeCheckInit
                0x00081078        0x4 ext_work.o
                0x00081078                rtExtModeCheckInit
 .text.rtExtModeShutdown
                0x0008107c        0x4 ext_work.o
                0x0008107c                rtExtModeShutdown
 .text.rtSetTFinalForExtMode
                0x00081080        0x2 ext_work.o
                0x00081080                rtSetTFinalForExtMode
 .text.rtParseArgsForExtMode
                0x00081082        0x8 ext_work.o
                0x00081082                rtParseArgsForExtMode
 .text.rtERTExtModeStartMsg
                0x0008108a        0x2 ext_work.o
                0x0008108a                rtERTExtModeStartMsg
 .text.rtIOStreamBlockingSend
                0x0008108c       0x32 rtiostream_utils.o
                0x0008108c                rtIOStreamBlockingSend
 .text.__halt   0x000810be        0x2 cortex_handlers.o
                0x000810be                DACC_Handler
                0x000810be                DebugMon_Handler
                0x000810be                DMAC_Handler
                0x000810be                TRNG_Handler
                0x000810be                HardFault_Handler
                0x000810be                TC2_Handler
                0x000810be                TWI1_Handler
                0x000810be                NMI_Handler
                0x000810be                TC7_Handler
                0x000810be                ADC_Handler
                0x000810be                SMC_Handler
                0x000810be                RTT_Handler
                0x000810be                EFC1_Handler
                0x000810be                RTC_Handler
                0x000810be                UsageFault_Handler
                0x000810be                TC6_Handler
                0x000810be                WDT_Handler
                0x000810be                CAN0_Handler
                0x000810be                TC4_Handler
                0x000810be                TC1_Handler
                0x000810be                HSMCI_Handler
                0x000810be                TC3_Handler
                0x000810be                TWI0_Handler
                0x000810be                SSC_Handler
                0x000810be                EFC0_Handler
                0x000810be                PMC_Handler
                0x000810be                PWM_Handler
                0x000810be                CAN1_Handler
                0x000810be                MemManage_Handler
                0x000810be                SUPC_Handler
                0x000810be                USART2_Handler
                0x000810be                EMAC_Handler
                0x000810be                BusFault_Handler
                0x000810be                RSTC_Handler
                0x000810be                TC0_Handler
                0x000810be                TC5_Handler
                0x000810be                SPI0_Handler
 .text.SVC_Handler
                0x000810c0        0x4 cortex_handlers.o
                0x000810c0                SVC_Handler
 .text.PendSV_Handler
                0x000810c4        0x4 cortex_handlers.o
                0x000810c4                PendSV_Handler
 .text.SysTick_Handler
                0x000810c8       0x16 cortex_handlers.o
                0x000810c8                SysTick_Handler
 .text.__empty  0x000810de        0x2 hooks.o
                0x000810de                yield
 .text.__false  0x000810e0        0x4 hooks.o
                0x000810e0                sysTickHook
 .text.__halt   0x000810e4        0x2 hooks.o
                0x000810e4                pendSVHook
 .text.ltoa     0x000810e6       0x6e itoa.o
                0x000810e6                ltoa
 .text.itoa     0x00081154        0x4 itoa.o
                0x00081154                itoa
 .text._sbrk    0x00081158       0x1c syscalls_sam3.o
                0x00081158                _sbrk
 .text._close   0x00081174        0x6 syscalls_sam3.o
                0x00081174                _close
 .text._fstat   0x0008117a        0xa syscalls_sam3.o
                0x0008117a                _fstat
 .text._isatty  0x00081184        0x4 syscalls_sam3.o
                0x00081184                _isatty
 .text._lseek   0x00081188        0x4 syscalls_sam3.o
                0x00081188                _lseek
 .text._read    0x0008118c        0x4 syscalls_sam3.o
                0x0008118c                _read
 .text._write   0x00081190       0x24 syscalls_sam3.o
                0x00081190                _write
 .text._exit    0x000811b4       0x10 syscalls_sam3.o
                0x000811b4                _exit
 .text._kill    0x000811c4        0x2 syscalls_sam3.o
                0x000811c4                _kill
 .text._getpid  0x000811c6        0x6 syscalls_sam3.o
                0x000811c6                _getpid
 .text.PIOA_Handler
                0x000811cc       0x38 WInterrupts.o
                0x000811cc                PIOA_Handler
 .text.PIOB_Handler
                0x00081204       0x38 WInterrupts.o
                0x00081204                PIOB_Handler
 .text.PIOC_Handler
                0x0008123c       0x38 WInterrupts.o
                0x0008123c                PIOC_Handler
 .text.PIOD_Handler
                0x00081274       0x38 WInterrupts.o
                0x00081274                PIOD_Handler
 .text.millis   0x000812ac        0x4 wiring.o
                0x000812ac                millis
 .text.delay    0x000812b0       0x1c wiring.o
                0x000812b0                delay
 .text.analogOutputInit
                0x000812cc        0x2 wiring_analog.o
                0x000812cc                analogOutputInit
 *fill*         0x000812ce        0x2 
 .text.pinMode  0x000812d0      0x108 wiring_digital.o
                0x000812d0                pinMode
 .text.digitalWrite
                0x000813d8       0x70 wiring_digital.o
                0x000813d8                digitalWrite
 .text._ZNK9IPAddress7printToER5Print
                0x00081448       0x3c IPAddress.o
                0x00081448                IPAddress::printTo(Print&) const
 .text._ZN9IPAddressC2Ev
                0x00081484       0x10 IPAddress.o
                0x00081484                IPAddress::IPAddress()
                0x00081484                IPAddress::IPAddress()
 .text._ZN9IPAddressC2Ehhhh
                0x00081494       0x18 IPAddress.o
                0x00081494                IPAddress::IPAddress(unsigned char, unsigned char, unsigned char, unsigned char)
                0x00081494                IPAddress::IPAddress(unsigned char, unsigned char, unsigned char, unsigned char)
 .text.startup._GLOBAL__sub_I__ZN9IPAddressC2Ev
                0x000814ac       0x1c IPAddress.o
 .text._ZN5Print5writeEPKhj
                0x000814c8       0x22 Print.o
                0x000814c8                Print::write(unsigned char const*, unsigned int)
 .text._ZN5Print5printEmi.part.3
                0x000814ea        0xc Print.o
 .text._ZN5Print5writeEPKc
                0x000814f6       0x1e Print.o
                0x000814f6                Print::write(char const*)
 .text._ZN5Print5printEPKc
                0x00081514        0x8 Print.o
                0x00081514                Print::print(char const*)
 .text._ZN5Print5printEc
                0x0008151c        0xa Print.o
                0x0008151c                Print::print(char)
 .text._ZN5Print5printERK9Printable
                0x00081526       0x10 Print.o
                0x00081526                Print::print(Printable const&)
 *fill*         0x00081536        0x2 
 .text._ZN5Print7printlnEv
                0x00081538       0x10 Print.o
                0x00081538                Print::println()
 .text._ZN5Print7printlnEPKc
                0x00081548       0x14 Print.o
                0x00081548                Print::println(char const*)
 .text._ZN5Print11printNumberEmh
                0x0008155c       0x3e Print.o
                0x0008155c                Print::printNumber(unsigned long, unsigned char)
 .text._ZN5Print5printEli
                0x0008159a       0x3c Print.o
                0x0008159a                Print::print(long, int)
 .text._ZN5Print5printEii
                0x000815d6        0x4 Print.o
                0x000815d6                Print::print(int, int)
 .text._ZN5Print5printEmi
                0x000815da        0xc Print.o
                0x000815da                Print::print(unsigned long, int)
 .text._ZN5Print5printEhi
                0x000815e6        0x4 Print.o
                0x000815e6                Print::print(unsigned char, int)
 *fill*         0x000815ea        0x2 
 .text.initiateReset
                0x000815ec        0xc Reset.o
                0x000815ec                initiateReset
 .text.cancelReset
                0x000815f8       0x10 Reset.o
                0x000815f8                cancelReset
 .text.tickReset
                0x00081608       0x20 Reset.o
                0x00081608                tickReset
 .text._ZN10RingBufferC2Ev
                0x00081628       0x1a RingBuffer.o
                0x00081628                RingBuffer::RingBuffer()
                0x00081628                RingBuffer::RingBuffer()
 .text._ZN10RingBuffer10store_charEh
                0x00081642       0x1e RingBuffer.o
                0x00081642                RingBuffer::store_char(unsigned char)
 .text._ZN6Stream9timedReadEv
                0x00081660       0x2a Stream.o
                0x00081660                Stream::timedRead()
 .text._ZN6Stream9readBytesEPcj
                0x0008168a       0x22 Stream.o
                0x0008168a                Stream::readBytes(char*, unsigned int)
 .text._ZN9UARTClasscvbEv
                0x000816ac        0x4 UARTClass.o
                0x000816ac                UARTClass::operator bool()
 .text._ZN9UARTClass9availableEv
                0x000816b0       0x12 UARTClass.o
                0x000816b0                UARTClass::available()
 .text._ZN9UARTClass4peekEv
                0x000816c2       0x1c UARTClass.o
                0x000816c2                UARTClass::peek()
 .text._ZN9UARTClass4readEv
                0x000816de       0x2a UARTClass.o
                0x000816de                UARTClass::read()
 .text._ZN9UARTClass5flushEv
                0x00081708       0x18 UARTClass.o
                0x00081708                UARTClass::flush()
 .text._ZN9UARTClass5writeEh
                0x00081720       0x54 UARTClass.o
                0x00081720                UARTClass::write(unsigned char)
 .text._ZN9UARTClass3endEv
                0x00081774       0x3c UARTClass.o
                0x00081774                UARTClass::end()
 .text._ZN9UARTClassC2EP4Uart4IRQnmP10RingBufferS4_
                0x000817b0       0x24 UARTClass.o
                0x000817b0                UARTClass::UARTClass(Uart*, IRQn, unsigned long, RingBuffer*, RingBuffer*)
                0x000817b0                UARTClass::UARTClass(Uart*, IRQn, unsigned long, RingBuffer*, RingBuffer*)
 .text._ZN9UARTClass4initEmm
                0x000817d4       0x70 UARTClass.o
                0x000817d4                UARTClass::init(unsigned long, unsigned long)
 .text._ZN9UARTClass5beginEm
                0x00081844        0x8 UARTClass.o
                0x00081844                UARTClass::begin(unsigned long)
 .text._ZN9UARTClass10IrqHandlerEv
                0x0008184c       0x5a UARTClass.o
                0x0008184c                UARTClass::IrqHandler()
 .text._ZN10USARTClass5beginEm
                0x000818a6        0x8 USARTClass.o
                0x000818a6                USARTClass::begin(unsigned long)
 *fill*         0x000818ae        0x2 
 .text._ZN10USARTClassC2EP5Usart4IRQnmP10RingBufferS4_
                0x000818b0       0x24 USARTClass.o
                0x000818b0                USARTClass::USARTClass(Usart*, IRQn, unsigned long, RingBuffer*, RingBuffer*)
                0x000818b0                USARTClass::USARTClass(Usart*, IRQn, unsigned long, RingBuffer*, RingBuffer*)
 .text._ZN7Serial_9availableEv
                0x000818d4       0x18 CDC.o
                0x000818d4                Serial_::available()
 .text._ZN7Serial_17availableForWriteEv
                0x000818ec        0x6 CDC.o
                0x000818ec                Serial_::availableForWrite()
 *fill*         0x000818f2        0x2 
 .text._ZN7Serial_4peekEv
                0x000818f4       0x20 CDC.o
                0x000818f4                Serial_::peek()
 .text._ZN7Serial_5writeEh
                0x00081914       0x16 CDC.o
                0x00081914                Serial_::write(unsigned char)
 *fill*         0x0008192a        0x2 
 .text._ZN7Serial_4readEv
                0x0008192c       0x44 CDC.o
                0x0008192c                Serial_::read()
 .text._ZN7Serial_5flushEv
                0x00081970        0x6 CDC.o
                0x00081970                Serial_::flush()
 *fill*         0x00081976        0x2 
 .text._ZN7Serial_6acceptEv
                0x00081978       0x70 CDC.o
                0x00081978                Serial_::accept()
 .text._ZN7Serial_5writeEPKhj
                0x000819e8       0x2c CDC.o
                0x000819e8                Serial_::write(unsigned char const*, unsigned int)
 .text._Z16CDC_GetInterfacePh
                0x00081a14       0x14 CDC.o
                0x00081a14                CDC_GetInterface(unsigned char*)
 .text._Z21CDC_GetOtherInterfacePh
                0x00081a28       0x14 CDC.o
                0x00081a28                CDC_GetOtherInterface(unsigned char*)
 .text._Z9CDC_SetupR8USBSetup
                0x00081a3c       0x78 CDC.o
                0x00081a3c                CDC_Setup(USBSetup&)
 .text.startup._GLOBAL__sub_I_cdc_rx_buffer
                0x00081ab4       0x1c CDC.o
 .text._ZN13PluggableUSB_12getInterfaceEPh
                0x00081ad0       0x28 PluggableUSB.o
                0x00081ad0                PluggableUSB_::getInterface(unsigned char*)
 .text._ZN13PluggableUSB_13getDescriptorER8USBSetup
                0x00081af8       0x1c PluggableUSB.o
                0x00081af8                PluggableUSB_::getDescriptor(USBSetup&)
 .text._ZN13PluggableUSB_12getShortNameEPc
                0x00081b14       0x1c PluggableUSB.o
                0x00081b14                PluggableUSB_::getShortName(char*)
 .text._ZN13PluggableUSB_5setupER8USBSetup
                0x00081b30       0x20 PluggableUSB.o
                0x00081b30                PluggableUSB_::setup(USBSetup&)
 .text._Z12PluggableUSBv
                0x00081b50       0x28 PluggableUSB.o
                0x00081b50                PluggableUSB()
 .text.unlikely._ZL11USB_SendZlpv
                0x00081b78       0x20 USBCore.o
 .text._Z14USBD_Availablem
                0x00081b98       0x2c USBCore.o
                0x00081b98                USBD_Available(unsigned long)
 .text._Z9USBD_RecvmPvm
                0x00081bc4       0x7c USBCore.o
                0x00081bc4                USBD_Recv(unsigned long, void*, unsigned long)
 .text._Z9USBD_Recvm
                0x00081c40       0x22 USBCore.o
                0x00081c40                USBD_Recv(unsigned long)
 *fill*         0x00081c62        0x2 
 .text._Z9USBD_SendmPKvm
                0x00081c64       0x4c USBCore.o
                0x00081c64                USBD_Send(unsigned long, void const*, unsigned long)
 .text._Z16USBD_SendControlhPKvm
                0x00081cb0       0x40 USBCore.o
                0x00081cb0                USBD_SendControl(unsigned char, void const*, unsigned long)
 .text.unlikely._ZL24USB_SendStringDescriptorPKhi
                0x00081cf0       0x64 USBCore.o
 .text._Z16USBD_RecvControlPvm
                0x00081d54       0x1c USBCore.o
                0x00081d54                USBD_RecvControl(void*, unsigned long)
 .text._Z26USBD_ClassInterfaceRequestR8USBSetup
                0x00081d70       0x1e USBCore.o
                0x00081d70                USBD_ClassInterfaceRequest(USBSetup&)
 .text._Z19USBD_SendInterfacesv
                0x00081d8e       0x22 USBCore.o
                0x00081d8e                USBD_SendInterfaces()
 .text._Z24USBD_SendOtherInterfacesv
                0x00081db0       0x22 USBCore.o
                0x00081db0                USBD_SendOtherInterfaces()
 .text._Z10USBD_Flushm
                0x00081dd2       0x16 USBCore.o
                0x00081dd2                USBD_Flush(unsigned long)
 .text._ZN10USBDevice_C2Ev
                0x00081de8       0x24 USBCore.o
                0x00081de8                USBDevice_::USBDevice_()
                0x00081de8                USBDevice_::USBDevice_()
 .text.startup._GLOBAL__sub_I_EndPoints
                0x00081e0c        0xc USBCore.o
 .text._ZL7USB_ISRv
                0x00081e18      0x454 USBCore.o
 .text._ZN6StringD2Ev
                0x0008226c        0xe WString.o
                0x0008226c                String::~String()
                0x0008226c                String::~String()
 .text._ZN6String10invalidateEv
                0x0008227a       0x16 WString.o
                0x0008227a                String::invalidate()
 .text._ZN6String12changeBufferEj
                0x00082290       0x18 WString.o
                0x00082290                String::changeBuffer(unsigned int)
 .text._ZN6String7reserveEj
                0x000822a8       0x22 WString.o
                0x000822a8                String::reserve(unsigned int)
 .text._ZN6String4copyEPKcj
                0x000822ca       0x26 WString.o
                0x000822ca                String::copy(char const*, unsigned int)
 .text._ZN6StringC2EPKc
                0x000822f0       0x24 WString.o
                0x000822f0                String::String(char const*)
                0x000822f0                String::String(char const*)
 .text._Z15watchdogDisablev
                0x00082314        0xc watchdog.o
                0x00082314                watchdogDisable()
 .text.UART_Handler
                0x00082320        0xc variant.o
                0x00082320                UART_Handler
 .text.USART0_Handler
                0x0008232c        0xc variant.o
                0x0008232c                USART0_Handler
 .text.USART1_Handler
                0x00082338        0xc variant.o
                0x00082338                USART1_Handler
 .text.USART3_Handler
                0x00082344        0xc variant.o
                0x00082344                USART3_Handler
 .text.init     0x00082350      0x128 variant.o
                0x00082350                init
 .text.startup._GLOBAL__sub_I_g_APinDescription
                0x00082478       0xd4 variant.o
 .text.MW_Arduino_Init
                0x0008254c       0x14 MW_ArduinoHWInit.o
                0x0008254c                MW_Arduino_Init
 .text.Serial_begin
                0x00082560       0x34 io_wrappers.o
                0x00082560                Serial_begin
 .text._ZL13Scheduler_Isrv
                0x00082594       0x14 arduinoARMScheduler.o
 .text.TC8_Handler
                0x000825a8       0x1c arduinoARMScheduler.o
                0x000825a8                TC8_Handler
 .text.Setup_SchedulerTimer
                0x000825c4       0x84 arduinoARMScheduler.o
                0x000825c4                Setup_SchedulerTimer
 .text.configureArduinoARMTimer
                0x00082648       0x24 arduinoARMScheduler.o
                0x00082648                configureArduinoARMTimer
 .text.MW_Arduino_Loop
                0x0008266c        0x4 arduinoARMScheduler.o
                0x0008266c                MW_Arduino_Loop
 .text.arm_cortex_m_call_thread_with_context_switch
                0x00082670       0x34 arm_cortex_m_multitasking.o
                0x00082670                arm_cortex_m_call_thread_with_context_switch
 .text.svcHook  0x000826a4       0x2c arm_cortex_m_multitasking.o
                0x000826a4                svcHook
 .text.ExtProcessArgs
                0x000826d0       0x70 rtiostream_interface.o
                0x000826d0                ExtProcessArgs
 .text.ExtUserDataCreate
                0x00082740        0x8 rtiostream_interface.o
                0x00082740                ExtUserDataCreate
 .text.ExtInit  0x00082748        0x4 rtiostream_interface.o
                0x00082748                ExtInit
 .text.ExtSetHostPkt
                0x0008274c       0x20 rtiostream_interface.o
                0x0008274c                ExtSetHostPkt
 .text.ExtGetHostPkt
                0x0008276c       0x22 rtiostream_interface.o
                0x0008276c                ExtGetHostPkt
 .text.ExtWaitForStartPktFromHost
                0x0008278e        0x4 rtiostream_interface.o
                0x0008278e                ExtWaitForStartPktFromHost
 .text.ExtUserDataDestroy
                0x00082792        0x2 rtiostream_interface.o
                0x00082792                ExtUserDataDestroy
 .text.ExtModeSleep
                0x00082794        0x2 rtiostream_interface.o
                0x00082794                ExtModeSleep
 .text.ExtOpenConnection
                0x00082796        0x8 rtiostream_interface.o
                0x00082796                ExtOpenConnection
 .text.ExtForceDisconnect
                0x0008279e        0x2 rtiostream_interface.o
                0x0008279e                ExtForceDisconnect
 .text.ExtCloseConnection
                0x000827a0        0xc rtiostream_interface.o
                0x000827a0                ExtCloseConnection
 .text.ExtShutDown
                0x000827ac        0x6 rtiostream_interface.o
                0x000827ac                ExtShutDown
 *fill*         0x000827b2        0x2 
 .text.SendPktHdrToHost
                0x000827b4       0x30 ext_svr_daemon.o
 .text.SendPktDataToHost
                0x000827e4       0x28 ext_svr_daemon.o
 .text.ForceDisconnectFromHost
                0x0008280c       0x3c ext_svr_daemon.o
 .text.GetPktUsingAck
                0x00082848      0x25c ext_svr_daemon.o
 .text.SendPktToHost
                0x00082aa4       0x3c ext_svr_daemon.o
                0x00082aa4                SendPktToHost
 .text.SendResponseStatus
                0x00082ae0       0x14 ext_svr_daemon.o
 .text.ProcessSelectTriggerSignalPkt.isra.1
                0x00082af4       0x6c ext_svr_daemon.o
 .text.ExtParseArgsAndInitUD
                0x00082b60       0x38 ext_svr_daemon.o
                0x00082b60                ExtParseArgsAndInitUD
 .text.ExtWaitForStartPkt
                0x00082b98        0xc ext_svr_daemon.o
                0x00082b98                ExtWaitForStartPkt
 .text.UploadServerWork
                0x00082ba4      0x250 ext_svr_daemon.o
                0x00082ba4                UploadServerWork
 .text.rt_UploadServerWork
                0x00082df4       0x18 ext_svr_daemon.o
                0x00082df4                rt_UploadServerWork
 .text.rt_ExtModeInit
                0x00082e0c       0x20 ext_svr_daemon.o
                0x00082e0c                rt_ExtModeInit
 .text.rt_ExtModeSleep
                0x00082e2c       0x14 ext_svr_daemon.o
                0x00082e2c                rt_ExtModeSleep
 .text.rt_PktServerWork
                0x00082e40      0x3e8 ext_svr_daemon.o
                0x00082e40                rt_PktServerWork
 .text.rt_ExtModeShutdown
                0x00083228       0x7c ext_svr_daemon.o
                0x00083228                rt_ExtModeShutdown
 .text.rt_UploadCheckTrigger
                0x000832a4       0x18 ext_svr_daemon.o
                0x000832a4                rt_UploadCheckTrigger
 .text.rt_UploadCheckEndTrigger
                0x000832bc       0x12 ext_svr_daemon.o
                0x000832bc                rt_UploadCheckEndTrigger
 .text.rt_UploadBufAddTimePoint
                0x000832ce       0x22 ext_svr_daemon.o
                0x000832ce                rt_UploadBufAddTimePoint
 .text.rtIOStreamSend
                0x000832f0       0x1c rtiostream_serial_daemon.o
                0x000832f0                rtIOStreamSend
 .text.rtIOStreamClose
                0x0008330c        0xe rtiostream_serial_daemon.o
                0x0008330c                rtIOStreamClose
 *fill*         0x0008331a        0x2 
 .text.rtIOStreamOpen
                0x0008331c       0x24 rtiostream_serial_daemon.o
                0x0008331c                rtIOStreamOpen
 .text.rtIOStreamRecv
                0x00083340       0x5c rtiostream_serial_daemon.o
                0x00083340                rtIOStreamRecv
 .text.calculate_crc8_j1850_withInit
                0x0008339c       0x20 daemon_checksum.o
                0x0008339c                calculate_crc8_j1850_withInit
 .text.calculate_crc8_j1850
                0x000833bc       0x12 daemon_checksum.o
                0x000833bc                calculate_crc8_j1850
 .text.verify_crc8_j1850
                0x000833ce       0x18 daemon_checksum.o
                0x000833ce                verify_crc8_j1850
 .text._ZN7ESP826621setHardwareSerialPortEh
                0x000833e6        0x8 ESP8266.o
                0x000833e6                ESP8266::setHardwareSerialPort(unsigned char)
 *fill*         0x000833ee        0x2 
 .text._ZN7ESP826612tcpipReceiveEPhtb
                0x000833f0       0xb4 ESP8266.o
                0x000833f0                ESP8266::tcpipReceive(unsigned char*, unsigned short, bool)
 .text._ZN7ESP82668addDelayEm
                0x000834a4       0x16 ESP8266.o
                0x000834a4                ESP8266::addDelay(unsigned long)
 .text._ZN7ESP826615clearTempBufferEv
                0x000834ba        0xa ESP8266.o
                0x000834ba                ESP8266::clearTempBuffer()
 .text._ZN7ESP826615getChipResponseEm
                0x000834c4       0x50 ESP8266.o
                0x000834c4                ESP8266::getChipResponse(unsigned long)
 .text._ZN7ESP826616searchTempBufferEPKc
                0x00083514       0x10 ESP8266.o
                0x00083514                ESP8266::searchTempBuffer(char const*)
 .text._ZN7ESP826616readChipResponseEmPKc
                0x00083524       0x58 ESP8266.o
                0x00083524                ESP8266::readChipResponse(unsigned long, char const*)
 .text._ZN7ESP826613connectToWifiEPKcS1_
                0x0008357c       0x94 ESP8266.o
                0x0008357c                ESP8266::connectToWifi(char const*, char const*)
 .text._ZN7ESP826613sendATCommandEPKcN2AT11CommandTypeES1_
                0x00083610       0x54 ESP8266.o
                0x00083610                ESP8266::sendATCommand(char const*, AT::CommandType, char const*)
 .text._ZN7ESP826612getIpAddressEv
                0x00083664       0x9c ESP8266.o
                0x00083664                ESP8266::getIpAddress()
 .text._ZN7ESP82669resetChipEv
                0x00083700       0x34 ESP8266.o
                0x00083700                ESP8266::resetChip()
 .text._ZN7ESP82667setModeEN7EspWiFi8WifiModeE
                0x00083734       0x3c ESP8266.o
                0x00083734                ESP8266::setMode(EspWiFi::WifiMode)
 .text._ZN7ESP82666setMuxEb
                0x00083770       0x38 ESP8266.o
                0x00083770                ESP8266::setMux(bool)
 .text._ZN7ESP826620testSerialConnectionEv
                0x000837a8       0x2c ESP8266.o
                0x000837a8                ESP8266::testSerialConnection()
 .text._ZN7ESP826620startTcpIpConnectionEv
                0x000837d4       0xec ESP8266.o
                0x000837d4                ESP8266::startTcpIpConnection()
 .text._ZN7ESP826614startTcpServerEv
                0x000838c0       0x4c ESP8266.o
                0x000838c0                ESP8266::startTcpServer()
 .text._ZN7ESP826618setTcpIpConnectionEN7EspWiFi19TcpipConnectionTypeEb9IPAddressttb
                0x0008390c       0x62 ESP8266.o
                0x0008390c                ESP8266::setTcpIpConnection(EspWiFi::TcpipConnectionType, bool, IPAddress, unsigned short, unsigned short, bool)
 *fill*         0x0008396e        0x2 
 .text.startup._GLOBAL__sub_I__ZN7ESP826611beginSerialEv
                0x00083970       0x1c ESP8266.o
 .text._ZN7ESP826611beginSerialEv
                0x0008398c       0x4c ESP8266.o
                0x0008398c                ESP8266::beginSerial()
 .text._ZL10SPI_0_Initv
                0x000839d8       0x48 SPI.o
 .text.startup._GLOBAL__sub_I__ZN8SPIClassC2EP3SpimPFvvE
                0x00083a20       0x24 SPI.o
 .text.startup._GLOBAL__sub_I__ZN9WiFiClass6_stateE
                0x00083a44       0x1c WiFi.o
 .text.startup._GLOBAL__sub_I__ZN10WiFiClient8_srcportE
                0x00083a60       0x1c WiFiClient.o
 .text.startup._GLOBAL__sub_I__ZN10WiFiServerC2Et
                0x00083a7c       0x1c WiFiServer.o
 .text.startup._GLOBAL__sub_I__ZN7WiFiUDPC2Ev
                0x00083a98       0x1c WiFiUdp.o
 .text.startup._GLOBAL__sub_I__ZN7WiFiDrv12_networkSsidE
                0x00083ab4       0x1c wifi_drv.o
 .text.rt_OneStep
                0x00083ad0       0x38 ert_main.o
                0x00083ad0                rt_OneStep
 .text.startup.main
                0x00083b08       0xf8 ert_main.o
                0x00083b08                main
 .text.PIO_PullUp
                0x00083c00        0xa C:/ProgramData/MATLAB/SupportPackages/R2017b/3P.instrset/arduinoide.instrset/idepkgs/packages/arduino/hardware/sam/1.6.11/variants/arduino_due_x/libsam_sam3x8e_gcc_rel.a(pio.o)
                0x00083c00                PIO_PullUp
 .text.PIO_SetPeripheral
                0x00083c0a       0x26 C:/ProgramData/MATLAB/SupportPackages/R2017b/3P.instrset/arduinoide.instrset/idepkgs/packages/arduino/hardware/sam/1.6.11/variants/arduino_due_x/libsam_sam3x8e_gcc_rel.a(pio.o)
                0x00083c0a                PIO_SetPeripheral
 .text.PIO_SetInput
                0x00083c30       0x26 C:/ProgramData/MATLAB/SupportPackages/R2017b/3P.instrset/arduinoide.instrset/idepkgs/packages/arduino/hardware/sam/1.6.11/variants/arduino_due_x/libsam_sam3x8e_gcc_rel.a(pio.o)
                0x00083c30                PIO_SetInput
 .text.PIO_SetOutput
                0x00083c56       0x24 C:/ProgramData/MATLAB/SupportPackages/R2017b/3P.instrset/arduinoide.instrset/idepkgs/packages/arduino/hardware/sam/1.6.11/variants/arduino_due_x/libsam_sam3x8e_gcc_rel.a(pio.o)
                0x00083c56                PIO_SetOutput
 *fill*         0x00083c7a        0x2 
 .text.PIO_Configure
                0x00083c7c       0x64 C:/ProgramData/MATLAB/SupportPackages/R2017b/3P.instrset/arduinoide.instrset/idepkgs/packages/arduino/hardware/sam/1.6.11/variants/arduino_due_x/libsam_sam3x8e_gcc_rel.a(pio.o)
                0x00083c7c                PIO_Configure
 .text.PIO_GetOutputDataStatus
                0x00083ce0       0x14 C:/ProgramData/MATLAB/SupportPackages/R2017b/3P.instrset/arduinoide.instrset/idepkgs/packages/arduino/hardware/sam/1.6.11/variants/arduino_due_x/libsam_sam3x8e_gcc_rel.a(pio.o)
                0x00083ce0                PIO_GetOutputDataStatus
 .text.pmc_enable_upll_clock
                0x00083cf4       0x14 C:/ProgramData/MATLAB/SupportPackages/R2017b/3P.instrset/arduinoide.instrset/idepkgs/packages/arduino/hardware/sam/1.6.11/variants/arduino_due_x/libsam_sam3x8e_gcc_rel.a(pmc.o)
                0x00083cf4                pmc_enable_upll_clock
 .text.pmc_enable_periph_clk
                0x00083d08       0x44 C:/ProgramData/MATLAB/SupportPackages/R2017b/3P.instrset/arduinoide.instrset/idepkgs/packages/arduino/hardware/sam/1.6.11/variants/arduino_due_x/libsam_sam3x8e_gcc_rel.a(pmc.o)
                0x00083d08                pmc_enable_periph_clk
 .text.pmc_disable_periph_clk
                0x00083d4c       0x40 C:/ProgramData/MATLAB/SupportPackages/R2017b/3P.instrset/arduinoide.instrset/idepkgs/packages/arduino/hardware/sam/1.6.11/variants/arduino_due_x/libsam_sam3x8e_gcc_rel.a(pmc.o)
                0x00083d4c                pmc_disable_periph_clk
 .text.pmc_switch_udpck_to_upllck
                0x00083d8c       0x14 C:/ProgramData/MATLAB/SupportPackages/R2017b/3P.instrset/arduinoide.instrset/idepkgs/packages/arduino/hardware/sam/1.6.11/variants/arduino_due_x/libsam_sam3x8e_gcc_rel.a(pmc.o)
                0x00083d8c                pmc_switch_udpck_to_upllck
 .text.pmc_enable_udpck
                0x00083da0        0xc C:/ProgramData/MATLAB/SupportPackages/R2017b/3P.instrset/arduinoide.instrset/idepkgs/packages/arduino/hardware/sam/1.6.11/variants/arduino_due_x/libsam_sam3x8e_gcc_rel.a(pmc.o)
                0x00083da0                pmc_enable_udpck
 .text.pmc_set_writeprotect
                0x00083dac       0x1c C:/ProgramData/MATLAB/SupportPackages/R2017b/3P.instrset/arduinoide.instrset/idepkgs/packages/arduino/hardware/sam/1.6.11/variants/arduino_due_x/libsam_sam3x8e_gcc_rel.a(pmc.o)
                0x00083dac                pmc_set_writeprotect
 .text.TC_Configure
                0x00083dc8       0x38 C:/ProgramData/MATLAB/SupportPackages/R2017b/3P.instrset/arduinoide.instrset/idepkgs/packages/arduino/hardware/sam/1.6.11/variants/arduino_due_x/libsam_sam3x8e_gcc_rel.a(tc.o)
                0x00083dc8                TC_Configure
 .text.TC_Start
                0x00083e00       0x2c C:/ProgramData/MATLAB/SupportPackages/R2017b/3P.instrset/arduinoide.instrset/idepkgs/packages/arduino/hardware/sam/1.6.11/variants/arduino_due_x/libsam_sam3x8e_gcc_rel.a(tc.o)
                0x00083e00                TC_Start
 .text.TC_GetStatus
                0x00083e2c        0x8 C:/ProgramData/MATLAB/SupportPackages/R2017b/3P.instrset/arduinoide.instrset/idepkgs/packages/arduino/hardware/sam/1.6.11/variants/arduino_due_x/libsam_sam3x8e_gcc_rel.a(tc.o)
                0x00083e2c                TC_GetStatus
 .text.TC_SetRC
                0x00083e34        0x8 C:/ProgramData/MATLAB/SupportPackages/R2017b/3P.instrset/arduinoide.instrset/idepkgs/packages/arduino/hardware/sam/1.6.11/variants/arduino_due_x/libsam_sam3x8e_gcc_rel.a(tc.o)
                0x00083e34                TC_SetRC
 .text.TimeTick_Increment
                0x00083e3c       0x10 C:/ProgramData/MATLAB/SupportPackages/R2017b/3P.instrset/arduinoide.instrset/idepkgs/packages/arduino/hardware/sam/1.6.11/variants/arduino_due_x/libsam_sam3x8e_gcc_rel.a(timetick.o)
                0x00083e3c                TimeTick_Increment
 .text.GetTickCount
                0x00083e4c        0xc C:/ProgramData/MATLAB/SupportPackages/R2017b/3P.instrset/arduinoide.instrset/idepkgs/packages/arduino/hardware/sam/1.6.11/variants/arduino_due_x/libsam_sam3x8e_gcc_rel.a(timetick.o)
                0x00083e4c                GetTickCount
 .text.WDT_Disable
                0x00083e58        0x8 C:/ProgramData/MATLAB/SupportPackages/R2017b/3P.instrset/arduinoide.instrset/idepkgs/packages/arduino/hardware/sam/1.6.11/variants/arduino_due_x/libsam_sam3x8e_gcc_rel.a(wdt.o)
                0x00083e58                WDT_Disable
 .text.SystemInit
                0x00083e60       0x88 C:/ProgramData/MATLAB/SupportPackages/R2017b/3P.instrset/arduinoide.instrset/idepkgs/packages/arduino/hardware/sam/1.6.11/variants/arduino_due_x/libsam_sam3x8e_gcc_rel.a(system_sam3xa.o)
                0x00083e60                SystemInit
 .text.adc_init
                0x00083ee8       0x98 C:/ProgramData/MATLAB/SupportPackages/R2017b/3P.instrset/arduinoide.instrset/idepkgs/packages/arduino/hardware/sam/1.6.11/variants/arduino_due_x/libsam_sam3x8e_gcc_rel.a(adc.o)
                0x00083ee8                adc_init
 .text.adc_configure_trigger
                0x00083f80        0xe C:/ProgramData/MATLAB/SupportPackages/R2017b/3P.instrset/arduinoide.instrset/idepkgs/packages/arduino/hardware/sam/1.6.11/variants/arduino_due_x/libsam_sam3x8e_gcc_rel.a(adc.o)
                0x00083f80                adc_configure_trigger
 .text.adc_configure_timing
                0x00083f8e       0x1a C:/ProgramData/MATLAB/SupportPackages/R2017b/3P.instrset/arduinoide.instrset/idepkgs/packages/arduino/hardware/sam/1.6.11/variants/arduino_due_x/libsam_sam3x8e_gcc_rel.a(adc.o)
                0x00083f8e                adc_configure_timing
 .text.adc_disable_channel
                0x00083fa8        0xa C:/ProgramData/MATLAB/SupportPackages/R2017b/3P.instrset/arduinoide.instrset/idepkgs/packages/arduino/hardware/sam/1.6.11/variants/arduino_due_x/libsam_sam3x8e_gcc_rel.a(adc.o)
                0x00083fa8                adc_disable_channel
 .text.adc_disable_all_channel
                0x00083fb2        0x8 C:/ProgramData/MATLAB/SupportPackages/R2017b/3P.instrset/arduinoide.instrset/idepkgs/packages/arduino/hardware/sam/1.6.11/variants/arduino_due_x/libsam_sam3x8e_gcc_rel.a(adc.o)
                0x00083fb2                adc_disable_all_channel
 .text.adc_disable_interrupt
                0x00083fba        0x4 C:/ProgramData/MATLAB/SupportPackages/R2017b/3P.instrset/arduinoide.instrset/idepkgs/packages/arduino/hardware/sam/1.6.11/variants/arduino_due_x/libsam_sam3x8e_gcc_rel.a(adc.o)
                0x00083fba                adc_disable_interrupt
 *fill*         0x00083fbe        0x2 
 .text.UDD_SetStack
                0x00083fc0        0xc C:/ProgramData/MATLAB/SupportPackages/R2017b/3P.instrset/arduinoide.instrset/idepkgs/packages/arduino/hardware/sam/1.6.11/variants/arduino_due_x/libsam_sam3x8e_gcc_rel.a(uotghs_device.o)
                0x00083fc0                UDD_SetStack
 .text.UDD_Init
                0x00083fcc       0xd0 C:/ProgramData/MATLAB/SupportPackages/R2017b/3P.instrset/arduinoide.instrset/idepkgs/packages/arduino/hardware/sam/1.6.11/variants/arduino_due_x/libsam_sam3x8e_gcc_rel.a(uotghs_device.o)
                0x00083fcc                UDD_Init
 .text.UDD_InitEP
                0x0008409c       0x2c C:/ProgramData/MATLAB/SupportPackages/R2017b/3P.instrset/arduinoide.instrset/idepkgs/packages/arduino/hardware/sam/1.6.11/variants/arduino_due_x/libsam_sam3x8e_gcc_rel.a(uotghs_device.o)
                0x0008409c                UDD_InitEP
 .text.UDD_InitEndpoints
                0x000840c8       0x3c C:/ProgramData/MATLAB/SupportPackages/R2017b/3P.instrset/arduinoide.instrset/idepkgs/packages/arduino/hardware/sam/1.6.11/variants/arduino_due_x/libsam_sam3x8e_gcc_rel.a(uotghs_device.o)
                0x000840c8                UDD_InitEndpoints
 .text.UDD_WaitIN
                0x00084104       0x10 C:/ProgramData/MATLAB/SupportPackages/R2017b/3P.instrset/arduinoide.instrset/idepkgs/packages/arduino/hardware/sam/1.6.11/variants/arduino_due_x/libsam_sam3x8e_gcc_rel.a(uotghs_device.o)
                0x00084104                UDD_WaitIN
 .text.UDD_WaitOUT
                0x00084114       0x10 C:/ProgramData/MATLAB/SupportPackages/R2017b/3P.instrset/arduinoide.instrset/idepkgs/packages/arduino/hardware/sam/1.6.11/variants/arduino_due_x/libsam_sam3x8e_gcc_rel.a(uotghs_device.o)
                0x00084114                UDD_WaitOUT
 .text.UDD_ClearIN
                0x00084124       0x18 C:/ProgramData/MATLAB/SupportPackages/R2017b/3P.instrset/arduinoide.instrset/idepkgs/packages/arduino/hardware/sam/1.6.11/variants/arduino_due_x/libsam_sam3x8e_gcc_rel.a(uotghs_device.o)
                0x00084124                UDD_ClearIN
 .text.UDD_ClearOUT
                0x0008413c       0x18 C:/ProgramData/MATLAB/SupportPackages/R2017b/3P.instrset/arduinoide.instrset/idepkgs/packages/arduino/hardware/sam/1.6.11/variants/arduino_due_x/libsam_sam3x8e_gcc_rel.a(uotghs_device.o)
                0x0008413c                UDD_ClearOUT
 .text.UDD_ReceivedSetupInt
                0x00084154       0x10 C:/ProgramData/MATLAB/SupportPackages/R2017b/3P.instrset/arduinoide.instrset/idepkgs/packages/arduino/hardware/sam/1.6.11/variants/arduino_due_x/libsam_sam3x8e_gcc_rel.a(uotghs_device.o)
                0x00084154                UDD_ReceivedSetupInt
 .text.UDD_ClearSetupInt
                0x00084164       0x10 C:/ProgramData/MATLAB/SupportPackages/R2017b/3P.instrset/arduinoide.instrset/idepkgs/packages/arduino/hardware/sam/1.6.11/variants/arduino_due_x/libsam_sam3x8e_gcc_rel.a(uotghs_device.o)
                0x00084164                UDD_ClearSetupInt
 .text.UDD_Send
                0x00084174       0x88 C:/ProgramData/MATLAB/SupportPackages/R2017b/3P.instrset/arduinoide.instrset/idepkgs/packages/arduino/hardware/sam/1.6.11/variants/arduino_due_x/libsam_sam3x8e_gcc_rel.a(uotghs_device.o)
                0x00084174                UDD_Send
 .text.UDD_Send8
                0x000841fc       0x24 C:/ProgramData/MATLAB/SupportPackages/R2017b/3P.instrset/arduinoide.instrset/idepkgs/packages/arduino/hardware/sam/1.6.11/variants/arduino_due_x/libsam_sam3x8e_gcc_rel.a(uotghs_device.o)
                0x000841fc                UDD_Send8
 .text.UDD_Recv8
                0x00084220       0x28 C:/ProgramData/MATLAB/SupportPackages/R2017b/3P.instrset/arduinoide.instrset/idepkgs/packages/arduino/hardware/sam/1.6.11/variants/arduino_due_x/libsam_sam3x8e_gcc_rel.a(uotghs_device.o)
                0x00084220                UDD_Recv8
 .text.UDD_Recv
                0x00084248       0x34 C:/ProgramData/MATLAB/SupportPackages/R2017b/3P.instrset/arduinoide.instrset/idepkgs/packages/arduino/hardware/sam/1.6.11/variants/arduino_due_x/libsam_sam3x8e_gcc_rel.a(uotghs_device.o)
                0x00084248                UDD_Recv
 .text.UDD_Stall
                0x0008427c       0x14 C:/ProgramData/MATLAB/SupportPackages/R2017b/3P.instrset/arduinoide.instrset/idepkgs/packages/arduino/hardware/sam/1.6.11/variants/arduino_due_x/libsam_sam3x8e_gcc_rel.a(uotghs_device.o)
                0x0008427c                UDD_Stall
 .text.UDD_FifoByteCount
                0x00084290       0x14 C:/ProgramData/MATLAB/SupportPackages/R2017b/3P.instrset/arduinoide.instrset/idepkgs/packages/arduino/hardware/sam/1.6.11/variants/arduino_due_x/libsam_sam3x8e_gcc_rel.a(uotghs_device.o)
                0x00084290                UDD_FifoByteCount
 .text.UDD_ReleaseRX
                0x000842a4       0x28 C:/ProgramData/MATLAB/SupportPackages/R2017b/3P.instrset/arduinoide.instrset/idepkgs/packages/arduino/hardware/sam/1.6.11/variants/arduino_due_x/libsam_sam3x8e_gcc_rel.a(uotghs_device.o)
                0x000842a4                UDD_ReleaseRX
 .text.UDD_ReleaseTX
                0x000842cc       0x28 C:/ProgramData/MATLAB/SupportPackages/R2017b/3P.instrset/arduinoide.instrset/idepkgs/packages/arduino/hardware/sam/1.6.11/variants/arduino_due_x/libsam_sam3x8e_gcc_rel.a(uotghs_device.o)
                0x000842cc                UDD_ReleaseTX
 .text.UDD_SetAddress
                0x000842f4       0x20 C:/ProgramData/MATLAB/SupportPackages/R2017b/3P.instrset/arduinoide.instrset/idepkgs/packages/arduino/hardware/sam/1.6.11/variants/arduino_due_x/libsam_sam3x8e_gcc_rel.a(uotghs_device.o)
                0x000842f4                UDD_SetAddress
 .text          0x00084314      0x370 c:/programdata/matlab/supportpackages/r2017b/3p.instrset/arduinoide.instrset/idepkgs/packages/arduino/tools/arm-none-eabi-gcc/4.8.3-2014q1/bin/../lib/gcc/arm-none-eabi/4.8.3/armv7-m\libgcc.a(_arm_addsubdf3.o)
                0x00084314                __aeabi_drsub
                0x0008431c                __aeabi_dsub
                0x0008431c                __subdf3
                0x00084320                __aeabi_dadd
                0x00084320                __adddf3
                0x00084598                __floatunsidf
                0x00084598                __aeabi_ui2d
                0x000845b8                __floatsidf
                0x000845b8                __aeabi_i2d
                0x000845dc                __aeabi_f2d
                0x000845dc                __extendsfdf2
                0x00084618                __floatundidf
                0x00084618                __aeabi_ul2d
                0x00084628                __floatdidf
                0x00084628                __aeabi_l2d
 .text          0x00084684      0x424 c:/programdata/matlab/supportpackages/r2017b/3p.instrset/arduinoide.instrset/idepkgs/packages/arduino/tools/arm-none-eabi-gcc/4.8.3-2014q1/bin/../lib/gcc/arm-none-eabi/4.8.3/armv7-m\libgcc.a(_arm_muldivdf3.o)
                0x00084684                __aeabi_dmul
                0x00084684                __muldf3
                0x000848d8                __divdf3
                0x000848d8                __aeabi_ddiv
 .text          0x00084aa8      0x110 c:/programdata/matlab/supportpackages/r2017b/3p.instrset/arduinoide.instrset/idepkgs/packages/arduino/tools/arm-none-eabi-gcc/4.8.3-2014q1/bin/../lib/gcc/arm-none-eabi/4.8.3/armv7-m\libgcc.a(_arm_cmpdf2.o)
                0x00084aa8                __gtdf2
                0x00084aa8                __gedf2
                0x00084ab0                __ltdf2
                0x00084ab0                __ledf2
                0x00084ab8                __nedf2
                0x00084ab8                __eqdf2
                0x00084ab8                __cmpdf2
                0x00084b34                __aeabi_cdrcmple
                0x00084b44                __aeabi_cdcmpeq
                0x00084b44                __aeabi_cdcmple
                0x00084b54                __aeabi_dcmpeq
                0x00084b68                __aeabi_dcmplt
                0x00084b7c                __aeabi_dcmple
                0x00084b90                __aeabi_dcmpge
                0x00084ba4                __aeabi_dcmpgt
 .text.__aeabi_atexit
                0x00084bb8        0xc c:/programdata/matlab/supportpackages/r2017b/3p.instrset/arduinoide.instrset/idepkgs/packages/arduino/tools/arm-none-eabi-gcc/4.8.3-2014q1/bin/../lib/gcc/arm-none-eabi/4.8.3/../../../../arm-none-eabi/lib/armv7-m\libg.a(lib_a-aeabi_atexit.o)
                0x00084bb8                __aeabi_atexit
 .text.__assert_func
                0x00084bc4       0x3c c:/programdata/matlab/supportpackages/r2017b/3p.instrset/arduinoide.instrset/idepkgs/packages/arduino/tools/arm-none-eabi-gcc/4.8.3-2014q1/bin/../lib/gcc/arm-none-eabi/4.8.3/../../../../arm-none-eabi/lib/armv7-m\libg.a(lib_a-assert.o)
                0x00084bc4                __assert_func
 .text.atoi     0x00084c00        0x8 c:/programdata/matlab/supportpackages/r2017b/3p.instrset/arduinoide.instrset/idepkgs/packages/arduino/tools/arm-none-eabi-gcc/4.8.3-2014q1/bin/../lib/gcc/arm-none-eabi/4.8.3/../../../../arm-none-eabi/lib/armv7-m\libg.a(lib_a-atoi.o)
                0x00084c00                atoi
 .text.calloc   0x00084c08       0x10 c:/programdata/matlab/supportpackages/r2017b/3p.instrset/arduinoide.instrset/idepkgs/packages/arduino/tools/arm-none-eabi-gcc/4.8.3-2014q1/bin/../lib/gcc/arm-none-eabi/4.8.3/../../../../arm-none-eabi/lib/armv7-m\libg.a(lib_a-calloc.o)
                0x00084c08                calloc
 .text._calloc_r
                0x00084c18       0x60 c:/programdata/matlab/supportpackages/r2017b/3p.instrset/arduinoide.instrset/idepkgs/packages/arduino/tools/arm-none-eabi-gcc/4.8.3-2014q1/bin/../lib/gcc/arm-none-eabi/4.8.3/../../../../arm-none-eabi/lib/armv7-m\libg.a(lib_a-callocr.o)
                0x00084c18                _calloc_r
 .text.__cxa_atexit
                0x00084c78       0x14 c:/programdata/matlab/supportpackages/r2017b/3p.instrset/arduinoide.instrset/idepkgs/packages/arduino/tools/arm-none-eabi-gcc/4.8.3-2014q1/bin/../lib/gcc/arm-none-eabi/4.8.3/../../../../arm-none-eabi/lib/armv7-m\libg.a(lib_a-cxa_atexit.o)
                0x00084c78                __cxa_atexit
 .text.fiprintf
                0x00084c8c       0x28 c:/programdata/matlab/supportpackages/r2017b/3p.instrset/arduinoide.instrset/idepkgs/packages/arduino/tools/arm-none-eabi-gcc/4.8.3-2014q1/bin/../lib/gcc/arm-none-eabi/4.8.3/../../../../arm-none-eabi/lib/armv7-m\libg.a(lib_a-fiprintf.o)
                0x00084c8c                fiprintf
 .text.__libc_init_array
                0x00084cb4       0x50 c:/programdata/matlab/supportpackages/r2017b/3p.instrset/arduinoide.instrset/idepkgs/packages/arduino/tools/arm-none-eabi-gcc/4.8.3-2014q1/bin/../lib/gcc/arm-none-eabi/4.8.3/../../../../arm-none-eabi/lib/armv7-m\libg.a(lib_a-init.o)
                0x00084cb4                __libc_init_array
 .text.iprintf  0x00084d04       0x28 c:/programdata/matlab/supportpackages/r2017b/3p.instrset/arduinoide.instrset/idepkgs/packages/arduino/tools/arm-none-eabi-gcc/4.8.3-2014q1/bin/../lib/gcc/arm-none-eabi/4.8.3/../../../../arm-none-eabi/lib/armv7-m\libg.a(lib_a-iprintf.o)
                0x00084d04                iprintf
 .text.malloc   0x00084d2c       0x10 c:/programdata/matlab/supportpackages/r2017b/3p.instrset/arduinoide.instrset/idepkgs/packages/arduino/tools/arm-none-eabi-gcc/4.8.3-2014q1/bin/../lib/gcc/arm-none-eabi/4.8.3/../../../../arm-none-eabi/lib/armv7-m\libg.a(lib_a-malloc.o)
                0x00084d2c                malloc
 .text.free     0x00084d3c       0x10 c:/programdata/matlab/supportpackages/r2017b/3p.instrset/arduinoide.instrset/idepkgs/packages/arduino/tools/arm-none-eabi-gcc/4.8.3-2014q1/bin/../lib/gcc/arm-none-eabi/4.8.3/../../../../arm-none-eabi/lib/armv7-m\libg.a(lib_a-malloc.o)
                0x00084d3c                free
 .text._malloc_r
                0x00084d4c      0x538 c:/programdata/matlab/supportpackages/r2017b/3p.instrset/arduinoide.instrset/idepkgs/packages/arduino/tools/arm-none-eabi-gcc/4.8.3-2014q1/bin/../lib/gcc/arm-none-eabi/4.8.3/../../../../arm-none-eabi/lib/armv7-m\libg.a(lib_a-mallocr.o)
                0x00084d4c                _malloc_r
 .text.memcmp   0x00085284       0x68 c:/programdata/matlab/supportpackages/r2017b/3p.instrset/arduinoide.instrset/idepkgs/packages/arduino/tools/arm-none-eabi-gcc/4.8.3-2014q1/bin/../lib/gcc/arm-none-eabi/4.8.3/../../../../arm-none-eabi/lib/armv7-m\libg.a(lib_a-memcmp.o)
                0x00085284                memcmp
 .text          0x000852ec       0xec c:/programdata/matlab/supportpackages/r2017b/3p.instrset/arduinoide.instrset/idepkgs/packages/arduino/tools/arm-none-eabi-gcc/4.8.3-2014q1/bin/../lib/gcc/arm-none-eabi/4.8.3/../../../../arm-none-eabi/lib/armv7-m\libg.a(lib_a-memcpy.o)
                0x000852ec                memcpy
 .text.memmove  0x000853d8       0xcc c:/programdata/matlab/supportpackages/r2017b/3p.instrset/arduinoide.instrset/idepkgs/packages/arduino/tools/arm-none-eabi-gcc/4.8.3-2014q1/bin/../lib/gcc/arm-none-eabi/4.8.3/../../../../arm-none-eabi/lib/armv7-m\libg.a(lib_a-memmove.o)
                0x000853d8                memmove
 .text.memset   0x000854a4       0x94 c:/programdata/matlab/supportpackages/r2017b/3p.instrset/arduinoide.instrset/idepkgs/packages/arduino/tools/arm-none-eabi-gcc/4.8.3-2014q1/bin/../lib/gcc/arm-none-eabi/4.8.3/../../../../arm-none-eabi/lib/armv7-m\libg.a(lib_a-memset.o)
                0x000854a4                memset
 .text.__malloc_lock
                0x00085538        0x4 c:/programdata/matlab/supportpackages/r2017b/3p.instrset/arduinoide.instrset/idepkgs/packages/arduino/tools/arm-none-eabi-gcc/4.8.3-2014q1/bin/../lib/gcc/arm-none-eabi/4.8.3/../../../../arm-none-eabi/lib/armv7-m\libg.a(lib_a-mlock.o)
                0x00085538                __malloc_lock
 .text.__malloc_unlock
                0x0008553c        0x4 c:/programdata/matlab/supportpackages/r2017b/3p.instrset/arduinoide.instrset/idepkgs/packages/arduino/tools/arm-none-eabi-gcc/4.8.3-2014q1/bin/../lib/gcc/arm-none-eabi/4.8.3/../../../../arm-none-eabi/lib/armv7-m\libg.a(lib_a-mlock.o)
                0x0008553c                __malloc_unlock
 .text.realloc  0x00085540       0x10 c:/programdata/matlab/supportpackages/r2017b/3p.instrset/arduinoide.instrset/idepkgs/packages/arduino/tools/arm-none-eabi-gcc/4.8.3-2014q1/bin/../lib/gcc/arm-none-eabi/4.8.3/../../../../arm-none-eabi/lib/armv7-m\libg.a(lib_a-realloc.o)
                0x00085540                realloc
 .text._realloc_r
                0x00085550      0x3c0 c:/programdata/matlab/supportpackages/r2017b/3p.instrset/arduinoide.instrset/idepkgs/packages/arduino/tools/arm-none-eabi-gcc/4.8.3-2014q1/bin/../lib/gcc/arm-none-eabi/4.8.3/../../../../arm-none-eabi/lib/armv7-m\libg.a(lib_a-reallocr.o)
                0x00085550                _realloc_r
 .text._sbrk_r  0x00085910       0x24 c:/programdata/matlab/supportpackages/r2017b/3p.instrset/arduinoide.instrset/idepkgs/packages/arduino/tools/arm-none-eabi-gcc/4.8.3-2014q1/bin/../lib/gcc/arm-none-eabi/4.8.3/../../../../arm-none-eabi/lib/armv7-m\libg.a(lib_a-sbrkr.o)
                0x00085910                _sbrk_r
 .text.strchr   0x00085934       0xf4 c:/programdata/matlab/supportpackages/r2017b/3p.instrset/arduinoide.instrset/idepkgs/packages/arduino/tools/arm-none-eabi-gcc/4.8.3-2014q1/bin/../lib/gcc/arm-none-eabi/4.8.3/../../../../arm-none-eabi/lib/armv7-m\libg.a(lib_a-strchr.o)
                0x00085934                strchr
 .text          0x00085a28      0x23c c:/programdata/matlab/supportpackages/r2017b/3p.instrset/arduinoide.instrset/idepkgs/packages/arduino/tools/arm-none-eabi-gcc/4.8.3-2014q1/bin/../lib/gcc/arm-none-eabi/4.8.3/../../../../arm-none-eabi/lib/armv7-m\libg.a(lib_a-strcmp.o)
                0x00085a28                strcmp
 .text.strcpy   0x00085c64       0xbc c:/programdata/matlab/supportpackages/r2017b/3p.instrset/arduinoide.instrset/idepkgs/packages/arduino/tools/arm-none-eabi-gcc/4.8.3-2014q1/bin/../lib/gcc/arm-none-eabi/4.8.3/../../../../arm-none-eabi/lib/armv7-m\libg.a(lib_a-strcpy.o)
                0x00085c64                strcpy
 .text.strlen   0x00085d20       0x60 c:/programdata/matlab/supportpackages/r2017b/3p.instrset/arduinoide.instrset/idepkgs/packages/arduino/tools/arm-none-eabi-gcc/4.8.3-2014q1/bin/../lib/gcc/arm-none-eabi/4.8.3/../../../../arm-none-eabi/lib/armv7-m\libg.a(lib_a-strlen.o)
                0x00085d20                strlen
 .text.critical_factorization
                0x00085d80       0xbc c:/programdata/matlab/supportpackages/r2017b/3p.instrset/arduinoide.instrset/idepkgs/packages/arduino/tools/arm-none-eabi-gcc/4.8.3-2014q1/bin/../lib/gcc/arm-none-eabi/4.8.3/../../../../arm-none-eabi/lib/armv7-m\libg.a(lib_a-strstr.o)
 .text.two_way_long_needle
                0x00085e3c      0x1ec c:/programdata/matlab/supportpackages/r2017b/3p.instrset/arduinoide.instrset/idepkgs/packages/arduino/tools/arm-none-eabi-gcc/4.8.3-2014q1/bin/../lib/gcc/arm-none-eabi/4.8.3/../../../../arm-none-eabi/lib/armv7-m\libg.a(lib_a-strstr.o)
 .text.strstr   0x00086028      0x200 c:/programdata/matlab/supportpackages/r2017b/3p.instrset/arduinoide.instrset/idepkgs/packages/arduino/tools/arm-none-eabi-gcc/4.8.3-2014q1/bin/../lib/gcc/arm-none-eabi/4.8.3/../../../../arm-none-eabi/lib/armv7-m\libg.a(lib_a-strstr.o)
                0x00086028                strstr
 .text.strtok   0x00086228       0x10 c:/programdata/matlab/supportpackages/r2017b/3p.instrset/arduinoide.instrset/idepkgs/packages/arduino/tools/arm-none-eabi-gcc/4.8.3-2014q1/bin/../lib/gcc/arm-none-eabi/4.8.3/../../../../arm-none-eabi/lib/armv7-m\libg.a(lib_a-strtok.o)
                0x00086228                strtok
 .text.__strtok_r
                0x00086238       0x64 c:/programdata/matlab/supportpackages/r2017b/3p.instrset/arduinoide.instrset/idepkgs/packages/arduino/tools/arm-none-eabi-gcc/4.8.3-2014q1/bin/../lib/gcc/arm-none-eabi/4.8.3/../../../../arm-none-eabi/lib/armv7-m\libg.a(lib_a-strtok_r.o)
                0x00086238                __strtok_r
 .text._strtol_r
                0x0008629c      0x114 c:/programdata/matlab/supportpackages/r2017b/3p.instrset/arduinoide.instrset/idepkgs/packages/arduino/tools/arm-none-eabi-gcc/4.8.3-2014q1/bin/../lib/gcc/arm-none-eabi/4.8.3/../../../../arm-none-eabi/lib/armv7-m\libg.a(lib_a-strtol.o)
                0x0008629c                _strtol_r
 .text.strtol   0x000863b0       0x18 c:/programdata/matlab/supportpackages/r2017b/3p.instrset/arduinoide.instrset/idepkgs/packages/arduino/tools/arm-none-eabi-gcc/4.8.3-2014q1/bin/../lib/gcc/arm-none-eabi/4.8.3/../../../../arm-none-eabi/lib/armv7-m\libg.a(lib_a-strtol.o)
                0x000863b0                strtol
 .text.__sprint_r.part.0
                0x000863c8       0x78 c:/programdata/matlab/supportpackages/r2017b/3p.instrset/arduinoide.instrset/idepkgs/packages/arduino/tools/arm-none-eabi-gcc/4.8.3-2014q1/bin/../lib/gcc/arm-none-eabi/4.8.3/../../../../arm-none-eabi/lib/armv7-m\libg.a(lib_a-vfiprintf.o)
 .text._vfiprintf_r
                0x00086440      0xc54 c:/programdata/matlab/supportpackages/r2017b/3p.instrset/arduinoide.instrset/idepkgs/packages/arduino/tools/arm-none-eabi-gcc/4.8.3-2014q1/bin/../lib/gcc/arm-none-eabi/4.8.3/../../../../arm-none-eabi/lib/armv7-m\libg.a(lib_a-vfiprintf.o)
                0x00086440                _vfiprintf_r
 .text.__sbprintf
                0x00087094       0x7c c:/programdata/matlab/supportpackages/r2017b/3p.instrset/arduinoide.instrset/idepkgs/packages/arduino/tools/arm-none-eabi-gcc/4.8.3-2014q1/bin/../lib/gcc/arm-none-eabi/4.8.3/../../../../arm-none-eabi/lib/armv7-m\libg.a(lib_a-vfiprintf.o)
 .text.__swsetup_r
                0x00087110       0xc4 c:/programdata/matlab/supportpackages/r2017b/3p.instrset/arduinoide.instrset/idepkgs/packages/arduino/tools/arm-none-eabi-gcc/4.8.3-2014q1/bin/../lib/gcc/arm-none-eabi/4.8.3/../../../../arm-none-eabi/lib/armv7-m\libg.a(lib_a-wsetup.o)
                0x00087110                __swsetup_r
 .text.__register_exitproc
                0x000871d4       0xa8 c:/programdata/matlab/supportpackages/r2017b/3p.instrset/arduinoide.instrset/idepkgs/packages/arduino/tools/arm-none-eabi-gcc/4.8.3-2014q1/bin/../lib/gcc/arm-none-eabi/4.8.3/../../../../arm-none-eabi/lib/armv7-m\libg.a(lib_a-__atexit.o)
                0x000871d4                __register_exitproc
 .text.startup.register_fini
                0x0008727c       0x14 c:/programdata/matlab/supportpackages/r2017b/3p.instrset/arduinoide.instrset/idepkgs/packages/arduino/tools/arm-none-eabi-gcc/4.8.3-2014q1/bin/../lib/gcc/arm-none-eabi/4.8.3/../../../../arm-none-eabi/lib/armv7-m\libg.a(lib_a-__call_atexit.o)
 .text.abort    0x00087290       0x10 c:/programdata/matlab/supportpackages/r2017b/3p.instrset/arduinoide.instrset/idepkgs/packages/arduino/tools/arm-none-eabi-gcc/4.8.3-2014q1/bin/../lib/gcc/arm-none-eabi/4.8.3/../../../../arm-none-eabi/lib/armv7-m\libg.a(lib_a-abort.o)
                0x00087290                abort
 .text.atexit   0x000872a0        0xc c:/programdata/matlab/supportpackages/r2017b/3p.instrset/arduinoide.instrset/idepkgs/packages/arduino/tools/arm-none-eabi-gcc/4.8.3-2014q1/bin/../lib/gcc/arm-none-eabi/4.8.3/../../../../arm-none-eabi/lib/armv7-m\libg.a(lib_a-atexit.o)
                0x000872a0                atexit
 .text.__sflush_r
                0x000872ac      0x148 c:/programdata/matlab/supportpackages/r2017b/3p.instrset/arduinoide.instrset/idepkgs/packages/arduino/tools/arm-none-eabi-gcc/4.8.3-2014q1/bin/../lib/gcc/arm-none-eabi/4.8.3/../../../../arm-none-eabi/lib/armv7-m\libg.a(lib_a-fflush.o)
                0x000872ac                __sflush_r
 .text._fflush_r
                0x000873f4       0x2c c:/programdata/matlab/supportpackages/r2017b/3p.instrset/arduinoide.instrset/idepkgs/packages/arduino/tools/arm-none-eabi-gcc/4.8.3-2014q1/bin/../lib/gcc/arm-none-eabi/4.8.3/../../../../arm-none-eabi/lib/armv7-m\libg.a(lib_a-fflush.o)
                0x000873f4                _fflush_r
 .text._cleanup_r
                0x00087420        0xc c:/programdata/matlab/supportpackages/r2017b/3p.instrset/arduinoide.instrset/idepkgs/packages/arduino/tools/arm-none-eabi-gcc/4.8.3-2014q1/bin/../lib/gcc/arm-none-eabi/4.8.3/../../../../arm-none-eabi/lib/armv7-m\libg.a(lib_a-findfp.o)
                0x00087420                _cleanup_r
 .text.__sinit  0x0008742c       0xf4 c:/programdata/matlab/supportpackages/r2017b/3p.instrset/arduinoide.instrset/idepkgs/packages/arduino/tools/arm-none-eabi-gcc/4.8.3-2014q1/bin/../lib/gcc/arm-none-eabi/4.8.3/../../../../arm-none-eabi/lib/armv7-m\libg.a(lib_a-findfp.o)
                0x0008742c                __sinit
 .text.__sfp_lock_acquire
                0x00087520        0x4 c:/programdata/matlab/supportpackages/r2017b/3p.instrset/arduinoide.instrset/idepkgs/packages/arduino/tools/arm-none-eabi-gcc/4.8.3-2014q1/bin/../lib/gcc/arm-none-eabi/4.8.3/../../../../arm-none-eabi/lib/armv7-m\libg.a(lib_a-findfp.o)
                0x00087520                __sfp_lock_acquire
 .text.__sfp_lock_release
                0x00087524        0x4 c:/programdata/matlab/supportpackages/r2017b/3p.instrset/arduinoide.instrset/idepkgs/packages/arduino/tools/arm-none-eabi-gcc/4.8.3-2014q1/bin/../lib/gcc/arm-none-eabi/4.8.3/../../../../arm-none-eabi/lib/armv7-m\libg.a(lib_a-findfp.o)
                0x00087524                __sfp_lock_release
 .text.__libc_fini_array
                0x00087528       0x30 c:/programdata/matlab/supportpackages/r2017b/3p.instrset/arduinoide.instrset/idepkgs/packages/arduino/tools/arm-none-eabi-gcc/4.8.3-2014q1/bin/../lib/gcc/arm-none-eabi/4.8.3/../../../../arm-none-eabi/lib/armv7-m\libg.a(lib_a-fini.o)
                0x00087528                __libc_fini_array
 .text._fputwc_r
                0x00087558       0xc0 c:/programdata/matlab/supportpackages/r2017b/3p.instrset/arduinoide.instrset/idepkgs/packages/arduino/tools/arm-none-eabi-gcc/4.8.3-2014q1/bin/../lib/gcc/arm-none-eabi/4.8.3/../../../../arm-none-eabi/lib/armv7-m\libg.a(lib_a-fputwc.o)
                0x00087558                _fputwc_r
 .text._malloc_trim_r
                0x00087618       0x9c c:/programdata/matlab/supportpackages/r2017b/3p.instrset/arduinoide.instrset/idepkgs/packages/arduino/tools/arm-none-eabi-gcc/4.8.3-2014q1/bin/../lib/gcc/arm-none-eabi/4.8.3/../../../../arm-none-eabi/lib/armv7-m\libg.a(lib_a-freer.o)
                0x00087618                _malloc_trim_r
 .text._free_r  0x000876b4      0x198 c:/programdata/matlab/supportpackages/r2017b/3p.instrset/arduinoide.instrset/idepkgs/packages/arduino/tools/arm-none-eabi-gcc/4.8.3-2014q1/bin/../lib/gcc/arm-none-eabi/4.8.3/../../../../arm-none-eabi/lib/armv7-m\libg.a(lib_a-freer.o)
                0x000876b4                _free_r
 .text.__sfvwrite_r
                0x0008784c      0x314 c:/programdata/matlab/supportpackages/r2017b/3p.instrset/arduinoide.instrset/idepkgs/packages/arduino/tools/arm-none-eabi-gcc/4.8.3-2014q1/bin/../lib/gcc/arm-none-eabi/4.8.3/../../../../arm-none-eabi/lib/armv7-m\libg.a(lib_a-fvwrite.o)
                0x0008784c                __sfvwrite_r
 .text._fwalk   0x00087b60       0x48 c:/programdata/matlab/supportpackages/r2017b/3p.instrset/arduinoide.instrset/idepkgs/packages/arduino/tools/arm-none-eabi-gcc/4.8.3-2014q1/bin/../lib/gcc/arm-none-eabi/4.8.3/../../../../arm-none-eabi/lib/armv7-m\libg.a(lib_a-fwalk.o)
                0x00087b60                _fwalk
 .text.__locale_charset
                0x00087ba8        0x8 c:/programdata/matlab/supportpackages/r2017b/3p.instrset/arduinoide.instrset/idepkgs/packages/arduino/tools/arm-none-eabi-gcc/4.8.3-2014q1/bin/../lib/gcc/arm-none-eabi/4.8.3/../../../../arm-none-eabi/lib/armv7-m\libg.a(lib_a-locale.o)
                0x00087ba8                __locale_charset
 .text.__locale_mb_cur_max
                0x00087bb0        0xc c:/programdata/matlab/supportpackages/r2017b/3p.instrset/arduinoide.instrset/idepkgs/packages/arduino/tools/arm-none-eabi-gcc/4.8.3-2014q1/bin/../lib/gcc/arm-none-eabi/4.8.3/../../../../arm-none-eabi/lib/armv7-m\libg.a(lib_a-locale.o)
                0x00087bb0                __locale_mb_cur_max
 .text.__smakebuf_r
                0x00087bbc       0xe0 c:/programdata/matlab/supportpackages/r2017b/3p.instrset/arduinoide.instrset/idepkgs/packages/arduino/tools/arm-none-eabi-gcc/4.8.3-2014q1/bin/../lib/gcc/arm-none-eabi/4.8.3/../../../../arm-none-eabi/lib/armv7-m\libg.a(lib_a-makebuf.o)
                0x00087bbc                __smakebuf_r
 .text.memchr   0x00087c9c       0x94 c:/programdata/matlab/supportpackages/r2017b/3p.instrset/arduinoide.instrset/idepkgs/packages/arduino/tools/arm-none-eabi-gcc/4.8.3-2014q1/bin/../lib/gcc/arm-none-eabi/4.8.3/../../../../arm-none-eabi/lib/armv7-m\libg.a(lib_a-memchr-stub.o)
                0x00087c9c                memchr
 .text._raise_r
                0x00087d30       0x58 c:/programdata/matlab/supportpackages/r2017b/3p.instrset/arduinoide.instrset/idepkgs/packages/arduino/tools/arm-none-eabi-gcc/4.8.3-2014q1/bin/../lib/gcc/arm-none-eabi/4.8.3/../../../../arm-none-eabi/lib/armv7-m\libg.a(lib_a-signal.o)
                0x00087d30                _raise_r
 .text.raise    0x00087d88       0x10 c:/programdata/matlab/supportpackages/r2017b/3p.instrset/arduinoide.instrset/idepkgs/packages/arduino/tools/arm-none-eabi-gcc/4.8.3-2014q1/bin/../lib/gcc/arm-none-eabi/4.8.3/../../../../arm-none-eabi/lib/armv7-m\libg.a(lib_a-signal.o)
                0x00087d88                raise
 .text._kill_r  0x00087d98       0x28 c:/programdata/matlab/supportpackages/r2017b/3p.instrset/arduinoide.instrset/idepkgs/packages/arduino/tools/arm-none-eabi-gcc/4.8.3-2014q1/bin/../lib/gcc/arm-none-eabi/4.8.3/../../../../arm-none-eabi/lib/armv7-m\libg.a(lib_a-signalr.o)
                0x00087d98                _kill_r
 .text._getpid_r
                0x00087dc0        0x4 c:/programdata/matlab/supportpackages/r2017b/3p.instrset/arduinoide.instrset/idepkgs/packages/arduino/tools/arm-none-eabi-gcc/4.8.3-2014q1/bin/../lib/gcc/arm-none-eabi/4.8.3/../../../../arm-none-eabi/lib/armv7-m\libg.a(lib_a-signalr.o)
                0x00087dc0                _getpid_r
 .text.__sread  0x00087dc4       0x24 c:/programdata/matlab/supportpackages/r2017b/3p.instrset/arduinoide.instrset/idepkgs/packages/arduino/tools/arm-none-eabi-gcc/4.8.3-2014q1/bin/../lib/gcc/arm-none-eabi/4.8.3/../../../../arm-none-eabi/lib/armv7-m\libg.a(lib_a-stdio.o)
                0x00087dc4                __sread
 .text.__swrite
                0x00087de8       0x38 c:/programdata/matlab/supportpackages/r2017b/3p.instrset/arduinoide.instrset/idepkgs/packages/arduino/tools/arm-none-eabi-gcc/4.8.3-2014q1/bin/../lib/gcc/arm-none-eabi/4.8.3/../../../../arm-none-eabi/lib/armv7-m\libg.a(lib_a-stdio.o)
                0x00087de8                __swrite
 .text.__sseek  0x00087e20       0x20 c:/programdata/matlab/supportpackages/r2017b/3p.instrset/arduinoide.instrset/idepkgs/packages/arduino/tools/arm-none-eabi-gcc/4.8.3-2014q1/bin/../lib/gcc/arm-none-eabi/4.8.3/../../../../arm-none-eabi/lib/armv7-m\libg.a(lib_a-stdio.o)
                0x00087e20                __sseek
 .text.__sclose
                0x00087e40        0x8 c:/programdata/matlab/supportpackages/r2017b/3p.instrset/arduinoide.instrset/idepkgs/packages/arduino/tools/arm-none-eabi-gcc/4.8.3-2014q1/bin/../lib/gcc/arm-none-eabi/4.8.3/../../../../arm-none-eabi/lib/armv7-m\libg.a(lib_a-stdio.o)
                0x00087e40                __sclose
 .text.__swbuf_r
                0x00087e48       0xa8 c:/programdata/matlab/supportpackages/r2017b/3p.instrset/arduinoide.instrset/idepkgs/packages/arduino/tools/arm-none-eabi-gcc/4.8.3-2014q1/bin/../lib/gcc/arm-none-eabi/4.8.3/../../../../arm-none-eabi/lib/armv7-m\libg.a(lib_a-wbuf.o)
                0x00087e48                __swbuf_r
 .text._wcrtomb_r
                0x00087ef0       0x50 c:/programdata/matlab/supportpackages/r2017b/3p.instrset/arduinoide.instrset/idepkgs/packages/arduino/tools/arm-none-eabi-gcc/4.8.3-2014q1/bin/../lib/gcc/arm-none-eabi/4.8.3/../../../../arm-none-eabi/lib/armv7-m\libg.a(lib_a-wcrtomb.o)
                0x00087ef0                _wcrtomb_r
 .text.__ascii_wctomb
                0x00087f40       0x1c c:/programdata/matlab/supportpackages/r2017b/3p.instrset/arduinoide.instrset/idepkgs/packages/arduino/tools/arm-none-eabi-gcc/4.8.3-2014q1/bin/../lib/gcc/arm-none-eabi/4.8.3/../../../../arm-none-eabi/lib/armv7-m\libg.a(lib_a-wctomb_r.o)
                0x00087f40                __ascii_wctomb
 .text._write_r
                0x00087f5c       0x28 c:/programdata/matlab/supportpackages/r2017b/3p.instrset/arduinoide.instrset/idepkgs/packages/arduino/tools/arm-none-eabi-gcc/4.8.3-2014q1/bin/../lib/gcc/arm-none-eabi/4.8.3/../../../../arm-none-eabi/lib/armv7-m\libg.a(lib_a-writer.o)
                0x00087f5c                _write_r
 .text._close_r
                0x00087f84       0x24 c:/programdata/matlab/supportpackages/r2017b/3p.instrset/arduinoide.instrset/idepkgs/packages/arduino/tools/arm-none-eabi-gcc/4.8.3-2014q1/bin/../lib/gcc/arm-none-eabi/4.8.3/../../../../arm-none-eabi/lib/armv7-m\libg.a(lib_a-closer.o)
                0x00087f84                _close_r
 .text._fclose_r
                0x00087fa8       0x80 c:/programdata/matlab/supportpackages/r2017b/3p.instrset/arduinoide.instrset/idepkgs/packages/arduino/tools/arm-none-eabi-gcc/4.8.3-2014q1/bin/../lib/gcc/arm-none-eabi/4.8.3/../../../../arm-none-eabi/lib/armv7-m\libg.a(lib_a-fclose.o)
                0x00087fa8                _fclose_r
 .text.fclose   0x00088028       0x10 c:/programdata/matlab/supportpackages/r2017b/3p.instrset/arduinoide.instrset/idepkgs/packages/arduino/tools/arm-none-eabi-gcc/4.8.3-2014q1/bin/../lib/gcc/arm-none-eabi/4.8.3/../../../../arm-none-eabi/lib/armv7-m\libg.a(lib_a-fclose.o)
                0x00088028                fclose
 .text._fstat_r
                0x00088038       0x28 c:/programdata/matlab/supportpackages/r2017b/3p.instrset/arduinoide.instrset/idepkgs/packages/arduino/tools/arm-none-eabi-gcc/4.8.3-2014q1/bin/../lib/gcc/arm-none-eabi/4.8.3/../../../../arm-none-eabi/lib/armv7-m\libg.a(lib_a-fstatr.o)
                0x00088038                _fstat_r
 .text._isatty_r
                0x00088060       0x24 c:/programdata/matlab/supportpackages/r2017b/3p.instrset/arduinoide.instrset/idepkgs/packages/arduino/tools/arm-none-eabi-gcc/4.8.3-2014q1/bin/../lib/gcc/arm-none-eabi/4.8.3/../../../../arm-none-eabi/lib/armv7-m\libg.a(lib_a-isattyr.o)
                0x00088060                _isatty_r
 .text._lseek_r
                0x00088084       0x28 c:/programdata/matlab/supportpackages/r2017b/3p.instrset/arduinoide.instrset/idepkgs/packages/arduino/tools/arm-none-eabi-gcc/4.8.3-2014q1/bin/../lib/gcc/arm-none-eabi/4.8.3/../../../../arm-none-eabi/lib/armv7-m\libg.a(lib_a-lseekr.o)
                0x00088084                _lseek_r
 .text._read_r  0x000880ac       0x28 c:/programdata/matlab/supportpackages/r2017b/3p.instrset/arduinoide.instrset/idepkgs/packages/arduino/tools/arm-none-eabi-gcc/4.8.3-2014q1/bin/../lib/gcc/arm-none-eabi/4.8.3/../../../../arm-none-eabi/lib/armv7-m\libg.a(lib_a-readr.o)
                0x000880ac                _read_r
 .text          0x000880d4       0x2c c:/programdata/matlab/supportpackages/r2017b/3p.instrset/arduinoide.instrset/idepkgs/packages/arduino/tools/arm-none-eabi-gcc/4.8.3-2014q1/bin/../lib/gcc/arm-none-eabi/4.8.3/armv7-m\libgcc.a(_aeabi_uldivmod.o)
                0x000880d4                __aeabi_uldivmod
 .text          0x00088100       0x60 c:/programdata/matlab/supportpackages/r2017b/3p.instrset/arduinoide.instrset/idepkgs/packages/arduino/tools/arm-none-eabi-gcc/4.8.3-2014q1/bin/../lib/gcc/arm-none-eabi/4.8.3/armv7-m\libgcc.a(bpabi.o)
                0x00088100                __gnu_ldivmod_helper
                0x00088130                __gnu_uldivmod_helper
 .text          0x00088160        0x4 c:/programdata/matlab/supportpackages/r2017b/3p.instrset/arduinoide.instrset/idepkgs/packages/arduino/tools/arm-none-eabi-gcc/4.8.3-2014q1/bin/../lib/gcc/arm-none-eabi/4.8.3/armv7-m\libgcc.a(_dvmd_tls.o)
                0x00088160                __aeabi_idiv0
                0x00088160                __aeabi_ldiv0
 .text          0x00088164      0x2a0 c:/programdata/matlab/supportpackages/r2017b/3p.instrset/arduinoide.instrset/idepkgs/packages/arduino/tools/arm-none-eabi-gcc/4.8.3-2014q1/bin/../lib/gcc/arm-none-eabi/4.8.3/armv7-m\libgcc.a(_divdi3.o)
                0x00088164                __divdi3
 .text          0x00088404      0x290 c:/programdata/matlab/supportpackages/r2017b/3p.instrset/arduinoide.instrset/idepkgs/packages/arduino/tools/arm-none-eabi-gcc/4.8.3-2014q1/bin/../lib/gcc/arm-none-eabi/4.8.3/armv7-m\libgcc.a(_udivdi3.o)
                0x00088404                __udivdi3
 *(.glue_7t)
 .glue_7t       0x00000000        0x0 linker stubs
 *(.glue_7)
 .glue_7        0x00000000        0x0 linker stubs
 *(.rodata .rodata* .gnu.linkonce.r.*)
 .rodata.str1.1
                0x00088694       0x34 MW_WiFiUDP.o
                                 0x39 (size before relaxing)
 .rodata.rtAlwaysEnabled.9712
                0x000886c8        0x1 arduinodue_wifiudpreceive.o
 .rodata.str1.1
                0x000886c9       0xa0 arduinodue_wifiudpreceive.o
                                 0xb7 (size before relaxing)
 *fill*         0x00088769        0x3 
 .rodata.arduinodue_wifiudpreceive_M
                0x0008876c        0x4 arduinodue_wifiudpreceive.o
                0x0008876c                arduinodue_wifiudpreceive_M
 .rodata.str1.1
                0x00088770       0x19 syscalls_sam3.o
 *fill*         0x00088789        0x7 
 .rodata._ZTV9IPAddress
                0x00088790       0x10 IPAddress.o
                0x00088790                vtable for IPAddress
 .rodata.str1.1
                0x000887a0        0xf Print.o
 *fill*         0x000887af        0x1 
 .rodata._ZTV9UARTClass
                0x000887b0       0x30 UARTClass.o
                0x000887b0                vtable for UARTClass
 .rodata._ZTV10USARTClass
                0x000887e0       0x30 USARTClass.o
                0x000887e0                vtable for USARTClass
 .rodata._ZTV7Serial_
                0x00088810       0x28 CDC.o
                0x00088810                vtable for Serial_
 .rodata._ZL18_cdcOtherInterface
                0x00088838       0x42 CDC.o
 .rodata._ZL13_cdcInterface
                0x0008887a       0x42 CDC.o
 .rodata.STRING_PRODUCT
                0x000888bc        0xc USBCore.o
                0x000888bc                STRING_PRODUCT
 .rodata.USB_DeviceDescriptor
                0x000888c8       0x12 USBCore.o
                0x000888c8                USB_DeviceDescriptor
 .rodata.STRING_LANGUAGE
                0x000888da        0x4 USBCore.o
                0x000888da                STRING_LANGUAGE
 .rodata._ZL18test_packet_buffer
                0x000888de       0x35 USBCore.o
 .rodata.STRING_MANUFACTURER
                0x00088913        0x8 USBCore.o
                0x00088913                STRING_MANUFACTURER
 .rodata.USB_DeviceDescriptorA
                0x0008891b       0x12 USBCore.o
                0x0008891b                USB_DeviceDescriptorA
 .rodata._ZL19USB_DeviceQualifier
                0x0008892d        0x9 USBCore.o
 *fill*         0x00088936        0x2 
 .rodata.g_APinDescription
                0x00088938      0xa2c variant.o
                0x00088938                g_APinDescription
 .rodata.str1.1
                0x00089364        0xf rtiostream_interface.o
 .rodata.str1.1
                0x00089373       0x3b ext_svr_daemon.o
 .rodata.crc8_table_j1850
                0x000893ae      0x100 daemon_checksum.o
                0x000893ae                crc8_table_j1850
 .rodata._ZN2ATL17ESP8266_WIFI_MODEE
                0x000894ae        0x8 ESP8266.o
 .rodata._ZN2ATL12ESP8266_TESTE
                0x000894b6        0x1 ESP8266.o
 .rodata._ZN2ATL20ESP8266_GET_LOCAL_IPE
                0x000894b7        0x7 ESP8266.o
 .rodata._ZN2ATL19ESP8266_TCP_CONNECTE
                0x000894be        0xa ESP8266.o
 .rodata.str1.1
                0x000894c8       0x85 ESP8266.o
                                 0x93 (size before relaxing)
 .rodata._ZN2ATL20ESP8266_TCP_MULTIPLEE
                0x0008954d        0x8 ESP8266.o
 .rodata._ZN2ATL21ESP8266_SERVER_CONFIGE
                0x00089555        0xb ESP8266.o
 .rodata._ZN2ATL13ESP8266_RESETE
                0x00089560        0x5 ESP8266.o
 .rodata._ZN2ATL18ESP8266_CONNECT_APE
                0x00089565        0x7 ESP8266.o
 .rodata.__func__.6792
                0x0008956c        0xd C:/ProgramData/MATLAB/SupportPackages/R2017b/3P.instrset/arduinoide.instrset/idepkgs/packages/arduino/hardware/sam/1.6.11/variants/arduino_due_x/libsam_sam3x8e_gcc_rel.a(tc.o)
 .rodata.str1.1
                0x00089579       0x54 C:/ProgramData/MATLAB/SupportPackages/R2017b/3P.instrset/arduinoide.instrset/idepkgs/packages/arduino/hardware/sam/1.6.11/variants/arduino_due_x/libsam_sam3x8e_gcc_rel.a(tc.o)
 .rodata.__func__.6798
                0x000895cd        0x9 C:/ProgramData/MATLAB/SupportPackages/R2017b/3P.instrset/arduinoide.instrset/idepkgs/packages/arduino/hardware/sam/1.6.11/variants/arduino_due_x/libsam_sam3x8e_gcc_rel.a(tc.o)
 *fill*         0x000895d6        0x2 
 .rodata        0x000895d8       0x40 C:/ProgramData/MATLAB/SupportPackages/R2017b/3P.instrset/arduinoide.instrset/idepkgs/packages/arduino/hardware/sam/1.6.11/variants/arduino_due_x/libsam_sam3x8e_gcc_rel.a(adc.o)
 .rodata.str1.4
                0x00089618       0x3f c:/programdata/matlab/supportpackages/r2017b/3p.instrset/arduinoide.instrset/idepkgs/packages/arduino/tools/arm-none-eabi-gcc/4.8.3-2014q1/bin/../lib/gcc/arm-none-eabi/4.8.3/../../../../arm-none-eabi/lib/armv7-m\libg.a(lib_a-assert.o)
                                 0x44 (size before relaxing)
 *fill*         0x00089657        0x1 
 .rodata.str1.4
                0x00089658        0x2 c:/programdata/matlab/supportpackages/r2017b/3p.instrset/arduinoide.instrset/idepkgs/packages/arduino/tools/arm-none-eabi-gcc/4.8.3-2014q1/bin/../lib/gcc/arm-none-eabi/4.8.3/../../../../arm-none-eabi/lib/armv7-m\libg.a(lib_a-impure.o)
                                  0x4 (size before relaxing)
 *fill*         0x0008965a        0x2 
 .rodata._global_impure_ptr
                0x0008965c        0x4 c:/programdata/matlab/supportpackages/r2017b/3p.instrset/arduinoide.instrset/idepkgs/packages/arduino/tools/arm-none-eabi-gcc/4.8.3-2014q1/bin/../lib/gcc/arm-none-eabi/4.8.3/../../../../arm-none-eabi/lib/armv7-m\libg.a(lib_a-impure.o)
                0x0008965c                _global_impure_ptr
 .rodata.blanks.6717
                0x00089660       0x10 c:/programdata/matlab/supportpackages/r2017b/3p.instrset/arduinoide.instrset/idepkgs/packages/arduino/tools/arm-none-eabi-gcc/4.8.3-2014q1/bin/../lib/gcc/arm-none-eabi/4.8.3/../../../../arm-none-eabi/lib/armv7-m\libg.a(lib_a-vfiprintf.o)
 .rodata.str1.4
                0x00089670       0x30 c:/programdata/matlab/supportpackages/r2017b/3p.instrset/arduinoide.instrset/idepkgs/packages/arduino/tools/arm-none-eabi-gcc/4.8.3-2014q1/bin/../lib/gcc/arm-none-eabi/4.8.3/../../../../arm-none-eabi/lib/armv7-m\libg.a(lib_a-vfiprintf.o)
 .rodata.zeroes.6718
                0x000896a0       0x10 c:/programdata/matlab/supportpackages/r2017b/3p.instrset/arduinoide.instrset/idepkgs/packages/arduino/tools/arm-none-eabi-gcc/4.8.3-2014q1/bin/../lib/gcc/arm-none-eabi/4.8.3/../../../../arm-none-eabi/lib/armv7-m\libg.a(lib_a-vfiprintf.o)
 .rodata._ctype_
                0x000896b0      0x104 c:/programdata/matlab/supportpackages/r2017b/3p.instrset/arduinoide.instrset/idepkgs/packages/arduino/tools/arm-none-eabi-gcc/4.8.3-2014q1/bin/../lib/gcc/arm-none-eabi/4.8.3/../../../../arm-none-eabi/lib/armv7-m\libg.a(lib_a-ctype_.o)
                0x000896b0                _ctype_
 *(.ARM.extab* .gnu.linkonce.armextab.*)
                0x000897b4                . = ALIGN (0x4)
 *(.init)
 .init          0x000897b4        0x4 c:/programdata/matlab/supportpackages/r2017b/3p.instrset/arduinoide.instrset/idepkgs/packages/arduino/tools/arm-none-eabi-gcc/4.8.3-2014q1/bin/../lib/gcc/arm-none-eabi/4.8.3/armv7-m/crti.o
                0x000897b4                _init
 .init          0x000897b8        0x8 c:/programdata/matlab/supportpackages/r2017b/3p.instrset/arduinoide.instrset/idepkgs/packages/arduino/tools/arm-none-eabi-gcc/4.8.3-2014q1/bin/../lib/gcc/arm-none-eabi/4.8.3/armv7-m/crtn.o
                0x000897c0                . = ALIGN (0x4)
                0x000897c0                __preinit_array_start = .
 *(.preinit_array)
                0x000897c0                __preinit_array_end = .
                0x000897c0                . = ALIGN (0x4)
                0x000897c0                __init_array_start = .
 *(SORT(.init_array.*))
 .init_array.00000
                0x000897c0        0x4 c:/programdata/matlab/supportpackages/r2017b/3p.instrset/arduinoide.instrset/idepkgs/packages/arduino/tools/arm-none-eabi-gcc/4.8.3-2014q1/bin/../lib/gcc/arm-none-eabi/4.8.3/../../../../arm-none-eabi/lib/armv7-m\libg.a(lib_a-__call_atexit.o)
 *(.init_array)
 .init_array    0x000897c4        0x4 c:/programdata/matlab/supportpackages/r2017b/3p.instrset/arduinoide.instrset/idepkgs/packages/arduino/tools/arm-none-eabi-gcc/4.8.3-2014q1/bin/../lib/gcc/arm-none-eabi/4.8.3/armv7-m/crtbegin.o
 .init_array    0x000897c8        0x4 MW_WiFiUDP.o
 .init_array    0x000897cc        0x4 IPAddress.o
 .init_array    0x000897d0        0x4 CDC.o
 .init_array    0x000897d4        0x4 USBCore.o
 .init_array    0x000897d8        0x4 variant.o
 .init_array    0x000897dc        0x4 ESP8266.o
 .init_array    0x000897e0        0x4 SPI.o
 .init_array    0x000897e4        0x4 WiFi.o
 .init_array    0x000897e8        0x4 WiFiClient.o
 .init_array    0x000897ec        0x4 WiFiServer.o
 .init_array    0x000897f0        0x4 WiFiUdp.o
 .init_array    0x000897f4        0x4 wifi_drv.o
                0x000897f8                __init_array_end = .
                0x000897f8                . = ALIGN (0x4)
 *crtbegin.o(.ctors)
 *(EXCLUDE_FILE(*crtend.o) .ctors)
 *(SORT(.ctors.*))
 *crtend.o(.ctors)
                0x000897f8                . = ALIGN (0x4)
 *(.fini)
 .fini          0x000897f8        0x4 c:/programdata/matlab/supportpackages/r2017b/3p.instrset/arduinoide.instrset/idepkgs/packages/arduino/tools/arm-none-eabi-gcc/4.8.3-2014q1/bin/../lib/gcc/arm-none-eabi/4.8.3/armv7-m/crti.o
                0x000897f8                _fini
 .fini          0x000897fc        0x8 c:/programdata/matlab/supportpackages/r2017b/3p.instrset/arduinoide.instrset/idepkgs/packages/arduino/tools/arm-none-eabi-gcc/4.8.3-2014q1/bin/../lib/gcc/arm-none-eabi/4.8.3/armv7-m/crtn.o
                0x00089804                . = ALIGN (0x4)
                0x00089804                __fini_array_start = .
 *(.fini_array)
 .fini_array    0x00089804        0x4 c:/programdata/matlab/supportpackages/r2017b/3p.instrset/arduinoide.instrset/idepkgs/packages/arduino/tools/arm-none-eabi-gcc/4.8.3-2014q1/bin/../lib/gcc/arm-none-eabi/4.8.3/armv7-m/crtbegin.o
 *(SORT(.fini_array.*))
                0x00089808                __fini_array_end = .
 *crtbegin.o(.dtors)
 *(EXCLUDE_FILE(*crtend.o) .dtors)
 *(SORT(.dtors.*))
 *crtend.o(.dtors)
                0x00089808                . = ALIGN (0x4)
                0x00089808                _efixed = .
                0x00089808                PROVIDE (__exidx_start, .)

.vfp11_veneer   0x00089808        0x0
 .vfp11_veneer  0x00000000        0x0 linker stubs

.v4_bx          0x00089808        0x0
 .v4_bx         0x00000000        0x0 linker stubs

.iplt           0x00089808        0x0
 .iplt          0x00000000        0x0 c:/programdata/matlab/supportpackages/r2017b/3p.instrset/arduinoide.instrset/idepkgs/packages/arduino/tools/arm-none-eabi-gcc/4.8.3-2014q1/bin/../lib/gcc/arm-none-eabi/4.8.3/armv7-m/crtbegin.o

.ARM.exidx      0x00089808        0x8
 *(.ARM.exidx* .gnu.linkonce.armexidx.*)
 .ARM.exidx     0x00089808        0x8 c:/programdata/matlab/supportpackages/r2017b/3p.instrset/arduinoide.instrset/idepkgs/packages/arduino/tools/arm-none-eabi-gcc/4.8.3-2014q1/bin/../lib/gcc/arm-none-eabi/4.8.3/armv7-m\libgcc.a(_divdi3.o)
 .ARM.exidx     0x00089810        0x0 c:/programdata/matlab/supportpackages/r2017b/3p.instrset/arduinoide.instrset/idepkgs/packages/arduino/tools/arm-none-eabi-gcc/4.8.3-2014q1/bin/../lib/gcc/arm-none-eabi/4.8.3/armv7-m\libgcc.a(_udivdi3.o)
                                  0x8 (size before relaxing)
                0x00089810                PROVIDE (__exidx_end, .)

.eh_frame       0x00089810        0x0
 .eh_frame      0x00089810        0x0 c:/programdata/matlab/supportpackages/r2017b/3p.instrset/arduinoide.instrset/idepkgs/packages/arduino/tools/arm-none-eabi-gcc/4.8.3-2014q1/bin/../lib/gcc/arm-none-eabi/4.8.3/armv7-m/crtbegin.o

.rel.dyn        0x00089810        0x0
 .rel.iplt      0x00000000        0x0 c:/programdata/matlab/supportpackages/r2017b/3p.instrset/arduinoide.instrset/idepkgs/packages/arduino/tools/arm-none-eabi-gcc/4.8.3-2014q1/bin/../lib/gcc/arm-none-eabi/4.8.3/armv7-m/crtbegin.o

.jcr            0x00089810        0x0
 .jcr           0x00089810        0x0 c:/programdata/matlab/supportpackages/r2017b/3p.instrset/arduinoide.instrset/idepkgs/packages/arduino/tools/arm-none-eabi-gcc/4.8.3-2014q1/bin/../lib/gcc/arm-none-eabi/4.8.3/armv7-m/crtbegin.o

.igot.plt       0x00089810        0x0
 .igot.plt      0x00000000        0x0 c:/programdata/matlab/supportpackages/r2017b/3p.instrset/arduinoide.instrset/idepkgs/packages/arduino/tools/arm-none-eabi-gcc/4.8.3-2014q1/bin/../lib/gcc/arm-none-eabi/4.8.3/armv7-m/crtbegin.o
                0x00089810                . = ALIGN (0x4)
                0x00089810                _etext = .

.relocate       0x20070000      0x9a0 load address 0x00089810
                0x20070000                . = ALIGN (0x4)
                0x20070000                _srelocate = .
 *(.ramfunc .ramfunc.*)
 .ramfunc       0x20070000       0x2c Reset.o
                0x20070000                banzai
 *(.data .data.*)
 .data          0x2007002c        0x4 c:/programdata/matlab/supportpackages/r2017b/3p.instrset/arduinoide.instrset/idepkgs/packages/arduino/tools/arm-none-eabi-gcc/4.8.3-2014q1/bin/../lib/gcc/arm-none-eabi/4.8.3/armv7-m/crtbegin.o
                0x2007002c                __dso_handle
 .data.hardSerialPort
                0x20070030        0x1 MW_WiFiUDP.o
                0x20070030                hardSerialPort
 .data.ssid     0x20070031        0x2 MW_WiFiUDP.o
                0x20070031                ssid
 *fill*         0x20070033        0x1 
 .data.rtDataTypeNames
                0x20070034       0x3c arduinodue_wifiudpreceive.o
 .data.rtBTransitions
                0x20070070       0x40 arduinodue_wifiudpreceive.o
 .data.rtDataTypeSizes
                0x200700b0       0x3c arduinodue_wifiudpreceive.o
 .data.rtBTransTable
                0x200700ec        0x8 arduinodue_wifiudpreceive.o