Archive member included because of file (symbol)

C:/ProgramData/MATLAB/SupportPackages/R2017b/3P.instrset/arduinoide.instrset/idepkgs/packages/arduino/hardware/sam/1.6.11/variants/arduino_due_x/libsam_sam3x8e_gcc_rel.a(startup_sam3xa.o)
                              (Reset_Handler)
C:/ProgramData/MATLAB/SupportPackages/R2017b/3P.instrset/arduinoide.instrset/idepkgs/packages/arduino/hardware/sam/1.6.11/variants/arduino_due_x/libsam_sam3x8e_gcc_rel.a(uotghs.o)
                              C:/ProgramData/MATLAB/SupportPackages/R2017b/3P.instrset/arduinoide.instrset/idepkgs/packages/arduino/hardware/sam/1.6.11/variants/arduino_due_x/libsam_sam3x8e_gcc_rel.a(startup_sam3xa.o) (UOTGHS_Handler)
C:/ProgramData/MATLAB/SupportPackages/R2017b/3P.instrset/arduinoide.instrset/idepkgs/packages/arduino/hardware/sam/1.6.11/variants/arduino_due_x/libsam_sam3x8e_gcc_rel.a(pio.o)
                              wiring_digital.o (PIO_PullUp)
C:/ProgramData/MATLAB/SupportPackages/R2017b/3P.instrset/arduinoide.instrset/idepkgs/packages/arduino/hardware/sam/1.6.11/variants/arduino_due_x/libsam_sam3x8e_gcc_rel.a(pmc.o)
                              WInterrupts.o (pmc_enable_periph_clk)
C:/ProgramData/MATLAB/SupportPackages/R2017b/3P.instrset/arduinoide.instrset/idepkgs/packages/arduino/hardware/sam/1.6.11/variants/arduino_due_x/libsam_sam3x8e_gcc_rel.a(pwmc.o)
                              wiring_analog.o (PWMC_ConfigureChannel)
C:/ProgramData/MATLAB/SupportPackages/R2017b/3P.instrset/arduinoide.instrset/idepkgs/packages/arduino/hardware/sam/1.6.11/variants/arduino_due_x/libsam_sam3x8e_gcc_rel.a(spi.o)
                              SPI.o (SPI_Enable)
C:/ProgramData/MATLAB/SupportPackages/R2017b/3P.instrset/arduinoide.instrset/idepkgs/packages/arduino/hardware/sam/1.6.11/variants/arduino_due_x/libsam_sam3x8e_gcc_rel.a(tc.o)
                              wiring_analog.o (TC_Configure)
C:/ProgramData/MATLAB/SupportPackages/R2017b/3P.instrset/arduinoide.instrset/idepkgs/packages/arduino/hardware/sam/1.6.11/variants/arduino_due_x/libsam_sam3x8e_gcc_rel.a(timetick.o)
                              cortex_handlers.o (TimeTick_Increment)
C:/ProgramData/MATLAB/SupportPackages/R2017b/3P.instrset/arduinoide.instrset/idepkgs/packages/arduino/hardware/sam/1.6.11/variants/arduino_due_x/libsam_sam3x8e_gcc_rel.a(wdt.o)
                              watchdog.o (WDT_Enable)
C:/ProgramData/MATLAB/SupportPackages/R2017b/3P.instrset/arduinoide.instrset/idepkgs/packages/arduino/hardware/sam/1.6.11/variants/arduino_due_x/libsam_sam3x8e_gcc_rel.a(system_sam3xa.o)
                              variant.o (SystemInit)
C:/ProgramData/MATLAB/SupportPackages/R2017b/3P.instrset/arduinoide.instrset/idepkgs/packages/arduino/hardware/sam/1.6.11/variants/arduino_due_x/libsam_sam3x8e_gcc_rel.a(adc.o)
                              variant.o (adc_init)
C:/ProgramData/MATLAB/SupportPackages/R2017b/3P.instrset/arduinoide.instrset/idepkgs/packages/arduino/hardware/sam/1.6.11/variants/arduino_due_x/libsam_sam3x8e_gcc_rel.a(interrupt_sam_nvic.o)
                              USBCore.o (g_interrupt_enabled)
C:/ProgramData/MATLAB/SupportPackages/R2017b/3P.instrset/arduinoide.instrset/idepkgs/packages/arduino/hardware/sam/1.6.11/variants/arduino_due_x/libsam_sam3x8e_gcc_rel.a(uotghs_device.o)
                              USBCore.o (UDD_SetStack)
C:/ProgramData/MATLAB/SupportPackages/R2017b/3P.instrset/arduinoide.instrset/idepkgs/packages/arduino/hardware/sam/1.6.11/variants/arduino_due_x/libsam_sam3x8e_gcc_rel.a(dacc.o)
                              wiring_analog.o (dacc_reset)
c:/programdata/matlab/supportpackages/r2017b/3p.instrset/arduinoide.instrset/idepkgs/packages/arduino/tools/arm-none-eabi-gcc/4.8.3-2014q1/bin/../lib/gcc/arm-none-eabi/4.8.3/../../../../arm-none-eabi/lib/armv7-m\libm.a(lib_a-s_fpclassify.o)
                              Print.o (__fpclassifyd)
c:/programdata/matlab/supportpackages/r2017b/3p.instrset/arduinoide.instrset/idepkgs/packages/arduino/tools/arm-none-eabi-gcc/4.8.3-2014q1/bin/../lib/gcc/arm-none-eabi/4.8.3/../../../../arm-none-eabi/lib/armv7-m\libm.a(lib_a-sf_fpclassify.o)
                              ESP8266.o (__fpclassifyf)
c:/programdata/matlab/supportpackages/r2017b/3p.instrset/arduinoide.instrset/idepkgs/packages/arduino/tools/arm-none-eabi-gcc/4.8.3-2014q1/bin/../lib/gcc/arm-none-eabi/4.8.3/armv7-m\libgcc.a(_arm_addsubdf3.o)
                              arduinomega2560_wifiudpreceive.o (__aeabi_dsub)
c:/programdata/matlab/supportpackages/r2017b/3p.instrset/arduinoide.instrset/idepkgs/packages/arduino/tools/arm-none-eabi-gcc/4.8.3-2014q1/bin/../lib/gcc/arm-none-eabi/4.8.3/armv7-m\libgcc.a(_arm_muldivdf3.o)
                              arduinomega2560_wifiudpreceive.o (__aeabi_dmul)
c:/programdata/matlab/supportpackages/r2017b/3p.instrset/arduinoide.instrset/idepkgs/packages/arduino/tools/arm-none-eabi-gcc/4.8.3-2014q1/bin/../lib/gcc/arm-none-eabi/4.8.3/armv7-m\libgcc.a(_arm_cmpdf2.o)
[...]
Memory Configuration

Name             Origin             Length             Attributes
rom              0x00080000         0x00080000         xr
sram0            0x20000000         0x00010000         xrw
sram1            0x20080000         0x00008000         xrw
ram              0x20070000         0x00018000         xrw
*default*        0x00000000         0xffffffff

Linker script and memory map

LOAD c:/programdata/matlab/supportpackages/r2017b/3p.instrset/arduinoide.instrset/idepkgs/packages/arduino/tools/arm-none-eabi-gcc/4.8.3-2014q1/bin/../lib/gcc/arm-none-eabi/4.8.3/armv7-m/crti.o
LOAD c:/programdata/matlab/supportpackages/r2017b/3p.instrset/arduinoide.instrset/idepkgs/packages/arduino/tools/arm-none-eabi-gcc/4.8.3-2014q1/bin/../lib/gcc/arm-none-eabi/4.8.3/armv7-m/crtbegin.o
LOAD c:/programdata/matlab/supportpackages/r2017b/3p.instrset/arduinoide.instrset/idepkgs/packages/arduino/tools/arm-none-eabi-gcc/4.8.3-2014q1/bin/../lib/gcc/arm-none-eabi/4.8.3/../../../../arm-none-eabi/lib/armv7-m/crt0.o
START GROUP
LOAD C:/ProgramData/MATLAB/SupportPackages/R2017b/3P.instrset/arduinoide.instrset/idepkgs/packages/arduino/hardware/sam/1.6.11/variants/arduino_due_x/libsam_sam3x8e_gcc_rel.a
LOAD MW_WiFiUDP.o
LOAD arduinomega2560_wifiudpreceive.o
LOAD updown.o
LOAD ext_work.o
LOAD rtiostream_utils.o
LOAD wiring_pulse_asm.S.o
LOAD dtostrf.o
LOAD cortex_handlers.o
LOAD hooks.o
LOAD iar_calls_sam3.o
LOAD itoa.o
LOAD syscalls_sam3.o
LOAD WInterrupts.o
LOAD wiring.o
LOAD wiring_analog.o
LOAD wiring_digital.o
LOAD wiring_shift.o
LOAD abi.o
LOAD IPAddress.o
LOAD new.o
LOAD Print.o
LOAD Reset.o
LOAD RingBuffer.o
LOAD Stream.o
LOAD UARTClass.o
LOAD USARTClass.o
LOAD CDC.o
LOAD PluggableUSB.o
LOAD USBCore.o
LOAD wiring_pulse.o
LOAD WMath.o
LOAD WString.o
LOAD watchdog.o
LOAD variant.o
LOAD MW_ArduinoHWInit.o
LOAD io_wrappers.o
LOAD arduinoARMScheduler.o
LOAD arm_cortex_m_multitasking.o
LOAD rtiostream_interface.o
LOAD ext_svr_daemon.o
LOAD rtiostream_serial_daemon.o
LOAD daemon_checksum.o
LOAD ESP8266.o
LOAD SPI.o
LOAD WiFi.o
LOAD WiFiClient.o
LOAD WiFiServer.o
LOAD WiFiUdp.o
LOAD server_drv.o
LOAD spi_drv.o
LOAD wifi_drv.o
LOAD ert_main.o
END GROUP
LOAD c:/programdata/matlab/supportpackages/r2017b/3p.instrset/arduinoide.instrset/idepkgs/packages/arduino/tools/arm-none-eabi-gcc/4.8.3-2014q1/bin/../lib/gcc/arm-none-eabi/4.8.3/../../../../arm-none-eabi/lib/armv7-m\libm.a
START GROUP
LOAD c:/programdata/matlab/supportpackages/r2017b/3p.instrset/arduinoide.instrset/idepkgs/packages/arduino/tools/arm-none-eabi-gcc/4.8.3-2014q1/bin/../lib/gcc/arm-none-eabi/4.8.3/armv7-m\libgcc.a
LOAD c:/programdata/matlab/supportpackages/r2017b/3p.instrset/arduinoide.instrset/idepkgs/packages/arduino/tools/arm-none-eabi-gcc/4.8.3-2014q1/bin/../lib/gcc/arm-none-eabi/4.8.3/../../../../arm-none-eabi/lib/armv7-m\libg.a
LOAD c:/programdata/matlab/supportpackages/r2017b/3p.instrset/arduinoide.instrset/idepkgs/packages/arduino/tools/arm-none-eabi-gcc/4.8.3-2014q1/bin/../lib/gcc/arm-none-eabi/4.8.3/../../../../arm-none-eabi/lib/armv7-m\libc.a
END GROUP
LOAD c:/programdata/matlab/supportpackages/r2017b/3p.instrset/arduinoide.instrset/idepkgs/packages/arduino/tools/arm-none-eabi-gcc/4.8.3-2014q1/bin/../lib/gcc/arm-none-eabi/4.8.3/armv7-m/crtend.o
LOAD c:/programdata/matlab/supportpackages/r2017b/3p.instrset/arduinoide.instrset/idepkgs/packages/arduino/tools/arm-none-eabi-gcc/4.8.3-2014q1/bin/../lib/gcc/arm-none-eabi/4.8.3/armv7-m/crtn.o

.text           0x00080000     0x9800
                0x00080000                . = ALIGN (0x4)
                0x00080000                _sfixed = .
 *(.vectors .vectors.*)
 .vectors       0x00080000       0xf4 C:/ProgramData/MATLAB/SupportPackages/R2017b/3P.instrset/arduinoide.instrset/idepkgs/packages/arduino/hardware/sam/1.6.11/variants/arduino_due_x/libsam_sam3x8e_gcc_rel.a(startup_sam3xa.o)
                0x00080000                exception_table
 *(.text .text.* .gnu.linkonce.t.*)
 .text          0x000800f4       0x54 c:/programdata/matlab/supportpackages/r2017b/3p.instrset/arduinoide.instrset/idepkgs/packages/arduino/tools/arm-none-eabi-gcc/4.8.3-2014q1/bin/../lib/gcc/arm-none-eabi/4.8.3/armv7-m/crtbegin.o
 .text.Reset_Handler
                0x00080148       0x78 C:/ProgramData/MATLAB/SupportPackages/R2017b/3P.instrset/arduinoide.instrset/idepkgs/packages/arduino/hardware/sam/1.6.11/variants/arduino_due_x/libsam_sam3x8e_gcc_rel.a(startup_sam3xa.o)
                0x00080148                Reset_Handler
 .text.UOTGHS_Handler
                0x000801c0       0x10 C:/ProgramData/MATLAB/SupportPackages/R2017b/3P.instrset/arduinoide.instrset/idepkgs/packages/arduino/hardware/sam/1.6.11/variants/arduino_due_x/libsam_sam3x8e_gcc_rel.a(uotghs.o)
                0x000801c0                UOTGHS_Handler
 .text._ZN7ESP8266D2Ev
                0x000801d0       0x20 MW_WiFiUDP.o
                0x000801d0                ESP8266::~ESP8266()
                0x000801d0                ESP8266::~ESP8266()
 .text.MW_WifiAndUDPBegin
                0x000801f0      0x10c MW_WiFiUDP.o
                0x000801f0                MW_WifiAndUDPBegin
 .text.MW_WifiUDPFinalRead
                0x000802fc       0x50 MW_WiFiUDP.o
                0x000802fc                MW_WifiUDPFinalRead
 .text.startup._GLOBAL__sub_I_esp8266obj
                0x0008034c       0x6c MW_WiFiUDP.o
 .text.arduinomega2560_wifiudpreceive_step
                0x000803b8       0xd8 arduinomega2560_wifiudpreceive.o
                0x000803b8                arduinomega2560_wifiudpreceive_step
 .text.arduinomega2560_wifiudpreceive_initialize
                0x00080490       0xdc arduinomega2560_wifiudpreceive.o
                0x00080490                arduinomega2560_wifiudpreceive_initialize
 .text.arduinomega2560_wifiudpreceive_terminate
                0x0008056c       0x14 arduinomega2560_wifiudpreceive.o
                0x0008056c                arduinomega2560_wifiudpreceive_terminate
 .text.UploadBufAssignMem
                0x00080580       0x6a updown.o
 *fill*         0x000805ea        0x2 
 .text.UploadDestroyTrigger
                0x000805ec       0x54 updown.o
 .text.InitUploadSection.isra.0
                0x00080640       0x34 updown.o
 .text.SetParam
                0x00080674       0x72 updown.o
                0x00080674                SetParam
 *fill*         0x000806e6        0x2 
 .text.UploadLogInfoReset
                0x000806e8       0x3c updown.o
                0x000806e8                UploadLogInfoReset
 .text.UploadLogInfoTerm
                0x00080724       0xa4 updown.o
                0x00080724                UploadLogInfoTerm
 .text.UploadPrepareForFinalFlush
                0x000807c8       0x24 updown.o
                0x000807c8                UploadPrepareForFinalFlush
 .text.UploadLogInfoInit
                0x000807ec      0x1ac updown.o
                0x000807ec                UploadLogInfoInit
 .text.UploadInitTrigger
                0x00080998       0xe4 updown.o
                0x00080998                UploadInitTrigger
 .text.UploadArmTrigger
                0x00080a7c       0x50 updown.o
                0x00080a7c                UploadArmTrigger
 .text.UploadEndLoggingSession
                0x00080acc       0x18 updown.o
                0x00080acc                UploadEndLoggingSession
 .text.UploadCancelLogging
                0x00080ae4       0x34 updown.o
                0x00080ae4                UploadCancelLogging
 .text.UploadBufDataSent
                0x00080b18       0x34 updown.o
                0x00080b18                UploadBufDataSent
 .text.UploadBufAddTimePoint
                0x00080b4c      0x340 updown.o
                0x00080b4c                UploadBufAddTimePoint
 .text.UploadCheckTrigger
                0x00080e8c       0x54 updown.o
                0x00080e8c                UploadCheckTrigger
 .text.UploadCheckEndTrigger
                0x00080ee0       0x28 updown.o
                0x00080ee0                UploadCheckEndTrigger
 .text.UploadBufGetData
                0x00080f08       0xf0 updown.o
                0x00080f08                UploadBufGetData
 .text.rtExtModeWaitForStartPkt
                0x00080ff8       0x50 ext_work.o
                0x00080ff8                rtExtModeWaitForStartPkt
 .text.rtExtModeOneStep
                0x00081048       0x20 ext_work.o
                0x00081048                rtExtModeOneStep
 .text.rtExtModeUpload
                0x00081068        0x4 ext_work.o
                0x00081068                rtExtModeUpload
 .text.rtExtModeCheckEndTrigger
                0x0008106c        0x4 ext_work.o
                0x0008106c                rtExtModeCheckEndTrigger
 .text.rtExtModeUploadCheckTrigger
                0x00081070        0x4 ext_work.o
                0x00081070                rtExtModeUploadCheckTrigger
 .text.rtExtModeCheckInit
                0x00081074        0x4 ext_work.o
                0x00081074                rtExtModeCheckInit
 .text.rtExtModeShutdown
                0x00081078        0x4 ext_work.o
                0x00081078                rtExtModeShutdown
 .text.rtSetTFinalForExtMode
                0x0008107c        0x2 ext_work.o
                0x0008107c                rtSetTFinalForExtMode
 .text.rtParseArgsForExtMode
                0x0008107e        0x8 ext_work.o
                0x0008107e                rtParseArgsForExtMode
 .text.rtERTExtModeStartMsg
                0x00081086        0x2 ext_work.o
                0x00081086                rtERTExtModeStartMsg
 .text.rtIOStreamBlockingSend
                0x00081088       0x32 rtiostream_utils.o
                0x00081088                rtIOStreamBlockingSend
 .text.__halt   0x000810ba        0x2 cortex_handlers.o
                0x000810ba                DACC_Handler
                0x000810ba                DebugMon_Handler
                0x000810ba                DMAC_Handler
                0x000810ba                TRNG_Handler
                0x000810ba                HardFault_Handler
                0x000810ba                TC2_Handler
                0x000810ba                TWI1_Handler
                0x000810ba                NMI_Handler
                0x000810ba                TC7_Handler
                0x000810ba                ADC_Handler
                0x000810ba                SMC_Handler
                0x000810ba                RTT_Handler
                0x000810ba                EFC1_Handler
                0x000810ba                RTC_Handler
                0x000810ba                UsageFault_Handler
                0x000810ba                TC6_Handler
                0x000810ba                WDT_Handler
                0x000810ba                CAN0_Handler
                0x000810ba                TC4_Handler
                0x000810ba                TC1_Handler
                0x000810ba                HSMCI_Handler
                0x000810ba                TC3_Handler
                0x000810ba                TWI0_Handler
                0x000810ba                SSC_Handler
                0x000810ba                EFC0_Handler
                0x000810ba                PMC_Handler
                0x000810ba                PWM_Handler
                0x000810ba                CAN1_Handler
                0x000810ba                MemManage_Handler
                0x000810ba                SUPC_Handler
                0x000810ba                USART2_Handler
                0x000810ba                EMAC_Handler
                0x000810ba                BusFault_Handler
                0x000810ba                RSTC_Handler
                0x000810ba                TC0_Handler
                0x000810ba                TC5_Handler
                0x000810ba                SPI0_Handler
 .text.SVC_Handler
                0x000810bc        0x4 cortex_handlers.o
                0x000810bc                SVC_Handler
 .text.PendSV_Handler
                0x000810c0        0x4 cortex_handlers.o
                0x000810c0                PendSV_Handler
 .text.SysTick_Handler
                0x000810c4       0x16 cortex_handlers.o
                0x000810c4                SysTick_Handler
 .text.__empty  0x000810da        0x2 hooks.o
                0x000810da                yield
 .text.__false  0x000810dc        0x4 hooks.o
                0x000810dc                sysTickHook
 .text.__halt   0x000810e0        0x2 hooks.o
                0x000810e0                pendSVHook
 .text.ltoa     0x000810e2       0x6e itoa.o
                0x000810e2                ltoa
 .text.itoa     0x00081150        0x4 itoa.o
                0x00081150                itoa
 .text._sbrk    0x00081154       0x1c syscalls_sam3.o
                0x00081154                _sbrk
 .text._close   0x00081170        0x6 syscalls_sam3.o
                0x00081170                _close
 .text._fstat   0x00081176        0xa syscalls_sam3.o
                0x00081176                _fstat
 .text._isatty  0x00081180        0x4 syscalls_sam3.o
                0x00081180                _isatty
 .text._lseek   0x00081184        0x4 syscalls_sam3.o
                0x00081184                _lseek
 .text._read    0x00081188        0x4 syscalls_sam3.o
                0x00081188                _read
 .text._write   0x0008118c       0x24 syscalls_sam3.o
                0x0008118c                _write
 .text._exit    0x000811b0       0x10 syscalls_sam3.o
                0x000811b0                _exit
 .text._kill    0x000811c0        0x2 syscalls_sam3.o
                0x000811c0                _kill
 .text._getpid  0x000811c2        0x6 syscalls_sam3.o
                0x000811c2                _getpid
 .text.PIOA_Handler
                0x000811c8       0x38 WInterrupts.o
                0x000811c8                PIOA_Handler
 .text.PIOB_Handler
                0x00081200       0x38 WInterrupts.o
                0x00081200                PIOB_Handler
 .text.PIOC_Handler
                0x00081238       0x38 WInterrupts.o
                0x00081238                PIOC_Handler
 .text.PIOD_Handler
                0x00081270       0x38 WInterrupts.o
                0x00081270                PIOD_Handler
 .text.millis   0x000812a8        0x4 wiring.o
                0x000812a8                millis
 .text.delay    0x000812ac       0x1c wiring.o
                0x000812ac                delay
 .text.analogOutputInit
                0x000812c8        0x2 wiring_analog.o
                0x000812c8                analogOutputInit
 *fill*         0x000812ca        0x2 
 .text.pinMode  0x000812cc      0x108 wiring_digital.o
                0x000812cc                pinMode
 .text.digitalWrite
                0x000813d4       0x70 wiring_digital.o
                0x000813d4                digitalWrite
 .text._ZNK9IPAddress7printToER5Print
                0x00081444       0x3c IPAddress.o
                0x00081444                IPAddress::printTo(Print&) const
 .text._ZN9IPAddressC2Ev
                0x00081480       0x10 IPAddress.o
                0x00081480                IPAddress::IPAddress()
                0x00081480                IPAddress::IPAddress()
 .text._ZN9IPAddressC2Ehhhh
                0x00081490       0x18 IPAddress.o
                0x00081490                IPAddress::IPAddress(unsigned char, unsigned char, unsigned char, unsigned char)
                0x00081490                IPAddress::IPAddress(unsigned char, unsigned char, unsigned char, unsigned char)
 .text.startup._GLOBAL__sub_I__ZN9IPAddressC2Ev
                0x000814a8       0x1c IPAddress.o
 .text._ZN5Print5writeEPKhj
                0x000814c4       0x22 Print.o
                0x000814c4                Print::write(unsigned char const*, unsigned int)
 .text._ZN5Print5printEmi.part.3
                0x000814e6        0xc Print.o
 .text._ZN5Print5writeEPKc
                0x000814f2       0x1e Print.o
                0x000814f2                Print::write(char const*)
 .text._ZN5Print5printEPKc
                0x00081510        0x8 Print.o
                0x00081510                Print::print(char const*)
 .text._ZN5Print5printEc
                0x00081518        0xa Print.o
                0x00081518                Print::print(char)
 .text._ZN5Print5printERK9Printable
                0x00081522       0x10 Print.o
                0x00081522                Print::print(Printable const&)
 *fill*         0x00081532        0x2 
 .text._ZN5Print7printlnEv
                0x00081534       0x10 Print.o
                0x00081534                Print::println()
 .text._ZN5Print7printlnEPKc
                0x00081544       0x14 Print.o
                0x00081544                Print::println(char const*)
 .text._ZN5Print11printNumberEmh
                0x00081558       0x3e Print.o
                0x00081558                Print::printNumber(unsigned long, unsigned char)
 .text._ZN5Print5printEli
                0x00081596       0x3c Print.o
                0x00081596                Print::print(long, int)
 .text._ZN5Print5printEii
                0x000815d2        0x4 Print.o
                0x000815d2                Print::print(int, int)
 .text._ZN5Print5printEmi
                0x000815d6        0xc Print.o
                0x000815d6                Print::print(unsigned long, int)
 .text._ZN5Print5printEhi
                0x000815e2        0x4 Print.o
                0x000815e2                Print::print(unsigned char, int)
 *fill*         0x000815e6        0x2 
 .text.initiateReset
                0x000815e8        0xc Reset.o
                0x000815e8                initiateReset
 .text.cancelReset
                0x000815f4       0x10 Reset.o
                0x000815f4                cancelReset
 .text.tickReset
                0x00081604       0x20 Reset.o
                0x00081604                tickReset
 .text._ZN10RingBufferC2Ev
                0x00081624       0x1a RingBuffer.o
                0x00081624                RingBuffer::RingBuffer()
                0x00081624                RingBuffer::RingBuffer()
 .text._ZN10RingBuffer10store_charEh
                0x0008163e       0x1e RingBuffer.o
                0x0008163e                RingBuffer::store_char(unsigned char)
 .text._ZN6Stream9timedReadEv
                0x0008165c       0x2a Stream.o
                0x0008165c                Stream::timedRead()
 .text._ZN6Stream9readBytesEPcj
                0x00081686       0x22 Stream.o
                0x00081686                Stream::readBytes(char*, unsigned int)
 .text._ZN9UARTClasscvbEv
                0x000816a8        0x4 UARTClass.o
                0x000816a8                UARTClass::operator bool()
 .text._ZN9UARTClass9availableEv
                0x000816ac       0x12 UARTClass.o
                0x000816ac                UARTClass::available()
 .text._ZN9UARTClass4peekEv
                0x000816be       0x1c UARTClass.o
                0x000816be                UARTClass::peek()
 .text._ZN9UARTClass4readEv
                0x000816da       0x2a UARTClass.o
                0x000816da                UARTClass::read()
 .text._ZN9UARTClass5flushEv
                0x00081704       0x18 UARTClass.o
                0x00081704                UARTClass::flush()
 .text._ZN9UARTClass5writeEh
                0x0008171c       0x54 UARTClass.o
                0x0008171c                UARTClass::write(unsigned char)
 .text._ZN9UARTClass3endEv
                0x00081770       0x3c UARTClass.o
                0x00081770                UARTClass::end()
 .text._ZN9UARTClassC2EP4Uart4IRQnmP10RingBufferS4_
                0x000817ac       0x24 UARTClass.o
                0x000817ac                UARTClass::UARTClass(Uart*, IRQn, unsigned long, RingBuffer*, RingBuffer*)
                0x000817ac                UARTClass::UARTClass(Uart*, IRQn, unsigned long, RingBuffer*, RingBuffer*)
 .text._ZN9UARTClass4initEmm
                0x000817d0       0x70 UARTClass.o
                0x000817d0                UARTClass::init(unsigned long, unsigned long)
 .text._ZN9UARTClass5beginEm
                0x00081840        0x8 UARTClass.o
                0x00081840                UARTClass::begin(unsigned long)
 .text._ZN9UARTClass10IrqHandlerEv
                0x00081848       0x5a UARTClass.o
                0x00081848                UARTClass::IrqHandler()
 .text._ZN10USARTClass5beginEm
                0x000818a2        0x8 USARTClass.o
                0x000818a2                USARTClass::begin(unsigned long)
 *fill*         0x000818aa        0x2 
 .text._ZN10USARTClassC2EP5Usart4IRQnmP10RingBufferS4_
                0x000818ac       0x24 USARTClass.o
                0x000818ac                USARTClass::USARTClass(Usart*, IRQn, unsigned long, RingBuffer*, RingBuffer*)
                0x000818ac                USARTClass::USARTClass(Usart*, IRQn, unsigned long, RingBuffer*, RingBuffer*)
 .text._ZN7Serial_9availableEv
                0x000818d0       0x18 CDC.o
                0x000818d0                Serial_::available()
 .text._ZN7Serial_17availableForWriteEv
                0x000818e8        0x6 CDC.o
                0x000818e8                Serial_::availableForWrite()
 *fill*         0x000818ee        0x2 
 .text._ZN7Serial_4peekEv
                0x000818f0       0x20 CDC.o
                0x000818f0                Serial_::peek()
 .text._ZN7Serial_5writeEh
                0x00081910       0x16 CDC.o
                0x00081910                Serial_::write(unsigned char)
 *fill*         0x00081926        0x2 
 .text._ZN7Serial_4readEv
                0x00081928       0x44 CDC.o
                0x00081928                Serial_::read()
 .text._ZN7Serial_5flushEv
                0x0008196c        0x6 CDC.o
                0x0008196c                Serial_::flush()
 *fill*         0x00081972        0x2 
 .text._ZN7Serial_6acceptEv
                0x00081974       0x70 CDC.o
                0x00081974                Serial_::accept()
 .text._ZN7Serial_5writeEPKhj
                0x000819e4       0x2c CDC.o
                0x000819e4                Serial_::write(unsigned char const*, unsigned int)
 .text._Z16CDC_GetInterfacePh
                0x00081a10       0x14 CDC.o
                0x00081a10                CDC_GetInterface(unsigned char*)
 .text._Z21CDC_GetOtherInterfacePh
                0x00081a24       0x14 CDC.o
                0x00081a24                CDC_GetOtherInterface(unsigned char*)
 .text._Z9CDC_SetupR8USBSetup
                0x00081a38       0x78 CDC.o
                0x00081a38                CDC_Setup(USBSetup&)
 .text.startup._GLOBAL__sub_I_cdc_rx_buffer
                0x00081ab0       0x1c CDC.o
 .text._ZN13PluggableUSB_12getInterfaceEPh
                0x00081acc       0x28 PluggableUSB.o
                0x00081acc                PluggableUSB_::getInterface(unsigned char*)
 .text._ZN13PluggableUSB_13getDescriptorER8USBSetup
                0x00081af4       0x1c PluggableUSB.o
                0x00081af4                PluggableUSB_::getDescriptor(USBSetup&)
 .text._ZN13PluggableUSB_12getShortNameEPc
                0x00081b10       0x1c PluggableUSB.o
                0x00081b10                PluggableUSB_::getShortName(char*)
 .text._ZN13PluggableUSB_5setupER8USBSetup
                0x00081b2c       0x20 PluggableUSB.o
                0x00081b2c                PluggableUSB_::setup(USBSetup&)
 .text._Z12PluggableUSBv
                0x00081b4c       0x28 PluggableUSB.o
                0x00081b4c                PluggableUSB()
 .text.unlikely._ZL11USB_SendZlpv
                0x00081b74       0x20 USBCore.o
 .text._Z14USBD_Availablem
                0x00081b94       0x2c USBCore.o
                0x00081b94                USBD_Available(unsigned long)
 .text._Z9USBD_RecvmPvm
                0x00081bc0       0x7c USBCore.o
                0x00081bc0                USBD_Recv(unsigned long, void*, unsigned long)
 .text._Z9USBD_Recvm
                0x00081c3c       0x22 USBCore.o
                0x00081c3c                USBD_Recv(unsigned long)
 *fill*         0x00081c5e        0x2 
 .text._Z9USBD_SendmPKvm
                0x00081c60       0x4c USBCore.o
                0x00081c60                USBD_Send(unsigned long, void const*, unsigned long)
 .text._Z16USBD_SendControlhPKvm
                0x00081cac       0x40 USBCore.o
                0x00081cac                USBD_SendControl(unsigned char, void const*, unsigned long)
 .text.unlikely._ZL24USB_SendStringDescriptorPKhi
                0x00081cec       0x64 USBCore.o
 .text._Z16USBD_RecvControlPvm
                0x00081d50       0x1c USBCore.o
                0x00081d50                USBD_RecvControl(void*, unsigned long)
 .text._Z26USBD_ClassInterfaceRequestR8USBSetup
                0x00081d6c       0x1e USBCore.o
                0x00081d6c                USBD_ClassInterfaceRequest(USBSetup&)
 .text._Z19USBD_SendInterfacesv
                0x00081d8a       0x22 USBCore.o
                0x00081d8a                USBD_SendInterfaces()
 .text._Z24USBD_SendOtherInterfacesv
                0x00081dac       0x22 USBCore.o
                0x00081dac                USBD_SendOtherInterfaces()
 .text._Z10USBD_Flushm
                0x00081dce       0x16 USBCore.o
                0x00081dce                USBD_Flush(unsigned long)
 .text._ZN10USBDevice_C2Ev
                0x00081de4       0x24 USBCore.o
                0x00081de4                USBDevice_::USBDevice_()
                0x00081de4                USBDevice_::USBDevice_()
 .text.startup._GLOBAL__sub_I_EndPoints
                0x00081e08        0xc USBCore.o
 .text._ZL7USB_ISRv
                0x00081e14      0x454 USBCore.o
 .text._ZN6StringD2Ev
                0x00082268        0xe WString.o
                0x00082268                String::~String()
                0x00082268                String::~String()
 .text._ZN6String10invalidateEv
                0x00082276       0x16 WString.o
                0x00082276                String::invalidate()
 .text._ZN6String12changeBufferEj
                0x0008228c       0x18 WString.o
                0x0008228c                String::changeBuffer(unsigned int)
 .text._ZN6String7reserveEj
                0x000822a4       0x22 WString.o
                0x000822a4                String::reserve(unsigned int)
 .text._ZN6String4copyEPKcj
                0x000822c6       0x26 WString.o
                0x000822c6                String::copy(char const*, unsigned int)
 .text._ZN6StringC2EPKc
                0x000822ec       0x24 WString.o
                0x000822ec                String::String(char const*)
                0x000822ec                String::String(char const*)
 .text._Z15watchdogDisablev
                0x00082310        0xc watchdog.o
                0x00082310                watchdogDisable()
 .text.UART_Handler
                0x0008231c        0xc variant.o
                0x0008231c                UART_Handler
 .text.USART0_Handler
                0x00082328        0xc variant.o
                0x00082328                USART0_Handler
 .text.USART1_Handler
                0x00082334        0xc variant.o
                0x00082334                USART1_Handler
 .text.USART3_Handler
                0x00082340        0xc variant.o
                0x00082340                USART3_Handler
 .text.init     0x0008234c      0x128 variant.o
                0x0008234c                init
 .text.startup._GLOBAL__sub_I_g_APinDescription
                0x00082474       0xd4 variant.o
 .text.MW_Arduino_Init
                0x00082548       0x14 MW_ArduinoHWInit.o
                0x00082548                MW_Arduino_Init
 .text.Serial_begin
                0x0008255c       0x34 io_wrappers.o
                0x0008255c                Serial_begin
 .text._ZL13Scheduler_Isrv
                0x00082590       0x14 arduinoARMScheduler.o
 .text.TC8_Handler
                0x000825a4       0x1c arduinoARMScheduler.o
                0x000825a4                TC8_Handler
 .text.Setup_SchedulerTimer
                0x000825c0       0x84 arduinoARMScheduler.o
                0x000825c0                Setup_SchedulerTimer
 .text.configureArduinoARMTimer
                0x00082644       0x24 arduinoARMScheduler.o
                0x00082644                configureArduinoARMTimer
 .text.MW_Arduino_Loop
                0x00082668        0x4 arduinoARMScheduler.o
                0x00082668                MW_Arduino_Loop
 .text.arm_cortex_m_call_thread_with_context_switch
                0x0008266c       0x34 arm_cortex_m_multitasking.o
                0x0008266c                arm_cortex_m_call_thread_with_context_switch
 .text.svcHook  0x000826a0       0x2c arm_cortex_m_multitasking.o
                0x000826a0                svcHook
 .text.ExtProcessArgs
                0x000826cc       0x70 rtiostream_interface.o
                0x000826cc                ExtProcessArgs
 .text.ExtUserDataCreate
                0x0008273c        0x8 rtiostream_interface.o
                0x0008273c                ExtUserDataCreate
 .text.ExtInit  0x00082744        0x4 rtiostream_interface.o
                0x00082744                ExtInit
 .text.ExtSetHostPkt
                0x00082748       0x20 rtiostream_interface.o
                0x00082748                ExtSetHostPkt
 .text.ExtGetHostPkt
                0x00082768       0x22 rtiostream_interface.o
                0x00082768                ExtGetHostPkt
 .text.ExtWaitForStartPktFromHost
                0x0008278a        0x4 rtiostream_interface.o
                0x0008278a                ExtWaitForStartPktFromHost
 .text.ExtUserDataDestroy
                0x0008278e        0x2 rtiostream_interface.o
                0x0008278e                ExtUserDataDestroy
 .text.ExtModeSleep
                0x00082790        0x2 rtiostream_interface.o
                0x00082790                ExtModeSleep
 .text.ExtOpenConnection
                0x00082792        0x8 rtiostream_interface.o
                0x00082792                ExtOpenConnection
 .text.ExtForceDisconnect
                0x0008279a        0x2 rtiostream_interface.o
                0x0008279a                ExtForceDisconnect
 .text.ExtCloseConnection
                0x0008279c        0xc rtiostream_interface.o
                0x0008279c                ExtCloseConnection
 .text.ExtShutDown
                0x000827a8        0x6 rtiostream_interface.o
                0x000827a8                ExtShutDown
 *fill*         0x000827ae        0x2 
 .text.SendPktHdrToHost
                0x000827b0       0x30 ext_svr_daemon.o
 .text.SendPktDataToHost
                0x000827e0       0x28 ext_svr_daemon.o
 .text.ForceDisconnectFromHost
                0x00082808       0x3c ext_svr_daemon.o
 .text.GetPktUsingAck
                0x00082844      0x25c ext_svr_daemon.o
 .text.SendPktToHost
                0x00082aa0       0x3c ext_svr_daemon.o
                0x00082aa0                SendPktToHost
 .text.SendResponseStatus
                0x00082adc       0x14 ext_svr_daemon.o
 .text.ProcessSelectTriggerSignalPkt.isra.1
                0x00082af0       0x6c ext_svr_daemon.o
 .text.ExtParseArgsAndInitUD
                0x00082b5c       0x38 ext_svr_daemon.o
                0x00082b5c                ExtParseArgsAndInitUD
 .text.ExtWaitForStartPkt
                0x00082b94        0xc ext_svr_daemon.o
                0x00082b94                ExtWaitForStartPkt
 .text.UploadServerWork
                0x00082ba0      0x250 ext_svr_daemon.o
                0x00082ba0                UploadServerWork
 .text.rt_UploadServerWork
                0x00082df0       0x18 ext_svr_daemon.o
                0x00082df0                rt_UploadServerWork
 .text.rt_ExtModeInit
                0x00082e08       0x20 ext_svr_daemon.o
                0x00082e08                rt_ExtModeInit
 .text.rt_ExtModeSleep
                0x00082e28       0x14 ext_svr_daemon.o
                0x00082e28                rt_ExtModeSleep
 .text.rt_PktServerWork
                0x00082e3c      0x3e8 ext_svr_daemon.o
                0x00082e3c                rt_PktServerWork
 .text.rt_ExtModeShutdown
                0x00083224       0x7c ext_svr_daemon.o
                0x00083224                rt_ExtModeShutdown
 .text.rt_UploadCheckTrigger
                0x000832a0       0x18 ext_svr_daemon.o
                0x000832a0                rt_UploadCheckTrigger
 .text.rt_UploadCheckEndTrigger
                0x000832b8       0x12 ext_svr_daemon.o
                0x000832b8                rt_UploadCheckEndTrigger
 .text.rt_UploadBufAddTimePoint
                0x000832ca       0x22 ext_svr_daemon.o
                0x000832ca                rt_UploadBufAddTimePoint
 .text.rtIOStreamSend
                0x000832ec       0x1c rtiostream_serial_daemon.o
                0x000832ec                rtIOStreamSend
 .text.rtIOStreamClose
                0x00083308        0xe rtiostream_serial_daemon.o
                0x00083308                rtIOStreamClose
 *fill*         0x00083316        0x2 
 .text.rtIOStreamOpen
                0x00083318       0x24 rtiostream_serial_daemon.o
                0x00083318                rtIOStreamOpen
 .text.rtIOStreamRecv
                0x0008333c       0x5c rtiostream_serial_daemon.o
                0x0008333c                rtIOStreamRecv
 .text.calculate_crc8_j1850_withInit
                0x00083398       0x20 daemon_checksum.o
                0x00083398                calculate_crc8_j1850_withInit
 .text.calculate_crc8_j1850
                0x000833b8       0x12 daemon_checksum.o
                0x000833b8                calculate_crc8_j1850
 .text.verify_crc8_j1850
                0x000833ca       0x18 daemon_checksum.o
                0x000833ca                verify_crc8_j1850
 .text._ZN7ESP826621setHardwareSerialPortEh
                0x000833e2        0x8 ESP8266.o
                0x000833e2                ESP8266::setHardwareSerialPort(unsigned char)
 *fill*         0x000833ea        0x2 
 .text._ZN7ESP826612tcpipReceiveEPhtb
                0x000833ec       0xb4 ESP8266.o
                0x000833ec                ESP8266::tcpipReceive(unsigned char*, unsigned short, bool)
 .text._ZN7ESP82668addDelayEm
                0x000834a0       0x16 ESP8266.o
                0x000834a0                ESP8266::addDelay(unsigned long)
 .text._ZN7ESP826615clearTempBufferEv
                0x000834b6        0xa ESP8266.o
                0x000834b6                ESP8266::clearTempBuffer()
 .text._ZN7ESP826615getChipResponseEm
                0x000834c0       0x50 ESP8266.o
                0x000834c0                ESP8266::getChipResponse(unsigned long)
 .text._ZN7ESP826616searchTempBufferEPKc
                0x00083510       0x10 ESP8266.o
                0x00083510                ESP8266::searchTempBuffer(char const*)
 .text._ZN7ESP826616readChipResponseEmPKc
                0x00083520       0x58 ESP8266.o
                0x00083520                ESP8266::readChipResponse(unsigned long, char const*)
 .text._ZN7ESP826613connectToWifiEPKcS1_
                0x00083578       0x94 ESP8266.o
                0x00083578                ESP8266::connectToWifi(char const*, char const*)
 .text._ZN7ESP826613sendATCommandEPKcN2AT11CommandTypeES1_
                0x0008360c       0x54 ESP8266.o
                0x0008360c                ESP8266::sendATCommand(char const*, AT::CommandType, char const*)
 .text._ZN7ESP826612getIpAddressEv
                0x00083660       0x9c ESP8266.o
                0x00083660                ESP8266::getIpAddress()
 .text._ZN7ESP82669resetChipEv
                0x000836fc       0x34 ESP8266.o
                0x000836fc                ESP8266::resetChip()
 .text._ZN7ESP82667setModeEN7EspWiFi8WifiModeE
                0x00083730       0x3c ESP8266.o
                0x00083730                ESP8266::setMode(EspWiFi::WifiMode)
 .text._ZN7ESP82666setMuxEb
                0x0008376c       0x38 ESP8266.o
                0x0008376c                ESP8266::setMux(bool)
 .text._ZN7ESP826620testSerialConnectionEv
                0x000837a4       0x2c ESP8266.o
                0x000837a4                ESP8266::testSerialConnection()
 .text._ZN7ESP826620startTcpIpConnectionEv
                0x000837d0       0xec ESP8266.o
                0x000837d0                ESP8266::startTcpIpConnection()
 .text._ZN7ESP826614startTcpServerEv
                0x000838bc       0x4c ESP8266.o
                0x000838bc                ESP8266::startTcpServer()
 .text._ZN7ESP826618setTcpIpConnectionEN7EspWiFi19TcpipConnectionTypeEb9IPAddressttb
                0x00083908       0x62 ESP8266.o
                0x00083908                ESP8266::setTcpIpConnection(EspWiFi::TcpipConnectionType, bool, IPAddress, unsigned short, unsigned short, bool)
 *fill*         0x0008396a        0x2 
 .text.startup._GLOBAL__sub_I__ZN7ESP826611beginSerialEv
                0x0008396c       0x1c ESP8266.o
 .text._ZN7ESP826611beginSerialEv
                0x00083988       0x4c ESP8266.o
                0x00083988                ESP8266::beginSerial()
 .text._ZL10SPI_0_Initv
                0x000839d4       0x48 SPI.o
 .text.startup._GLOBAL__sub_I__ZN8SPIClassC2EP3SpimPFvvE
                0x00083a1c       0x24 SPI.o
 .text.startup._GLOBAL__sub_I__ZN9WiFiClass6_stateE
                0x00083a40       0x1c WiFi.o
 .text.startup._GLOBAL__sub_I__ZN10WiFiClient8_srcportE
                0x00083a5c       0x1c WiFiClient.o
 .text.startup._GLOBAL__sub_I__ZN10WiFiServerC2Et
                0x00083a78       0x1c WiFiServer.o
 .text.startup._GLOBAL__sub_I__ZN7WiFiUDPC2Ev
                0x00083a94       0x1c WiFiUdp.o
 .text.startup._GLOBAL__sub_I__ZN7WiFiDrv12_networkSsidE
                0x00083ab0       0x1c wifi_drv.o
 .text.rt_OneStep
                0x00083acc       0x38 ert_main.o
                0x00083acc                rt_OneStep
 .text.startup.main
                0x00083b04       0xf8 ert_main.o
                0x00083b04                main
 .text.PIO_PullUp
                0x00083bfc        0xa C:/ProgramData/MATLAB/SupportPackages/R2017b/3P.instrset/arduinoide.instrset/idepkgs/packages/arduino/hardware/sam/1.6.11/variants/arduino_due_x/libsam_sam3x8e_gcc_rel.a(pio.o)
                0x00083bfc                PIO_PullUp
 .text.PIO_SetPeripheral
                0x00083c06       0x26 C:/ProgramData/MATLAB/SupportPackages/R2017b/3P.instrset/arduinoide.instrset/idepkgs/packages/arduino/hardware/sam/1.6.11/variants/arduino_due_x/libsam_sam3x8e_gcc_rel.a(pio.o)
                0x00083c06                PIO_SetPeripheral
 .text.PIO_SetInput
                0x00083c2c       0x26 C:/ProgramData/MATLAB/SupportPackages/R2017b/3P.instrset/arduinoide.instrset/idepkgs/packages/arduino/hardware/sam/1.6.11/variants/arduino_due_x/libsam_sam3x8e_gcc_rel.a(pio.o)
                0x00083c2c                PIO_SetInput
 .text.PIO_SetOutput
                0x00083c52       0x24 C:/ProgramData/MATLAB/SupportPackages/R2017b/3P.instrset/arduinoide.instrset/idepkgs/packages/arduino/hardware/sam/1.6.11/variants/arduino_due_x/libsam_sam3x8e_gcc_rel.a(pio.o)
                0x00083c52                PIO_SetOutput
 *fill*         0x00083c76        0x2 
 .text.PIO_Configure
                0x00083c78       0x64 C:/ProgramData/MATLAB/SupportPackages/R2017b/3P.instrset/arduinoide.instrset/idepkgs/packages/arduino/hardware/sam/1.6.11/variants/arduino_due_x/libsam_sam3x8e_gcc_rel.a(pio.o)
                0x00083c78                PIO_Configure
 .text.PIO_GetOutputDataStatus
                0x00083cdc       0x14 C:/ProgramData/MATLAB/SupportPackages/R2017b/3P.instrset/arduinoide.instrset/idepkgs/packages/arduino/hardware/sam/1.6.11/variants/arduino_due_x/libsam_sam3x8e_gcc_rel.a(pio.o)
                0x00083cdc                PIO_GetOutputDataStatus
 .text.pmc_enable_upll_clock
                0x00083cf0       0x14 C:/ProgramData/MATLAB/SupportPackages/R2017b/3P.instrset/arduinoide.instrset/idepkgs/packages/arduino/hardware/sam/1.6.11/variants/arduino_due_x/libsam_sam3x8e_gcc_rel.a(pmc.o)
                0x00083cf0                pmc_enable_upll_clock
 .text.pmc_enable_periph_clk
                0x00083d04       0x44 C:/ProgramData/MATLAB/SupportPackages/R2017b/3P.instrset/arduinoide.instrset/idepkgs/packages/arduino/hardware/sam/1.6.11/variants/arduino_due_x/libsam_sam3x8e_gcc_rel.a(pmc.o)
                0x00083d04                pmc_enable_periph_clk
 .text.pmc_disable_periph_clk
                0x00083d48       0x40 C:/ProgramData/MATLAB/SupportPackages/R2017b/3P.instrset/arduinoide.instrset/idepkgs/packages/arduino/hardware/sam/1.6.11/variants/arduino_due_x/libsam_sam3x8e_gcc_rel.a(pmc.o)
                0x00083d48                pmc_disable_periph_clk
 .text.pmc_switch_udpck_to_upllck
                0x00083d88       0x14 C:/ProgramData/MATLAB/SupportPackages/R2017b/3P.instrset/arduinoide.instrset/idepkgs/packages/arduino/hardware/sam/1.6.11/variants/arduino_due_x/libsam_sam3x8e_gcc_rel.a(pmc.o)
                0x00083d88                pmc_switch_udpck_to_upllck
 .text.pmc_enable_udpck
                0x00083d9c        0xc C:/ProgramData/MATLAB/SupportPackages/R2017b/3P.instrset/arduinoide.instrset/idepkgs/packages/arduino/hardware/sam/1.6.11/variants/arduino_due_x/libsam_sam3x8e_gcc_rel.a(pmc.o)
                0x00083d9c                pmc_enable_udpck
 .text.pmc_set_writeprotect
                0x00083da8       0x1c C:/ProgramData/MATLAB/SupportPackages/R2017b/3P.instrset/arduinoide.instrset/idepkgs/packages/arduino/hardware/sam/1.6.11/variants/arduino_due_x/libsam_sam3x8e_gcc_rel.a(pmc.o)
                0x00083da8                pmc_set_writeprotect
 .text.TC_Configure
                0x00083dc4       0x38 C:/ProgramData/MATLAB/SupportPackages/R2017b/3P.instrset/arduinoide.instrset/idepkgs/packages/arduino/hardware/sam/1.6.11/variants/arduino_due_x/libsam_sam3x8e_gcc_rel.a(tc.o)
                0x00083dc4                TC_Configure
 .text.TC_Start
                0x00083dfc       0x2c C:/ProgramData/MATLAB/SupportPackages/R2017b/3P.instrset/arduinoide.instrset/idepkgs/packages/arduino/hardware/sam/1.6.11/variants/arduino_due_x/libsam_sam3x8e_gcc_rel.a(tc.o)
                0x00083dfc                TC_Start
 .text.TC_GetStatus
                0x00083e28        0x8 C:/ProgramData/MATLAB/SupportPackages/R2017b/3P.instrset/arduinoide.instrset/idepkgs/packages/arduino/hardware/sam/1.6.11/variants/arduino_due_x/libsam_sam3x8e_gcc_rel.a(tc.o)
                0x00083e28                TC_GetStatus
 .text.TC_SetRC
                0x00083e30        0x8 C:/ProgramData/MATLAB/SupportPackages/R2017b/3P.instrset/arduinoide.instrset/idepkgs/packages/arduino/hardware/sam/1.6.11/variants/arduino_due_x/libsam_sam3x8e_gcc_rel.a(tc.o)
                0x00083e30                TC_SetRC
 .text.TimeTick_Increment
                0x00083e38       0x10 C:/ProgramData/MATLAB/SupportPackages/R2017b/3P.instrset/arduinoide.instrset/idepkgs/packages/arduino/hardware/sam/1.6.11/variants/arduino_due_x/libsam_sam3x8e_gcc_rel.a(timetick.o)
                0x00083e38                TimeTick_Increment
 .text.GetTickCount
                0x00083e48        0xc C:/ProgramData/MATLAB/SupportPackages/R2017b/3P.instrset/arduinoide.instrset/idepkgs/packages/arduino/hardware/sam/1.6.11/variants/arduino_due_x/libsam_sam3x8e_gcc_rel.a(timetick.o)
                0x00083e48                GetTickCount
 .text.WDT_Disable
                0x00083e54        0x8 C:/ProgramData/MATLAB/SupportPackages/R2017b/3P.instrset/arduinoide.instrset/idepkgs/packages/arduino/hardware/sam/1.6.11/variants/arduino_due_x/libsam_sam3x8e_gcc_rel.a(wdt.o)
                0x00083e54                WDT_Disable
 .text.SystemInit
                0x00083e5c       0x88 C:/ProgramData/MATLAB/SupportPackages/R2017b/3P.instrset/arduinoide.instrset/idepkgs/packages/arduino/hardware/sam/1.6.11/variants/arduino_due_x/libsam_sam3x8e_gcc_rel.a(system_sam3xa.o)
                0x00083e5c                SystemInit
 .text.adc_init
                0x00083ee4       0x98 C:/ProgramData/MATLAB/SupportPackages/R2017b/3P.instrset/arduinoide.instrset/idepkgs/packages/arduino/hardware/sam/1.6.11/variants/arduino_due_x/libsam_sam3x8e_gcc_rel.a(adc.o)
                0x00083ee4                adc_init
 .text.adc_configure_trigger
                0x00083f7c        0xe C:/ProgramData/MATLAB/SupportPackages/R2017b/3P.instrset/arduinoide.instrset/idepkgs/packages/arduino/hardware/sam/1.6.11/variants/arduino_due_x/libsam_sam3x8e_gcc_rel.a(adc.o)
                0x00083f7c                adc_configure_trigger
 .text.adc_configure_timing
                0x00083f8a       0x1a C:/ProgramData/MATLAB/SupportPackages/R2017b/3P.instrset/arduinoide.instrset/idepkgs/packages/arduino/hardware/sam/1.6.11/variants/arduino_due_x/libsam_sam3x8e_gcc_rel.a(adc.o)
                0x00083f8a                adc_configure_timing
 .text.adc_disable_channel
                0x00083fa4        0xa C:/ProgramData/MATLAB/SupportPackages/R2017b/3P.instrset/arduinoide.instrset/idepkgs/packages/arduino/hardware/sam/1.6.11/variants/arduino_due_x/libsam_sam3x8e_gcc_rel.a(adc.o)
                0x00083fa4                adc_disable_channel
 .text.adc_disable_all_channel
                0x00083fae        0x8 C:/ProgramData/MATLAB/SupportPackages/R2017b/3P.instrset/arduinoide.instrset/idepkgs/packages/arduino/hardware/sam/1.6.11/variants/arduino_due_x/libsam_sam3x8e_gcc_rel.a(adc.o)
                0x00083fae                adc_disable_all_channel
 .text.adc_disable_interrupt
                0x00083fb6        0x4 C:/ProgramData/MATLAB/SupportPackages/R2017b/3P.instrset/arduinoide.instrset/idepkgs/packages/arduino/hardware/sam/1.6.11/variants/arduino_due_x/libsam_sam3x8e_gcc_rel.a(adc.o)
                0x00083fb6                adc_disable_interrupt
 *fill*         0x00083fba        0x2 
 .text.UDD_SetStack
                0x00083fbc        0xc C:/ProgramData/MATLAB/SupportPackages/R2017b/3P.instrset/arduinoide.instrset/idepkgs/packages/arduino/hardware/sam/1.6.11/variants/arduino_due_x/libsam_sam3x8e_gcc_rel.a(uotghs_device.o)
                0x00083fbc                UDD_SetStack
 .text.UDD_Init
                0x00083fc8       0xd0 C:/ProgramData/MATLAB/SupportPackages/R2017b/3P.instrset/arduinoide.instrset/idepkgs/packages/arduino/hardware/sam/1.6.11/variants/arduino_due_x/libsam_sam3x8e_gcc_rel.a(uotghs_device.o)
                0x00083fc8                UDD_Init
 .text.UDD_InitEP
                0x00084098       0x2c C:/ProgramData/MATLAB/SupportPackages/R2017b/3P.instrset/arduinoide.instrset/idepkgs/packages/arduino/hardware/sam/1.6.11/variants/arduino_due_x/libsam_sam3x8e_gcc_rel.a(uotghs_device.o)
                0x00084098                UDD_InitEP
 .text.UDD_InitEndpoints
                0x000840c4       0x3c C:/ProgramData/MATLAB/SupportPackages/R2017b/3P.instrset/arduinoide.instrset/idepkgs/packages/arduino/hardware/sam/1.6.11/variants/arduino_due_x/libsam_sam3x8e_gcc_rel.a(uotghs_device.o)
                0x000840c4                UDD_InitEndpoints
 .text.UDD_WaitIN
                0x00084100       0x10 C:/ProgramData/MATLAB/SupportPackages/R2017b/3P.instrset/arduinoide.instrset/idepkgs/packages/arduino/hardware/sam/1.6.11/variants/arduino_due_x/libsam_sam3x8e_gcc_rel.a(uotghs_device.o)
                0x00084100                UDD_WaitIN
 .text.UDD_WaitOUT
                0x00084110       0x10 C:/ProgramData/MATLAB/SupportPackages/R2017b/3P.instrset/arduinoide.instrset/idepkgs/packages/arduino/hardware/sam/1.6.11/variants/arduino_due_x/libsam_sam3x8e_gcc_rel.a(uotghs_device.o)
                0x00084110                UDD_WaitOUT
 .text.UDD_ClearIN
                0x00084120       0x18 C:/ProgramData/MATLAB/SupportPackages/R2017b/3P.instrset/arduinoide.instrset/idepkgs/packages/arduino/hardware/sam/1.6.11/variants/arduino_due_x/libsam_sam3x8e_gcc_rel.a(uotghs_device.o)
                0x00084120                UDD_ClearIN
 .text.UDD_ClearOUT
                0x00084138       0x18 C:/ProgramData/MATLAB/SupportPackages/R2017b/3P.instrset/arduinoide.instrset/idepkgs/packages/arduino/hardware/sam/1.6.11/variants/arduino_due_x/libsam_sam3x8e_gcc_rel.a(uotghs_device.o)
                0x00084138                UDD_ClearOUT
 .text.UDD_ReceivedSetupInt
                0x00084150       0x10 C:/ProgramData/MATLAB/SupportPackages/R2017b/3P.instrset/arduinoide.instrset/idepkgs/packages/arduino/hardware/sam/1.6.11/variants/arduino_due_x/libsam_sam3x8e_gcc_rel.a(uotghs_device.o)
                0x00084150                UDD_ReceivedSetupInt
 .text.UDD_ClearSetupInt
                0x00084160       0x10 C:/ProgramData/MATLAB/SupportPackages/R2017b/3P.instrset/arduinoide.instrset/idepkgs/packages/arduino/hardware/sam/1.6.11/variants/arduino_due_x/libsam_sam3x8e_gcc_rel.a(uotghs_device.o)
                0x00084160                UDD_ClearSetupInt
 .text.UDD_Send
                0x00084170       0x88 C:/ProgramData/MATLAB/SupportPackages/R2017b/3P.instrset/arduinoide.instrset/idepkgs/packages/arduino/hardware/sam/1.6.11/variants/arduino_due_x/libsam_sam3x8e_gcc_rel.a(uotghs_device.o)
                0x00084170                UDD_Send
 .text.UDD_Send8
                0x000841f8       0x24 C:/ProgramData/MATLAB/SupportPackages/R2017b/3P.instrset/arduinoide.instrset/idepkgs/packages/arduino/hardware/sam/1.6.11/variants/arduino_due_x/libsam_sam3x8e_gcc_rel.a(uotghs_device.o)
                0x000841f8                UDD_Send8
 .text.UDD_Recv8
                0x0008421c       0x28 C:/ProgramData/MATLAB/SupportPackages/R2017b/3P.instrset/arduinoide.instrset/idepkgs/packages/arduino/hardware/sam/1.6.11/variants/arduino_due_x/libsam_sam3x8e_gcc_rel.a(uotghs_device.o)
                0x0008421c                UDD_Recv8
 .text.UDD_Recv
                0x00084244       0x34 C:/ProgramData/MATLAB/SupportPackages/R2017b/3P.instrset/arduinoide.instrset/idepkgs/packages/arduino/hardware/sam/1.6.11/variants/arduino_due_x/libsam_sam3x8e_gcc_rel.a(uotghs_device.o)
                0x00084244                UDD_Recv
 .text.UDD_Stall
                0x00084278       0x14 C:/ProgramData/MATLAB/SupportPackages/R2017b/3P.instrset/arduinoide.instrset/idepkgs/packages/arduino/hardware/sam/1.6.11/variants/arduino_due_x/libsam_sam3x8e_gcc_rel.a(uotghs_device.o)
                0x00084278                UDD_Stall
 .text.UDD_FifoByteCount
                0x0008428c       0x14 C:/ProgramData/MATLAB/SupportPackages/R2017b/3P.instrset/arduinoide.instrset/idepkgs/packages/arduino/hardware/sam/1.6.11/variants/arduino_due_x/libsam_sam3x8e_gcc_rel.a(uotghs_device.o)
                0x0008428c                UDD_FifoByteCount
 .text.UDD_ReleaseRX
                0x000842a0       0x28 C:/ProgramData/MATLAB/SupportPackages/R2017b/3P.instrset/arduinoide.instrset/idepkgs/packages/arduino/hardware/sam/1.6.11/variants/arduino_due_x/libsam_sam3x8e_gcc_rel.a(uotghs_device.o)
                0x000842a0                UDD_ReleaseRX
 .text.UDD_ReleaseTX
                0x000842c8       0x28 C:/ProgramData/MATLAB/SupportPackages/R2017b/3P.instrset/arduinoide.instrset/idepkgs/packages/arduino/hardware/sam/1.6.11/variants/arduino_due_x/libsam_sam3x8e_gcc_rel.a(uotghs_device.o)
                0x000842c8                UDD_ReleaseTX
 .text.UDD_SetAddress
                0x000842f0       0x20 C:/ProgramData/MATLAB/SupportPackages/R2017b/3P.instrset/arduinoide.instrset/idepkgs/packages/arduino/hardware/sam/1.6.11/variants/arduino_due_x/libsam_sam3x8e_gcc_rel.a(uotghs_device.o)
                0x000842f0                UDD_SetAddress
 .text          0x00084310      0x370 c:/programdata/matlab/supportpackages/r2017b/3p.instrset/arduinoide.instrset/idepkgs/packages/arduino/tools/arm-none-eabi-gcc/4.8.3-2014q1/bin/../lib/gcc/arm-none-eabi/4.8.3/armv7-m\libgcc.a(_arm_addsubdf3.o)
                0x00084310                __aeabi_drsub
                0x00084318                __aeabi_dsub
                0x00084318                __subdf3
                0x0008431c                __aeabi_dadd
                0x0008431c                __adddf3
                0x00084594                __floatunsidf
                0x00084594                __aeabi_ui2d
                0x000845b4                __floatsidf
                0x000845b4                __aeabi_i2d
                0x000845d8                __aeabi_f2d
                0x000845d8                __extendsfdf2
                0x00084614                __floatundidf
                0x00084614                __aeabi_ul2d
                0x00084624                __floatdidf
                0x00084624                __aeabi_l2d
 .text          0x00084680      0x424 c:/programdata/matlab/supportpackages/r2017b/3p.instrset/arduinoide.instrset/idepkgs/packages/arduino/tools/arm-none-eabi-gcc/4.8.3-2014q1/bin/../lib/gcc/arm-none-eabi/4.8.3/armv7-m\libgcc.a(_arm_muldivdf3.o)
                0x00084680                __aeabi_dmul
                0x00084680                __muldf3
                0x000848d4                __divdf3
                0x000848d4                __aeabi_ddiv
 .text          0x00084aa4      0x110 c:/programdata/matlab/supportpackages/r2017b/3p.instrset/arduinoide.instrset/idepkgs/packages/arduino/tools/arm-none-eabi-gcc/4.8.3-2014q1/bin/../lib/gcc/arm-none-eabi/4.8.3/armv7-m\libgcc.a(_arm_cmpdf2.o)
                0x00084aa4                __gtdf2
                0x00084aa4                __gedf2
                0x00084aac                __ltdf2
                0x00084aac                __ledf2
                0x00084ab4                __nedf2
                0x00084ab4                __eqdf2
                0x00084ab4                __cmpdf2
                0x00084b30                __aeabi_cdrcmple
                0x00084b40                __aeabi_cdcmpeq
                0x00084b40                __aeabi_cdcmple
                0x00084b50                __aeabi_dcmpeq
                0x00084b64                __aeabi_dcmplt
                0x00084b78                __aeabi_dcmple
                0x00084b8c                __aeabi_dcmpge
                0x00084ba0                __aeabi_dcmpgt
 .text.__aeabi_atexit
                0x00084bb4        0xc c:/programdata/matlab/supportpackages/r2017b/3p.instrset/arduinoide.instrset/idepkgs/packages/arduino/tools/arm-none-eabi-gcc/4.8.3-2014q1/bin/../lib/gcc/arm-none-eabi/4.8.3/../../../../arm-none-eabi/lib/armv7-m\libg.a(lib_a-aeabi_atexit.o)
                0x00084bb4                __aeabi_atexit
 .text.__assert_func
                0x00084bc0       0x3c c:/programdata/matlab/supportpackages/r2017b/3p.instrset/arduinoide.instrset/idepkgs/packages/arduino/tools/arm-none-eabi-gcc/4.8.3-2014q1/bin/../lib/gcc/arm-none-eabi/4.8.3/../../../../arm-none-eabi/lib/armv7-m\libg.a(lib_a-assert.o)
                0x00084bc0                __assert_func
 .text.atoi     0x00084bfc        0x8 c:/programdata/matlab/supportpackages/r2017b/3p.instrset/arduinoide.instrset/idepkgs/packages/arduino/tools/arm-none-eabi-gcc/4.8.3-2014q1/bin/../lib/gcc/arm-none-eabi/4.8.3/../../../../arm-none-eabi/lib/armv7-m\libg.a(lib_a-atoi.o)
                0x00084bfc                atoi
 .text.calloc   0x00084c04       0x10 c:/programdata/matlab/supportpackages/r2017b/3p.instrset/arduinoide.instrset/idepkgs/packages/arduino/tools/arm-none-eabi-gcc/4.8.3-2014q1/bin/../lib/gcc/arm-none-eabi/4.8.3/../../../../arm-none-eabi/lib/armv7-m\libg.a(lib_a-calloc.o)
                0x00084c04                calloc
 .text._calloc_r
                0x00084c14       0x60 c:/programdata/matlab/supportpackages/r2017b/3p.instrset/arduinoide.instrset/idepkgs/packages/arduino/tools/arm-none-eabi-gcc/4.8.3-2014q1/bin/../lib/gcc/arm-none-eabi/4.8.3/../../../../arm-none-eabi/lib/armv7-m\libg.a(lib_a-callocr.o)
                0x00084c14                _calloc_r
 .text.__cxa_atexit
                0x00084c74       0x14 c:/programdata/matlab/supportpackages/r2017b/3p.instrset/arduinoide.instrset/idepkgs/packages/arduino/tools/arm-none-eabi-gcc/4.8.3-2014q1/bin/../lib/gcc/arm-none-eabi/4.8.3/../../../../arm-none-eabi/lib/armv7-m\libg.a(lib_a-cxa_atexit.o)
                0x00084c74                __cxa_atexit
 .text.fiprintf
                0x00084c88       0x28 c:/programdata/matlab/supportpackages/r2017b/3p.instrset/arduinoide.instrset/idepkgs/packages/arduino/tools/arm-none-eabi-gcc/4.8.3-2014q1/bin/../lib/gcc/arm-none-eabi/4.8.3/../../../../arm-none-eabi/lib/armv7-m\libg.a(lib_a-fiprintf.o)
                0x00084c88                fiprintf
 .text.__libc_init_array
                0x00084cb0       0x50 c:/programdata/matlab/supportpackages/r2017b/3p.instrset/arduinoide.instrset/idepkgs/packages/arduino/tools/arm-none-eabi-gcc/4.8.3-2014q1/bin/../lib/gcc/arm-none-eabi/4.8.3/../../../../arm-none-eabi/lib/armv7-m\libg.a(lib_a-init.o)
                0x00084cb0                __libc_init_array
 .text.iprintf  0x00084d00       0x28 c:/programdata/matlab/supportpackages/r2017b/3p.instrset/arduinoide.instrset/idepkgs/packages/arduino/tools/arm-none-eabi-gcc/4.8.3-2014q1/bin/../lib/gcc/arm-none-eabi/4.8.3/../../../../arm-none-eabi/lib/armv7-m\libg.a(lib_a-iprintf.o)
                0x00084d00                iprintf
 .text.malloc   0x00084d28       0x10 c:/programdata/matlab/supportpackages/r2017b/3p.instrset/arduinoide.instrset/idepkgs/packages/arduino/tools/arm-none-eabi-gcc/4.8.3-2014q1/bin/../lib/gcc/arm-none-eabi/4.8.3/../../../../arm-none-eabi/lib/armv7-m\libg.a(lib_a-malloc.o)
                0x00084d28                malloc
 .text.free     0x00084d38       0x10 c:/programdata/matlab/supportpackages/r2017b/3p.instrset/arduinoide.instrset/idepkgs/packages/arduino/tools/arm-none-eabi-gcc/4.8.3-2014q1/bin/../lib/gcc/arm-none-eabi/4.8.3/../../../../arm-none-eabi/lib/armv7-m\libg.a(lib_a-malloc.o)
                0x00084d38                free
 .text._malloc_r
                0x00084d48      0x538 c:/programdata/matlab/supportpackages/r2017b/3p.instrset/arduinoide.instrset/idepkgs/packages/arduino/tools/arm-none-eabi-gcc/4.8.3-2014q1/bin/../lib/gcc/arm-none-eabi/4.8.3/../../../../arm-none-eabi/lib/armv7-m\libg.a(lib_a-mallocr.o)
                0x00084d48                _malloc_r
 .text.memcmp   0x00085280       0x68 c:/programdata/matlab/supportpackages/r2017b/3p.instrset/arduinoide.instrset/idepkgs/packages/arduino/tools/arm-none-eabi-gcc/4.8.3-2014q1/bin/../lib/gcc/arm-none-eabi/4.8.3/../../../../arm-none-eabi/lib/armv7-m\libg.a(lib_a-memcmp.o)
                0x00085280                memcmp
 .text          0x000852e8       0xec c:/programdata/matlab/supportpackages/r2017b/3p.instrset/arduinoide.instrset/idepkgs/packages/arduino/tools/arm-none-eabi-gcc/4.8.3-2014q1/bin/../lib/gcc/arm-none-eabi/4.8.3/../../../../arm-none-eabi/lib/armv7-m\libg.a(lib_a-memcpy.o)
                0x000852e8                memcpy
 .text.memmove  0x000853d4       0xcc c:/programdata/matlab/supportpackages/r2017b/3p.instrset/arduinoide.instrset/idepkgs/packages/arduino/tools/arm-none-eabi-gcc/4.8.3-2014q1/bin/../lib/gcc/arm-none-eabi/4.8.3/../../../../arm-none-eabi/lib/armv7-m\libg.a(lib_a-memmove.o)
                0x000853d4                memmove
 .text.memset   0x000854a0       0x94 c:/programdata/matlab/supportpackages/r2017b/3p.instrset/arduinoide.instrset/idepkgs/packages/arduino/tools/arm-none-eabi-gcc/4.8.3-2014q1/bin/../lib/gcc/arm-none-eabi/4.8.3/../../../../arm-none-eabi/lib/armv7-m\libg.a(lib_a-memset.o)
                0x000854a0                memset
 .text.__malloc_lock
                0x00085534        0x4 c:/programdata/matlab/supportpackages/r2017b/3p.instrset/arduinoide.instrset/idepkgs/packages/arduino/tools/arm-none-eabi-gcc/4.8.3-2014q1/bin/../lib/gcc/arm-none-eabi/4.8.3/../../../../arm-none-eabi/lib/armv7-m\libg.a(lib_a-mlock.o)
                0x00085534                __malloc_lock
 .text.__malloc_unlock
                0x00085538        0x4 c:/programdata/matlab/supportpackages/r2017b/3p.instrset/arduinoide.instrset/idepkgs/packages/arduino/tools/arm-none-eabi-gcc/4.8.3-2014q1/bin/../lib/gcc/arm-none-eabi/4.8.3/../../../../arm-none-eabi/lib/armv7-m\libg.a(lib_a-mlock.o)
                0x00085538                __malloc_unlock
 .text.realloc  0x0008553c       0x10 c:/programdata/matlab/supportpackages/r2017b/3p.instrset/arduinoide.instrset/idepkgs/packages/arduino/tools/arm-none-eabi-gcc/4.8.3-2014q1/bin/../lib/gcc/arm-none-eabi/4.8.3/../../../../arm-none-eabi/lib/armv7-m\libg.a(lib_a-realloc.o)
                0x0008553c                realloc
 .text._realloc_r
                0x0008554c      0x3c0 c:/programdata/matlab/supportpackages/r2017b/3p.instrset/arduinoide.instrset/idepkgs/packages/arduino/tools/arm-none-eabi-gcc/4.8.3-2014q1/bin/../lib/gcc/arm-none-eabi/4.8.3/../../../../arm-none-eabi/lib/armv7-m\libg.a(lib_a-reallocr.o)
                0x0008554c                _realloc_r
 .text._sbrk_r  0x0008590c       0x24 c:/programdata/matlab/supportpackages/r2017b/3p.instrset/arduinoide.instrset/idepkgs/packages/arduino/tools/arm-none-eabi-gcc/4.8.3-2014q1/bin/../lib/gcc/arm-none-eabi/4.8.3/../../../../arm-none-eabi/lib/armv7-m\libg.a(lib_a-sbrkr.o)
                0x0008590c                _sbrk_r
 .text.strchr   0x00085930       0xf4 c:/programdata/matlab/supportpackages/r2017b/3p.instrset/arduinoide.instrset/idepkgs/packages/arduino/tools/arm-none-eabi-gcc/4.8.3-2014q1/bin/../lib/gcc/arm-none-eabi/4.8.3/../../../../arm-none-eabi/lib/armv7-m\libg.a(lib_a-strchr.o)
                0x00085930                strchr
 .text          0x00085a24      0x23c c:/programdata/matlab/supportpackages/r2017b/3p.instrset/arduinoide.instrset/idepkgs/packages/arduino/tools/arm-none-eabi-gcc/4.8.3-2014q1/bin/../lib/gcc/arm-none-eabi/4.8.3/../../../../arm-none-eabi/lib/armv7-m\libg.a(lib_a-strcmp.o)
                0x00085a24                strcmp
 .text.strcpy   0x00085c60       0xbc c:/programdata/matlab/supportpackages/r2017b/3p.instrset/arduinoide.instrset/idepkgs/packages/arduino/tools/arm-none-eabi-gcc/4.8.3-2014q1/bin/../lib/gcc/arm-none-eabi/4.8.3/../../../../arm-none-eabi/lib/armv7-m\libg.a(lib_a-strcpy.o)
                0x00085c60                strcpy
 .text.strlen   0x00085d1c       0x60 c:/programdata/matlab/supportpackages/r2017b/3p.instrset/arduinoide.instrset/idepkgs/packages/arduino/tools/arm-none-eabi-gcc/4.8.3-2014q1/bin/../lib/gcc/arm-none-eabi/4.8.3/../../../../arm-none-eabi/lib/armv7-m\libg.a(lib_a-strlen.o)
                0x00085d1c                strlen
 .text.critical_factorization
                0x00085d7c       0xbc c:/programdata/matlab/supportpackages/r2017b/3p.instrset/arduinoide.instrset/idepkgs/packages/arduino/tools/arm-none-eabi-gcc/4.8.3-2014q1/bin/../lib/gcc/arm-none-eabi/4.8.3/../../../../arm-none-eabi/lib/armv7-m\libg.a(lib_a-strstr.o)
 .text.two_way_long_needle
                0x00085e38      0x1ec c:/programdata/matlab/supportpackages/r2017b/3p.instrset/arduinoide.instrset/idepkgs/packages/arduino/tools/arm-none-eabi-gcc/4.8.3-2014q1/bin/../lib/gcc/arm-none-eabi/4.8.3/../../../../arm-none-eabi/lib/armv7-m\libg.a(lib_a-strstr.o)
 .text.strstr   0x00086024      0x200 c:/programdata/matlab/supportpackages/r2017b/3p.instrset/arduinoide.instrset/idepkgs/packages/arduino/tools/arm-none-eabi-gcc/4.8.3-2014q1/bin/../lib/gcc/arm-none-eabi/4.8.3/../../../../arm-none-eabi/lib/armv7-m\libg.a(lib_a-strstr.o)
                0x00086024                strstr
 .text.strtok   0x00086224       0x10 c:/programdata/matlab/supportpackages/r2017b/3p.instrset/arduinoide.instrset/idepkgs/packages/arduino/tools/arm-none-eabi-gcc/4.8.3-2014q1/bin/../lib/gcc/arm-none-eabi/4.8.3/../../../../arm-none-eabi/lib/armv7-m\libg.a(lib_a-strtok.o)
                0x00086224                strtok
 .text.__strtok_r
                0x00086234       0x64 c:/programdata/matlab/supportpackages/r2017b/3p.instrset/arduinoide.instrset/idepkgs/packages/arduino/tools/arm-none-eabi-gcc/4.8.3-2014q1/bin/../lib/gcc/arm-none-eabi/4.8.3/../../../../arm-none-eabi/lib/armv7-m\libg.a(lib_a-strtok_r.o)
                0x00086234                __strtok_r
 .text._strtol_r
                0x00086298      0x114 c:/programdata/matlab/supportpackages/r2017b/3p.instrset/arduinoide.instrset/idepkgs/packages/arduino/tools/arm-none-eabi-gcc/4.8.3-2014q1/bin/../lib/gcc/arm-none-eabi/4.8.3/../../../../arm-none-eabi/lib/armv7-m\libg.a(lib_a-strtol.o)
                0x00086298                _strtol_r
 .text.strtol   0x000863ac       0x18 c:/programdata/matlab/supportpackages/r2017b/3p.instrset/arduinoide.instrset/idepkgs/packages/arduino/tools/arm-none-eabi-gcc/4.8.3-2014q1/bin/../lib/gcc/arm-none-eabi/4.8.3/../../../../arm-none-eabi/lib/armv7-m\libg.a(lib_a-strtol.o)
                0x000863ac                strtol
 .text.__sprint_r.part.0
                0x000863c4       0x78 c:/programdata/matlab/supportpackages/r2017b/3p.instrset/arduinoide.instrset/idepkgs/packages/arduino/tools/arm-none-eabi-gcc/4.8.3-2014q1/bin/../lib/gcc/arm-none-eabi/4.8.3/../../../../arm-none-eabi/lib/armv7-m\libg.a(lib_a-vfiprintf.o)
 .text._vfiprintf_r
                0x0008643c      0xc54 c:/programdata/matlab/supportpackages/r2017b/3p.instrset/arduinoide.instrset/idepkgs/packages/arduino/tools/arm-none-eabi-gcc/4.8.3-2014q1/bin/../lib/gcc/arm-none-eabi/4.8.3/../../../../arm-none-eabi/lib/armv7-m\libg.a(lib_a-vfiprintf.o)
                0x0008643c                _vfiprintf_r
 .text.__sbprintf
                0x00087090       0x7c c:/programdata/matlab/supportpackages/r2017b/3p.instrset/arduinoide.instrset/idepkgs/packages/arduino/tools/arm-none-eabi-gcc/4.8.3-2014q1/bin/../lib/gcc/arm-none-eabi/4.8.3/../../../../arm-none-eabi/lib/armv7-m\libg.a(lib_a-vfiprintf.o)
 .text.__swsetup_r
                0x0008710c       0xc4 c:/programdata/matlab/supportpackages/r2017b/3p.instrset/arduinoide.instrset/idepkgs/packages/arduino/tools/arm-none-eabi-gcc/4.8.3-2014q1/bin/../lib/gcc/arm-none-eabi/4.8.3/../../../../arm-none-eabi/lib/armv7-m\libg.a(lib_a-wsetup.o)
                0x0008710c                __swsetup_r
 .text.__register_exitproc
                0x000871d0       0xa8 c:/programdata/matlab/supportpackages/r2017b/3p.instrset/arduinoide.instrset/idepkgs/packages/arduino/tools/arm-none-eabi-gcc/4.8.3-2014q1/bin/../lib/gcc/arm-none-eabi/4.8.3/../../../../arm-none-eabi/lib/armv7-m\libg.a(lib_a-__atexit.o)
                0x000871d0                __register_exitproc
 .text.startup.register_fini
                0x00087278       0x14 c:/programdata/matlab/supportpackages/r2017b/3p.instrset/arduinoide.instrset/idepkgs/packages/arduino/tools/arm-none-eabi-gcc/4.8.3-2014q1/bin/../lib/gcc/arm-none-eabi/4.8.3/../../../../arm-none-eabi/lib/armv7-m\libg.a(lib_a-__call_atexit.o)
 .text.abort    0x0008728c       0x10 c:/programdata/matlab/supportpackages/r2017b/3p.instrset/arduinoide.instrset/idepkgs/packages/arduino/tools/arm-none-eabi-gcc/4.8.3-2014q1/bin/../lib/gcc/arm-none-eabi/4.8.3/../../../../arm-none-eabi/lib/armv7-m\libg.a(lib_a-abort.o)
                0x0008728c                abort
 .text.atexit   0x0008729c        0xc c:/programdata/matlab/supportpackages/r2017b/3p.instrset/arduinoide.instrset/idepkgs/packages/arduino/tools/arm-none-eabi-gcc/4.8.3-2014q1/bin/../lib/gcc/arm-none-eabi/4.8.3/../../../../arm-none-eabi/lib/armv7-m\libg.a(lib_a-atexit.o)
                0x0008729c                atexit
 .text.__sflush_r
                0x000872a8      0x148 c:/programdata/matlab/supportpackages/r2017b/3p.instrset/arduinoide.instrset/idepkgs/packages/arduino/tools/arm-none-eabi-gcc/4.8.3-2014q1/bin/../lib/gcc/arm-none-eabi/4.8.3/../../../../arm-none-eabi/lib/armv7-m\libg.a(lib_a-fflush.o)
                0x000872a8                __sflush_r
 .text._fflush_r
                0x000873f0       0x2c c:/programdata/matlab/supportpackages/r2017b/3p.instrset/arduinoide.instrset/idepkgs/packages/arduino/tools/arm-none-eabi-gcc/4.8.3-2014q1/bin/../lib/gcc/arm-none-eabi/4.8.3/../../../../arm-none-eabi/lib/armv7-m\libg.a(lib_a-fflush.o)
                0x000873f0                _fflush_r
 .text._cleanup_r
                0x0008741c        0xc c:/programdata/matlab/supportpackages/r2017b/3p.instrset/arduinoide.instrset/idepkgs/packages/arduino/tools/arm-none-eabi-gcc/4.8.3-2014q1/bin/../lib/gcc/arm-none-eabi/4.8.3/../../../../arm-none-eabi/lib/armv7-m\libg.a(lib_a-findfp.o)
                0x0008741c                _cleanup_r
 .text.__sinit  0x00087428       0xf4 c:/programdata/matlab/supportpackages/r2017b/3p.instrset/arduinoide.instrset/idepkgs/packages/arduino/tools/arm-none-eabi-gcc/4.8.3-2014q1/bin/../lib/gcc/arm-none-eabi/4.8.3/../../../../arm-none-eabi/lib/armv7-m\libg.a(lib_a-findfp.o)
                0x00087428                __sinit
 .text.__sfp_lock_acquire
                0x0008751c        0x4 c:/programdata/matlab/supportpackages/r2017b/3p.instrset/arduinoide.instrset/idepkgs/packages/arduino/tools/arm-none-eabi-gcc/4.8.3-2014q1/bin/../lib/gcc/arm-none-eabi/4.8.3/../../../../arm-none-eabi/lib/armv7-m\libg.a(lib_a-findfp.o)
                0x0008751c                __sfp_lock_acquire
 .text.__sfp_lock_release
                0x00087520        0x4 c:/programdata/matlab/supportpackages/r2017b/3p.instrset/arduinoide.instrset/idepkgs/packages/arduino/tools/arm-none-eabi-gcc/4.8.3-2014q1/bin/../lib/gcc/arm-none-eabi/4.8.3/../../../../arm-none-eabi/lib/armv7-m\libg.a(lib_a-findfp.o)
                0x00087520                __sfp_lock_release
 .text.__libc_fini_array
                0x00087524       0x30 c:/programdata/matlab/supportpackages/r2017b/3p.instrset/arduinoide.instrset/idepkgs/packages/arduino/tools/arm-none-eabi-gcc/4.8.3-2014q1/bin/../lib/gcc/arm-none-eabi/4.8.3/../../../../arm-none-eabi/lib/armv7-m\libg.a(lib_a-fini.o)
                0x00087524                __libc_fini_array
 .text._fputwc_r
                0x00087554       0xc0 c:/programdata/matlab/supportpackages/r2017b/3p.instrset/arduinoide.instrset/idepkgs/packages/arduino/tools/arm-none-eabi-gcc/4.8.3-2014q1/bin/../lib/gcc/arm-none-eabi/4.8.3/../../../../arm-none-eabi/lib/armv7-m\libg.a(lib_a-fputwc.o)
                0x00087554                _fputwc_r
 .text._malloc_trim_r
                0x00087614       0x9c c:/programdata/matlab/supportpackages/r2017b/3p.instrset/arduinoide.instrset/idepkgs/packages/arduino/tools/arm-none-eabi-gcc/4.8.3-2014q1/bin/../lib/gcc/arm-none-eabi/4.8.3/../../../../arm-none-eabi/lib/armv7-m\libg.a(lib_a-freer.o)
                0x00087614                _malloc_trim_r
 .text._free_r  0x000876b0      0x198 c:/programdata/matlab/supportpackages/r2017b/3p.instrset/arduinoide.instrset/idepkgs/packages/arduino/tools/arm-none-eabi-gcc/4.8.3-2014q1/bin/../lib/gcc/arm-none-eabi/4.8.3/../../../../arm-none-eabi/lib/armv7-m\libg.a(lib_a-freer.o)
                0x000876b0                _free_r
 .text.__sfvwrite_r
                0x00087848      0x314 c:/programdata/matlab/supportpackages/r2017b/3p.instrset/arduinoide.instrset/idepkgs/packages/arduino/tools/arm-none-eabi-gcc/4.8.3-2014q1/bin/../lib/gcc/arm-none-eabi/4.8.3/../../../../arm-none-eabi/lib/armv7-m\libg.a(lib_a-fvwrite.o)
                0x00087848                __sfvwrite_r
 .text._fwalk   0x00087b5c       0x48 c:/programdata/matlab/supportpackages/r2017b/3p.instrset/arduinoide.instrset/idepkgs/packages/arduino/tools/arm-none-eabi-gcc/4.8.3-2014q1/bin/../lib/gcc/arm-none-eabi/4.8.3/../../../../arm-none-eabi/lib/armv7-m\libg.a(lib_a-fwalk.o)
                0x00087b5c                _fwalk
 .text.__locale_charset
                0x00087ba4        0x8 c:/programdata/matlab/supportpackages/r2017b/3p.instrset/arduinoide.instrset/idepkgs/packages/arduino/tools/arm-none-eabi-gcc/4.8.3-2014q1/bin/../lib/gcc/arm-none-eabi/4.8.3/../../../../arm-none-eabi/lib/armv7-m\libg.a(lib_a-locale.o)
                0x00087ba4                __locale_charset
 .text.__locale_mb_cur_max
                0x00087bac        0xc c:/programdata/matlab/supportpackages/r2017b/3p.instrset/arduinoide.instrset/idepkgs/packages/arduino/tools/arm-none-eabi-gcc/4.8.3-2014q1/bin/../lib/gcc/arm-none-eabi/4.8.3/../../../../arm-none-eabi/lib/armv7-m\libg.a(lib_a-locale.o)
                0x00087bac                __locale_mb_cur_max
 .text.__smakebuf_r
                0x00087bb8       0xe0 c:/programdata/matlab/supportpackages/r2017b/3p.instrset/arduinoide.instrset/idepkgs/packages/arduino/tools/arm-none-eabi-gcc/4.8.3-2014q1/bin/../lib/gcc/arm-none-eabi/4.8.3/../../../../arm-none-eabi/lib/armv7-m\libg.a(lib_a-makebuf.o)
                0x00087bb8                __smakebuf_r
 .text.memchr   0x00087c98       0x94 c:/programdata/matlab/supportpackages/r2017b/3p.instrset/arduinoide.instrset/idepkgs/packages/arduino/tools/arm-none-eabi-gcc/4.8.3-2014q1/bin/../lib/gcc/arm-none-eabi/4.8.3/../../../../arm-none-eabi/lib/armv7-m\libg.a(lib_a-memchr-stub.o)
                0x00087c98                memchr
 .text._raise_r
                0x00087d2c       0x58 c:/programdata/matlab/supportpackages/r2017b/3p.instrset/arduinoide.instrset/idepkgs/packages/arduino/tools/arm-none-eabi-gcc/4.8.3-2014q1/bin/../lib/gcc/arm-none-eabi/4.8.3/../../../../arm-none-eabi/lib/armv7-m\libg.a(lib_a-signal.o)
                0x00087d2c                _raise_r
 .text.raise    0x00087d84       0x10 c:/programdata/matlab/supportpackages/r2017b/3p.instrset/arduinoide.instrset/idepkgs/packages/arduino/tools/arm-none-eabi-gcc/4.8.3-2014q1/bin/../lib/gcc/arm-none-eabi/4.8.3/../../../../arm-none-eabi/lib/armv7-m\libg.a(lib_a-signal.o)
                0x00087d84                raise
 .text._kill_r  0x00087d94       0x28 c:/programdata/matlab/supportpackages/r2017b/3p.instrset/arduinoide.instrset/idepkgs/packages/arduino/tools/arm-none-eabi-gcc/4.8.3-2014q1/bin/../lib/gcc/arm-none-eabi/4.8.3/../../../../arm-none-eabi/lib/armv7-m\libg.a(lib_a-signalr.o)
                0x00087d94                _kill_r
 .text._getpid_r
                0x00087dbc        0x4 c:/programdata/matlab/supportpackages/r2017b/3p.instrset/arduinoide.instrset/idepkgs/packages/arduino/tools/arm-none-eabi-gcc/4.8.3-2014q1/bin/../lib/gcc/arm-none-eabi/4.8.3/../../../../arm-none-eabi/lib/armv7-m\libg.a(lib_a-signalr.o)
                0x00087dbc                _getpid_r
 .text.__sread  0x00087dc0       0x24 c:/programdata/matlab/supportpackages/r2017b/3p.instrset/arduinoide.instrset/idepkgs/packages/arduino/tools/arm-none-eabi-gcc/4.8.3-2014q1/bin/../lib/gcc/arm-none-eabi/4.8.3/../../../../arm-none-eabi/lib/armv7-m\libg.a(lib_a-stdio.o)
                0x00087dc0                __sread
 .text.__swrite
                0x00087de4       0x38 c:/programdata/matlab/supportpackages/r2017b/3p.instrset/arduinoide.instrset/idepkgs/packages/arduino/tools/arm-none-eabi-gcc/4.8.3-2014q1/bin/../lib/gcc/arm-none-eabi/4.8.3/../../../../arm-none-eabi/lib/armv7-m\libg.a(lib_a-stdio.o)
                0x00087de4                __swrite
 .text.__sseek  0x00087e1c       0x20 c:/programdata/matlab/supportpackages/r2017b/3p.instrset/arduinoide.instrset/idepkgs/packages/arduino/tools/arm-none-eabi-gcc/4.8.3-2014q1/bin/../lib/gcc/arm-none-eabi/4.8.3/../../../../arm-none-eabi/lib/armv7-m\libg.a(lib_a-stdio.o)
                0x00087e1c                __sseek
 .text.__sclose
                0x00087e3c        0x8 c:/programdata/matlab/supportpackages/r2017b/3p.instrset/arduinoide.instrset/idepkgs/packages/arduino/tools/arm-none-eabi-gcc/4.8.3-2014q1/bin/../lib/gcc/arm-none-eabi/4.8.3/../../../../arm-none-eabi/lib/armv7-m\libg.a(lib_a-stdio.o)
                0x00087e3c                __sclose
 .text.__swbuf_r
                0x00087e44       0xa8 c:/programdata/matlab/supportpackages/r2017b/3p.instrset/arduinoide.instrset/idepkgs/packages/arduino/tools/arm-none-eabi-gcc/4.8.3-2014q1/bin/../lib/gcc/arm-none-eabi/4.8.3/../../../../arm-none-eabi/lib/armv7-m\libg.a(lib_a-wbuf.o)
                0x00087e44                __swbuf_r
 .text._wcrtomb_r
                0x00087eec       0x50 c:/programdata/matlab/supportpackages/r2017b/3p.instrset/arduinoide.instrset/idepkgs/packages/arduino/tools/arm-none-eabi-gcc/4.8.3-2014q1/bin/../lib/gcc/arm-none-eabi/4.8.3/../../../../arm-none-eabi/lib/armv7-m\libg.a(lib_a-wcrtomb.o)
                0x00087eec                _wcrtomb_r
 .text.__ascii_wctomb
                0x00087f3c       0x1c c:/programdata/matlab/supportpackages/r2017b/3p.instrset/arduinoide.instrset/idepkgs/packages/arduino/tools/arm-none-eabi-gcc/4.8.3-2014q1/bin/../lib/gcc/arm-none-eabi/4.8.3/../../../../arm-none-eabi/lib/armv7-m\libg.a(lib_a-wctomb_r.o)
                0x00087f3c                __ascii_wctomb
 .text._write_r
                0x00087f58       0x28 c:/programdata/matlab/supportpackages/r2017b/3p.instrset/arduinoide.instrset/idepkgs/packages/arduino/tools/arm-none-eabi-gcc/4.8.3-2014q1/bin/../lib/gcc/arm-none-eabi/4.8.3/../../../../arm-none-eabi/lib/armv7-m\libg.a(lib_a-writer.o)
                0x00087f58                _write_r
 .text._close_r
                0x00087f80       0x24 c:/programdata/matlab/supportpackages/r2017b/3p.instrset/arduinoide.instrset/idepkgs/packages/arduino/tools/arm-none-eabi-gcc/4.8.3-2014q1/bin/../lib/gcc/arm-none-eabi/4.8.3/../../../../arm-none-eabi/lib/armv7-m\libg.a(lib_a-closer.o)
                0x00087f80                _close_r
 .text._fclose_r
                0x00087fa4       0x80 c:/programdata/matlab/supportpackages/r2017b/3p.instrset/arduinoide.instrset/idepkgs/packages/arduino/tools/arm-none-eabi-gcc/4.8.3-2014q1/bin/../lib/gcc/arm-none-eabi/4.8.3/../../../../arm-none-eabi/lib/armv7-m\libg.a(lib_a-fclose.o)
                0x00087fa4                _fclose_r
 .text.fclose   0x00088024       0x10 c:/programdata/matlab/supportpackages/r2017b/3p.instrset/arduinoide.instrset/idepkgs/packages/arduino/tools/arm-none-eabi-gcc/4.8.3-2014q1/bin/../lib/gcc/arm-none-eabi/4.8.3/../../../../arm-none-eabi/lib/armv7-m\libg.a(lib_a-fclose.o)
                0x00088024                fclose
 .text._fstat_r
                0x00088034       0x28 c:/programdata/matlab/supportpackages/r2017b/3p.instrset/arduinoide.instrset/idepkgs/packages/arduino/tools/arm-none-eabi-gcc/4.8.3-2014q1/bin/../lib/gcc/arm-none-eabi/4.8.3/../../../../arm-none-eabi/lib/armv7-m\libg.a(lib_a-fstatr.o)
                0x00088034                _fstat_r
 .text._isatty_r
                0x0008805c       0x24 c:/programdata/matlab/supportpackages/r2017b/3p.instrset/arduinoide.instrset/idepkgs/packages/arduino/tools/arm-none-eabi-gcc/4.8.3-2014q1/bin/../lib/gcc/arm-none-eabi/4.8.3/../../../../arm-none-eabi/lib/armv7-m\libg.a(lib_a-isattyr.o)
                0x0008805c                _isatty_r
 .text._lseek_r
                0x00088080       0x28 c:/programdata/matlab/supportpackages/r2017b/3p.instrset/arduinoide.instrset/idepkgs/packages/arduino/tools/arm-none-eabi-gcc/4.8.3-2014q1/bin/../lib/gcc/arm-none-eabi/4.8.3/../../../../arm-none-eabi/lib/armv7-m\libg.a(lib_a-lseekr.o)
                0x00088080                _lseek_r
 .text._read_r  0x000880a8       0x28 c:/programdata/matlab/supportpackages/r2017b/3p.instrset/arduinoide.instrset/idepkgs/packages/arduino/tools/arm-none-eabi-gcc/4.8.3-2014q1/bin/../lib/gcc/arm-none-eabi/4.8.3/../../../../arm-none-eabi/lib/armv7-m\libg.a(lib_a-readr.o)
                0x000880a8                _read_r
 .text          0x000880d0       0x2c c:/programdata/matlab/supportpackages/r2017b/3p.instrset/arduinoide.instrset/idepkgs/packages/arduino/tools/arm-none-eabi-gcc/4.8.3-2014q1/bin/../lib/gcc/arm-none-eabi/4.8.3/armv7-m\libgcc.a(_aeabi_uldivmod.o)
                0x000880d0                __aeabi_uldivmod
 .text          0x000880fc       0x60 c:/programdata/matlab/supportpackages/r2017b/3p.instrset/arduinoide.instrset/idepkgs/packages/arduino/tools/arm-none-eabi-gcc/4.8.3-2014q1/bin/../lib/gcc/arm-none-eabi/4.8.3/armv7-m\libgcc.a(bpabi.o)
                0x000880fc                __gnu_ldivmod_helper
                0x0008812c                __gnu_uldivmod_helper
 .text          0x0008815c        0x4 c:/programdata/matlab/supportpackages/r2017b/3p.instrset/arduinoide.instrset/idepkgs/packages/arduino/tools/arm-none-eabi-gcc/4.8.3-2014q1/bin/../lib/gcc/arm-none-eabi/4.8.3/armv7-m\libgcc.a(_dvmd_tls.o)
                0x0008815c                __aeabi_idiv0
                0x0008815c                __aeabi_ldiv0
 .text          0x00088160      0x2a0 c:/programdata/matlab/supportpackages/r2017b/3p.instrset/arduinoide.instrset/idepkgs/packages/arduino/tools/arm-none-eabi-gcc/4.8.3-2014q1/bin/../lib/gcc/arm-none-eabi/4.8.3/armv7-m\libgcc.a(_divdi3.o)
                0x00088160                __divdi3
 .text          0x00088400      0x290 c:/programdata/matlab/supportpackages/r2017b/3p.instrset/arduinoide.instrset/idepkgs/packages/arduino/tools/arm-none-eabi-gcc/4.8.3-2014q1/bin/../lib/gcc/arm-none-eabi/4.8.3/armv7-m\libgcc.a(_udivdi3.o)
                0x00088400                __udivdi3
 *(.glue_7t)
 .glue_7t       0x00000000        0x0 linker stubs
 *(.glue_7)
 .glue_7        0x00000000        0x0 linker stubs
 *(.rodata .rodata* .gnu.linkonce.r.*)
 .rodata.str1.1
                0x00088690       0x34 MW_WiFiUDP.o
                                 0x39 (size before relaxing)
 .rodata.rtAlwaysEnabled.9709
                0x000886c4        0x1 arduinomega2560_wifiudpreceive.o
 .rodata.str1.1
                0x000886c5       0xa0 arduinomega2560_wifiudpreceive.o
                                 0xb7 (size before relaxing)
 *fill*         0x00088765        0x3 
 .rodata.arduinomega2560_wifiudprecei_M
                0x00088768        0x4 arduinomega2560_wifiudpreceive.o
                0x00088768                arduinomega2560_wifiudprecei_M
 .rodata.str1.1
                0x0008876c       0x19 syscalls_sam3.o
 *fill*         0x00088785        0x3 
 .rodata._ZTV9IPAddress
                0x00088788       0x10 IPAddress.o
                0x00088788                vtable for IPAddress
 .rodata.str1.1
                0x00088798        0xf Print.o
 *fill*         0x000887a7        0x1 
 .rodata._ZTV9UARTClass
                0x000887a8       0x30 UARTClass.o
                0x000887a8                vtable for UARTClass
 .rodata._ZTV10USARTClass
                0x000887d8       0x30 USARTClass.o
                0x000887d8                vtable for USARTClass
 .rodata._ZTV7Serial_
                0x00088808       0x28 CDC.o
                0x00088808                vtable for Serial_
 .rodata._ZL18_cdcOtherInterface
                0x00088830       0x42 CDC.o
 .rodata._ZL13_cdcInterface
                0x00088872       0x42 CDC.o
 .rodata.STRING_PRODUCT
                0x000888b4        0xc USBCore.o
                0x000888b4                STRING_PRODUCT
 .rodata.USB_DeviceDescriptor
                0x000888c0       0x12 USBCore.o
                0x000888c0                USB_DeviceDescriptor
 .rodata.STRING_LANGUAGE
                0x000888d2        0x4 USBCore.o
                0x000888d2                STRING_LANGUAGE
 .rodata._ZL18test_packet_buffer
                0x000888d6       0x35 USBCore.o
 .rodata.STRING_MANUFACTURER
                0x0008890b        0x8 USBCore.o
                0x0008890b                STRING_MANUFACTURER
 .rodata.USB_DeviceDescriptorA
                0x00088913       0x12 USBCore.o
                0x00088913                USB_DeviceDescriptorA
 .rodata._ZL19USB_DeviceQualifier
                0x00088925        0x9 USBCore.o
 *fill*         0x0008892e        0x2 
 .rodata.g_APinDescription
                0x00088930      0xa2c variant.o
                0x00088930                g_APinDescription
 .rodata.str1.1
                0x0008935c        0xf rtiostream_interface.o
 .rodata.str1.1
                0x0008936b       0x3b ext_svr_daemon.o
 .rodata.crc8_table_j1850
                0x000893a6      0x100 daemon_checksum.o
                0x000893a6                crc8_table_j1850
 .rodata._ZN2ATL17ESP8266_WIFI_MODEE
                0x000894a6        0x8 ESP8266.o
 .rodata._ZN2ATL12ESP8266_TESTE
                0x000894ae        0x1 ESP8266.o
 .rodata._ZN2ATL20ESP8266_GET_LOCAL_IPE
                0x000894af        0x7 ESP8266.o
 .rodata._ZN2ATL19ESP8266_TCP_CONNECTE
                0x000894b6        0xa ESP8266.o
 .rodata.str1.1
                0x000894c0       0x85 ESP8266.o
                                 0x93 (size before relaxing)
 .rodata._ZN2ATL20ESP8266_TCP_MULTIPLEE
                0x00089545        0x8 ESP8266.o
 .rodata._ZN2ATL21ESP8266_SERVER_CONFIGE
                0x0008954d        0xb ESP8266.o
 .rodata._ZN2ATL13ESP8266_RESETE
                0x00089558        0x5 ESP8266.o
 .rodata._ZN2ATL18ESP8266_CONNECT_APE
                0x0008955d        0x7 ESP8266.o
 .rodata.__func__.6792
                0x00089564        0xd C:/ProgramData/MATLAB/SupportPackages/R2017b/3P.instrset/arduinoide.instrset/idepkgs/packages/arduino/hardware/sam/1.6.11/variants/arduino_due_x/libsam_sam3x8e_gcc_rel.a(tc.o)
 .rodata.str1.1
                0x00089571       0x54 C:/ProgramData/MATLAB/SupportPackages/R2017b/3P.instrset/arduinoide.instrset/idepkgs/packages/arduino/hardware/sam/1.6.11/variants/arduino_due_x/libsam_sam3x8e_gcc_rel.a(tc.o)
 .rodata.__func__.6798
                0x000895c5        0x9 C:/ProgramData/MATLAB/SupportPackages/R2017b/3P.instrset/arduinoide.instrset/idepkgs/packages/arduino/hardware/sam/1.6.11/variants/arduino_due_x/libsam_sam3x8e_gcc_rel.a(tc.o)
 *fill*         0x000895ce        0x2 
 .rodata        0x000895d0       0x40 C:/ProgramData/MATLAB/SupportPackages/R2017b/3P.instrset/arduinoide.instrset/idepkgs/packages/arduino/hardware/sam/1.6.11/variants/arduino_due_x/libsam_sam3x8e_gcc_rel.a(adc.o)
 .rodata.str1.4
                0x00089610       0x3f c:/programdata/matlab/supportpackages/r2017b/3p.instrset/arduinoide.instrset/idepkgs/packages/arduino/tools/arm-none-eabi-gcc/4.8.3-2014q1/bin/../lib/gcc/arm-none-eabi/4.8.3/../../../../arm-none-eabi/lib/armv7-m\libg.a(lib_a-assert.o)
                                 0x44 (size before relaxing)
 *fill*         0x0008964f        0x1 
 .rodata.str1.4
                0x00089650        0x2 c:/programdata/matlab/supportpackages/r2017b/3p.instrset/arduinoide.instrset/idepkgs/packages/arduino/tools/arm-none-eabi-gcc/4.8.3-2014q1/bin/../lib/gcc/arm-none-eabi/4.8.3/../../../../arm-none-eabi/lib/armv7-m\libg.a(lib_a-impure.o)
                                  0x4 (size before relaxing)
 *fill*         0x00089652        0x2 
 .rodata._global_impure_ptr
                0x00089654        0x4 c:/programdata/matlab/supportpackages/r2017b/3p.instrset/arduinoide.instrset/idepkgs/packages/arduino/tools/arm-none-eabi-gcc/4.8.3-2014q1/bin/../lib/gcc/arm-none-eabi/4.8.3/../../../../arm-none-eabi/lib/armv7-m\libg.a(lib_a-impure.o)
                0x00089654                _global_impure_ptr
 .rodata.blanks.6717
                0x00089658       0x10 c:/programdata/matlab/supportpackages/r2017b/3p.instrset/arduinoide.instrset/idepkgs/packages/arduino/tools/arm-none-eabi-gcc/4.8.3-2014q1/bin/../lib/gcc/arm-none-eabi/4.8.3/../../../../arm-none-eabi/lib/armv7-m\libg.a(lib_a-vfiprintf.o)
 .rodata.str1.4
                0x00089668       0x30 c:/programdata/matlab/supportpackages/r2017b/3p.instrset/arduinoide.instrset/idepkgs/packages/arduino/tools/arm-none-eabi-gcc/4.8.3-2014q1/bin/../lib/gcc/arm-none-eabi/4.8.3/../../../../arm-none-eabi/lib/armv7-m\libg.a(lib_a-vfiprintf.o)
 .rodata.zeroes.6718
                0x00089698       0x10 c:/programdata/matlab/supportpackages/r2017b/3p.instrset/arduinoide.instrset/idepkgs/packages/arduino/tools/arm-none-eabi-gcc/4.8.3-2014q1/bin/../lib/gcc/arm-none-eabi/4.8.3/../../../../arm-none-eabi/lib/armv7-m\libg.a(lib_a-vfiprintf.o)
 .rodata._ctype_
                0x000896a8      0x104 c:/programdata/matlab/supportpackages/r2017b/3p.instrset/arduinoide.instrset/idepkgs/packages/arduino/tools/arm-none-eabi-gcc/4.8.3-2014q1/bin/../lib/gcc/arm-none-eabi/4.8.3/../../../../arm-none-eabi/lib/armv7-m\libg.a(lib_a-ctype_.o)
                0x000896a8                _ctype_
 *(.ARM.extab* .gnu.linkonce.armextab.*)
                0x000897ac                . = ALIGN (0x4)
 *(.init)
 .init          0x000897ac        0x4 c:/programdata/matlab/supportpackages/r2017b/3p.instrset/arduinoide.instrset/idepkgs/packages/arduino/tools/arm-none-eabi-gcc/4.8.3-2014q1/bin/../lib/gcc/arm-none-eabi/4.8.3/armv7-m/crti.o
                0x000897ac                _init
 .init          0x000897b0        0x8 c:/programdata/matlab/supportpackages/r2017b/3p.instrset/arduinoide.instrset/idepkgs/packages/arduino/tools/arm-none-eabi-gcc/4.8.3-2014q1/bin/../lib/gcc/arm-none-eabi/4.8.3/armv7-m/crtn.o
                0x000897b8                . = ALIGN (0x4)
                0x000897b8                __preinit_array_start = .
 *(.preinit_array)
                0x000897b8                __preinit_array_end = .
                0x000897b8                . = ALIGN (0x4)
                0x000897b8                __init_array_start = .
 *(SORT(.init_array.*))
 .init_array.00000
                0x000897b8        0x4 c:/programdata/matlab/supportpackages/r2017b/3p.instrset/arduinoide.instrset/idepkgs/packages/arduino/tools/arm-none-eabi-gcc/4.8.3-2014q1/bin/../lib/gcc/arm-none-eabi/4.8.3/../../../../arm-none-eabi/lib/armv7-m\libg.a(lib_a-__call_atexit.o)
 *(.init_array)
 .init_array    0x000897bc        0x4 c:/programdata/matlab/supportpackages/r2017b/3p.instrset/arduinoide.instrset/idepkgs/packages/arduino/tools/arm-none-eabi-gcc/4.8.3-2014q1/bin/../lib/gcc/arm-none-eabi/4.8.3/armv7-m/crtbegin.o
 .init_array    0x000897c0        0x4 MW_WiFiUDP.o
 .init_array    0x000897c4        0x4 IPAddress.o
 .init_array    0x000897c8        0x4 CDC.o
 .init_array    0x000897cc        0x4 USBCore.o
 .init_array    0x000897d0        0x4 variant.o
 .init_array    0x000897d4        0x4 ESP8266.o
 .init_array    0x000897d8        0x4 SPI.o
 .init_array    0x000897dc        0x4 WiFi.o
 .init_array    0x000897e0        0x4 WiFiClient.o
 .init_array    0x000897e4        0x4 WiFiServer.o
 .init_array    0x000897e8        0x4 WiFiUdp.o
 .init_array    0x000897ec        0x4 wifi_drv.o
                0x000897f0                __init_array_end = .
                0x000897f0                . = ALIGN (0x4)
 *crtbegin.o(.ctors)
 *(EXCLUDE_FILE(*crtend.o) .ctors)
 *(SORT(.ctors.*))
 *crtend.o(.ctors)
                0x000897f0                . = ALIGN (0x4)
 *(.fini)
 .fini          0x000897f0        0x4 c:/programdata/matlab/supportpackages/r2017b/3p.instrset/arduinoide.instrset/idepkgs/packages/arduino/tools/arm-none-eabi-gcc/4.8.3-2014q1/bin/../lib/gcc/arm-none-eabi/4.8.3/armv7-m/crti.o
                0x000897f0                _fini
 .fini          0x000897f4        0x8 c:/programdata/matlab/supportpackages/r2017b/3p.instrset/arduinoide.instrset/idepkgs/packages/arduino/tools/arm-none-eabi-gcc/4.8.3-2014q1/bin/../lib/gcc/arm-none-eabi/4.8.3/armv7-m/crtn.o
                0x000897fc                . = ALIGN (0x4)
                0x000897fc                __fini_array_start = .
 *(.fini_array)
 .fini_array    0x000897fc        0x4 c:/programdata/matlab/supportpackages/r2017b/3p.instrset/arduinoide.instrset/idepkgs/packages/arduino/tools/arm-none-eabi-gcc/4.8.3-2014q1/bin/../lib/gcc/arm-none-eabi/4.8.3/armv7-m/crtbegin.o
 *(SORT(.fini_array.*))
                0x00089800                __fini_array_end = .
 *crtbegin.o(.dtors)
 *(EXCLUDE_FILE(*crtend.o) .dtors)
 *(SORT(.dtors.*))
 *crtend.o(.dtors)
                0x00089800                . = ALIGN (0x4)
                0x00089800                _efixed = .
                0x00089800                PROVIDE (__exidx_start, .)

.vfp11_veneer   0x00089800        0x0
 .vfp11_veneer  0x00000000        0x0 linker stubs

.v4_bx          0x00089800        0x0
 .v4_bx         0x00000000        0x0 linker stubs

.iplt           0x00089800        0x0
 .iplt          0x00000000        0x0 c:/programdata/matlab/supportpackages/r2017b/3p.instrset/arduinoide.instrset/idepkgs/packages/arduino/tools/arm-none-eabi-gcc/4.8.3-2014q1/bin/../lib/gcc/arm-none-eabi/4.8.3/armv7-m/crtbegin.o

.ARM.exidx      0x00089800        0x8
 *(.ARM.exidx* .gnu.linkonce.armexidx.*)
 .ARM.exidx     0x00089800        0x8 c:/programdata/matlab/supportpackages/r2017b/3p.instrset/arduinoide.instrset/idepkgs/packages/arduino/tools/arm-none-eabi-gcc/4.8.3-2014q1/bin/../lib/gcc/arm-none-eabi/4.8.3/armv7-m\libgcc.a(_divdi3.o)
 .ARM.exidx     0x00089808        0x0 c:/programdata/matlab/supportpackages/r2017b/3p.instrset/arduinoide.instrset/idepkgs/packages/arduino/tools/arm-none-eabi-gcc/4.8.3-2014q1/bin/../lib/gcc/arm-none-eabi/4.8.3/armv7-m\libgcc.a(_udivdi3.o)
                                  0x8 (size before relaxing)
                0x00089808                PROVIDE (__exidx_end, .)

.eh_frame       0x00089808        0x0
 .eh_frame      0x00089808        0x0 c:/programdata/matlab/supportpackages/r2017b/3p.instrset/arduinoide.instrset/idepkgs/packages/arduino/tools/arm-none-eabi-gcc/4.8.3-2014q1/bin/../lib/gcc/arm-none-eabi/4.8.3/armv7-m/crtbegin.o

.rel.dyn        0x00089808        0x0
 .rel.iplt      0x00000000        0x0 c:/programdata/matlab/supportpackages/r2017b/3p.instrset/arduinoide.instrset/idepkgs/packages/arduino/tools/arm-none-eabi-gcc/4.8.3-2014q1/bin/../lib/gcc/arm-none-eabi/4.8.3/armv7-m/crtbegin.o

.jcr            0x00089808        0x0
 .jcr           0x00089808        0x0 c:/programdata/matlab/supportpackages/r2017b/3p.instrset/arduinoide.instrset/idepkgs/packages/arduino/tools/arm-none-eabi-gcc/4.8.3-2014q1/bin/../lib/gcc/arm-none-eabi/4.8.3/armv7-m/crtbegin.o

.igot.plt       0x00089808        0x0
 .igot.plt      0x00000000        0x0 c:/programdata/matlab/supportpackages/r2017b/3p.instrset/arduinoide.instrset/idepkgs/packages/arduino/tools/arm-none-eabi-gcc/4.8.3-2014q1/bin/../lib/gcc/arm-none-eabi/4.8.3/armv7-m/crtbegin.o
                0x00089808                . = ALIGN (0x4)
                0x00089808                _etext = .

.relocate       0x20070000      0x9a0 load address 0x00089808
                0x20070000                . = ALIGN (0x4)
                0x20070000                _srelocate = .
 *(.ramfunc .ramfunc.*)
 .ramfunc       0x20070000       0x2c Reset.o
                0x20070000                banzai
 *(.data .data.*)
 .data          0x2007002c        0x4 c:/programdata/matlab/supportpackages/r2017b/3p.instrset/arduinoide.instrset/idepkgs/packages/arduino/tools/arm-none-eabi-gcc/4.8.3-2014q1/bin/../lib/gcc/arm-none-eabi/4.8.3/armv7-m/crtbegin.o
                0x2007002c                __dso_handle
 .data.hardSerialPort
                0x20070030        0x1 MW_WiFiUDP.o
                0x20070030                hardSerialPort
 .data.wpapass  0x20070031        0x8 MW_WiFiUDP.o
                0x20070031                wpapass
 .data.ssid     0x20070039        0x9 MW_WiFiUDP.o
                0x20070039                ssid
 *fill*         0x20070042        0x2 
 .data.rtDataTypeNames
                0x20070044       0x3c arduinomega2560_wifiudpreceive.o
 .data.rtBTransitions
                0x20070080       0x30 arduinomega2560_wifiudpreceive.o